Archive member included to satisfy reference by file (symbol)

/Users/ahmedphone/Documents/MCUXPRESSO_Workspace/lpc_board_nxp_lpcxpresso_1549/Debug/liblpc_board_nxp_lpcxpresso_1549.a(board.o)
                              ./src/Lab_5.o (Board_UARTPutChar)
/Users/ahmedphone/Documents/MCUXPRESSO_Workspace/lpc_board_nxp_lpcxpresso_1549/Debug/liblpc_board_nxp_lpcxpresso_1549.a(board_sysinit.o)
                              ./src/sysinit.o (Board_SystemInit)
/Users/ahmedphone/Documents/MCUXPRESSO_Workspace/lpc_chip_15xx/Debug/liblpc_chip_15xx.a(chip_15xx.o)
                              ./src/Lab_5.o (SystemCoreClockUpdate)
/Users/ahmedphone/Documents/MCUXPRESSO_Workspace/lpc_chip_15xx/Debug/liblpc_chip_15xx.a(clock_15xx.o)
                              /Users/ahmedphone/Documents/MCUXPRESSO_Workspace/lpc_board_nxp_lpcxpresso_1549/Debug/liblpc_board_nxp_lpcxpresso_1549.a(board.o) (Chip_Clock_GetMainClockRate)
/Users/ahmedphone/Documents/MCUXPRESSO_Workspace/lpc_chip_15xx/Debug/liblpc_chip_15xx.a(gpio_15xx.o)
                              /Users/ahmedphone/Documents/MCUXPRESSO_Workspace/lpc_board_nxp_lpcxpresso_1549/Debug/liblpc_board_nxp_lpcxpresso_1549.a(board.o) (Chip_GPIO_Init)
/Users/ahmedphone/Documents/MCUXPRESSO_Workspace/lpc_chip_15xx/Debug/liblpc_chip_15xx.a(iocon_15xx.o)
                              /Users/ahmedphone/Documents/MCUXPRESSO_Workspace/lpc_board_nxp_lpcxpresso_1549/Debug/liblpc_board_nxp_lpcxpresso_1549.a(board_sysinit.o) (Chip_IOCON_SetPinMuxing)
/Users/ahmedphone/Documents/MCUXPRESSO_Workspace/lpc_chip_15xx/Debug/liblpc_chip_15xx.a(swm_15xx.o)
                              /Users/ahmedphone/Documents/MCUXPRESSO_Workspace/lpc_board_nxp_lpcxpresso_1549/Debug/liblpc_board_nxp_lpcxpresso_1549.a(board.o) (Chip_SWM_MovablePinAssign)
/Users/ahmedphone/Documents/MCUXPRESSO_Workspace/lpc_chip_15xx/Debug/liblpc_chip_15xx.a(sysctl_15xx.o)
                              /Users/ahmedphone/Documents/MCUXPRESSO_Workspace/lpc_board_nxp_lpcxpresso_1549/Debug/liblpc_board_nxp_lpcxpresso_1549.a(board_sysinit.o) (Chip_SYSCTL_AssertPeriphReset)
/Users/ahmedphone/Documents/MCUXPRESSO_Workspace/lpc_chip_15xx/Debug/liblpc_chip_15xx.a(sysinit_15xx.o)
                              /Users/ahmedphone/Documents/MCUXPRESSO_Workspace/lpc_board_nxp_lpcxpresso_1549/Debug/liblpc_board_nxp_lpcxpresso_1549.a(board_sysinit.o) (Chip_SetupXtalClocking)
/Users/ahmedphone/Documents/MCUXPRESSO_Workspace/lpc_chip_15xx/Debug/liblpc_chip_15xx.a(uart_15xx.o)
                              /Users/ahmedphone/Documents/MCUXPRESSO_Workspace/lpc_board_nxp_lpcxpresso_1549/Debug/liblpc_board_nxp_lpcxpresso_1549.a(board.o) (Chip_UART_Init)
/Users/ahmedphone/Documents/MCUXPRESSO_Workspace/lpc_chip_15xx/Debug/liblpc_chip_15xx.a(ring_buffer.o)
                              /Users/ahmedphone/Documents/MCUXPRESSO_Workspace/lpc_chip_15xx/Debug/liblpc_chip_15xx.a(uart_15xx.o) (RingBuffer_Insert)
/Applications/MCUXpressoIDE_11.4.1_6260/ide/plugins/com.nxp.mcuxpresso.tools.macosx_11.4.0.202103011116/tools/bin/../lib/gcc/arm-none-eabi/10.2.1/thumb/v7-m/nofp/libgcc.a(_aeabi_uldivmod.o)
                              /Users/ahmedphone/Documents/MCUXPRESSO_Workspace/lpc_chip_15xx/Debug/liblpc_chip_15xx.a(clock_15xx.o) (__aeabi_uldivmod)
/Applications/MCUXpressoIDE_11.4.1_6260/ide/plugins/com.nxp.mcuxpresso.tools.macosx_11.4.0.202103011116/tools/bin/../lib/gcc/arm-none-eabi/10.2.1/thumb/v7-m/nofp/libgcc.a(_udivmoddi4.o)
                              /Applications/MCUXpressoIDE_11.4.1_6260/ide/plugins/com.nxp.mcuxpresso.tools.macosx_11.4.0.202103011116/tools/bin/../lib/gcc/arm-none-eabi/10.2.1/thumb/v7-m/nofp/libgcc.a(_aeabi_uldivmod.o) (__udivmoddi4)
/Applications/MCUXpressoIDE_11.4.1_6260/ide/plugins/com.nxp.mcuxpresso.tools.macosx_11.4.0.202103011116/tools/bin/../lib/gcc/arm-none-eabi/10.2.1/thumb/v7-m/nofp/libgcc.a(_dvmd_tls.o)
                              /Applications/MCUXpressoIDE_11.4.1_6260/ide/plugins/com.nxp.mcuxpresso.tools.macosx_11.4.0.202103011116/tools/bin/../lib/gcc/arm-none-eabi/10.2.1/thumb/v7-m/nofp/libgcc.a(_aeabi_uldivmod.o) (__aeabi_ldiv0)
/Applications/MCUXpressoIDE_11.4.1_6260/ide/plugins/com.nxp.mcuxpresso.tools.macosx_11.4.0.202103011116/tools/bin/../lib/gcc/arm-none-eabi/10.2.1/../../../../arm-none-eabi/lib/thumb/v7-m/nofp/libc_nano.a(lib_a-memcpy-stub.o)
                              /Users/ahmedphone/Documents/MCUXPRESSO_Workspace/lpc_chip_15xx/Debug/liblpc_chip_15xx.a(ring_buffer.o) (memcpy)
/Applications/MCUXpressoIDE_11.4.1_6260/ide/plugins/com.nxp.mcuxpresso.tools.macosx_11.4.0.202103011116/tools/bin/../lib/gcc/arm-none-eabi/10.2.1/../../../../arm-none-eabi/lib/thumb/v7-m/nofp/libc_nano.a(lib_a-strcmp.o)
                              ./src/Lab_5.o (strcmp)

Discarded input sections

 .group         0x0000000000000000        0xc ./src/Lab_5.o
 .group         0x0000000000000000        0xc ./src/Lab_5.o
 .group         0x0000000000000000        0xc ./src/Lab_5.o
 .group         0x0000000000000000        0xc ./src/Lab_5.o
[...]
Memory Configuration

Name             Origin             Length             Attributes
MFlash256        0x0000000000000000 0x0000000000040000 xr
Ram0_16          0x0000000002000000 0x0000000000004000 xrw
Ram1_16          0x0000000002004000 0x0000000000004000 xrw
Ram2_4           0x0000000002008000 0x0000000000001000 xrw
*default*        0x0000000000000000 0xffffffffffffffff

Linker script and memory map

LOAD ./src/Lab_5.o
LOAD ./src/cr_startup_lpc15xx.o
LOAD ./src/crp.o
LOAD ./src/sysinit.o
LOAD /Users/ahmedphone/Documents/MCUXPRESSO_Workspace/lpc_board_nxp_lpcxpresso_1549/Debug/liblpc_board_nxp_lpcxpresso_1549.a
LOAD /Users/ahmedphone/Documents/MCUXPRESSO_Workspace/lpc_chip_15xx/Debug/liblpc_chip_15xx.a
START GROUP
LOAD /Applications/MCUXpressoIDE_11.4.1_6260/ide/plugins/com.nxp.mcuxpresso.tools.macosx_11.4.0.202103011116/tools/bin/../lib/gcc/arm-none-eabi/10.2.1/thumb/v7-m/nofp/libgcc.a
LOAD /Applications/MCUXpressoIDE_11.4.1_6260/ide/plugins/com.nxp.mcuxpresso.tools.macosx_11.4.0.202103011116/tools/bin/../lib/gcc/arm-none-eabi/10.2.1/../../../../arm-none-eabi/lib/thumb/v7-m/nofp/libc_nano.a
LOAD /Applications/MCUXpressoIDE_11.4.1_6260/ide/plugins/com.nxp.mcuxpresso.tools.macosx_11.4.0.202103011116/tools/bin/../lib/gcc/arm-none-eabi/10.2.1/../../../../arm-none-eabi/lib/thumb/v7-m/nofp/libm.a
LOAD /Applications/MCUXpressoIDE_11.4.1_6260/ide/plugins/com.nxp.mcuxpresso.tools.macosx_11.4.0.202103011116/tools/bin/../lib/gcc/arm-none-eabi/10.2.1/../../../../arm-none-eabi/lib/thumb/v7-m/nofp/libcr_newlib_nohost.a
END GROUP
                0x0000000000000000                __base_MFlash256 = 0x0
                0x0000000000000000                __base_Flash = 0x0
                0x0000000000040000                __top_MFlash256 = 0x40000
                0x0000000000040000                __top_Flash = 0x40000
                0x0000000002000000                __base_Ram0_16 = 0x2000000
                0x0000000002000000                __base_RAM = 0x2000000
                0x0000000002004000                __top_Ram0_16 = 0x2004000
                0x0000000002004000                __top_RAM = 0x2004000
                0x0000000002004000                __base_Ram1_16 = 0x2004000
                0x0000000002004000                __base_RAM2 = 0x2004000
                0x0000000002008000                __top_Ram1_16 = 0x2008000
                0x0000000002008000                __top_RAM2 = 0x2008000
                0x0000000002008000                __base_Ram2_4 = 0x2008000
                0x0000000002008000                __base_RAM3 = 0x2008000
                0x0000000002009000                __top_Ram2_4 = 0x2009000
                0x0000000002009000                __top_RAM3 = 0x2009000

.text           0x0000000000000000     0x1598
 FILL mask 0xff
                0x0000000000000000                __vectors_start__ = ABSOLUTE (.)
 *(.isr_vector)
 .isr_vector    0x0000000000000000       0xfc ./src/cr_startup_lpc15xx.o
                0x0000000000000000                g_pfnVectors
                0x00000000000000fc                . = ALIGN (0x4)
                0x00000000000000fc                __section_table_start = .
                0x00000000000000fc                __data_section_table = .
                0x00000000000000fc        0x4 LONG 0x15a0 LOADADDR (.data)
                0x0000000000000100        0x4 LONG 0x2000000 ADDR (.data)
                0x0000000000000104        0x4 LONG 0x0 SIZEOF (.data)
                0x0000000000000108        0x4 LONG 0x15a0 LOADADDR (.data_RAM2)
                0x000000000000010c        0x4 LONG 0x2004000 ADDR (.data_RAM2)
                0x0000000000000110        0x4 LONG 0x0 SIZEOF (.data_RAM2)
                0x0000000000000114        0x4 LONG 0x15a0 LOADADDR (.data_RAM3)
                0x0000000000000118        0x4 LONG 0x2008000 ADDR (.data_RAM3)
                0x000000000000011c        0x4 LONG 0x0 SIZEOF (.data_RAM3)
                0x0000000000000120                __data_section_table_end = .
                0x0000000000000120                __bss_section_table = .
                0x0000000000000120        0x4 LONG 0x2000000 ADDR (.bss)
                0x0000000000000124        0x4 LONG 0x8 SIZEOF (.bss)
                0x0000000000000128        0x4 LONG 0x2004000 ADDR (.bss_RAM2)
                0x000000000000012c        0x4 LONG 0x0 SIZEOF (.bss_RAM2)
                0x0000000000000130        0x4 LONG 0x2008000 ADDR (.bss_RAM3)
                0x0000000000000134        0x4 LONG 0x0 SIZEOF (.bss_RAM3)
                0x0000000000000138                __bss_section_table_end = .
                0x0000000000000138                __section_table_end = .
 *(.after_vectors*)
 .after_vectors
                0x0000000000000138      0x140 ./src/cr_startup_lpc15xx.o
                0x0000000000000138                data_init
                0x000000000000017c                bss_init
                0x00000000000001b4                ResetISR
                0x000000000000023c                NMI_Handler
                0x0000000000000242                HardFault_Handler
                0x0000000000000248                MemManage_Handler
                0x000000000000024e                BusFault_Handler
                0x0000000000000254                UsageFault_Handler
                0x000000000000025a                SVC_Handler
                0x0000000000000260                DebugMon_Handler
                0x0000000000000266                PendSV_Handler
                0x000000000000026c                SysTick_Handler
                0x0000000000000272                IntDefaultHandler
                0x0000000000000272                PIN_INT4_IRQHandler
                0x0000000000000272                CAN_IRQHandler
                0x0000000000000272                RTC_ALARM_IRQHandler
                0x0000000000000272                ADC1B_IRQHandler
                0x0000000000000272                ADC1_OVR_IRQHandler
                0x0000000000000272                USBWakeup_IRQHandler
                0x0000000000000272                UART2_IRQHandler
                0x0000000000000272                PIN_INT5_IRQHandler
                0x0000000000000272                SCT1_IRQHandler
                0x0000000000000272                PIN_INT2_IRQHandler
                0x0000000000000272                USB_FIQHandler
                0x0000000000000272                SCT3_IRQHandler
                0x0000000000000272                PIN_INT7_IRQHandler
                0x0000000000000272                PIN_INT1_IRQHandler
                0x0000000000000272                USB_IRQHandler
                0x0000000000000272                BOD_IRQHandler
                0x0000000000000272                ADC0B_IRQHandler
                0x0000000000000272                ACMP0_IRQHandler
                0x0000000000000272                WDT_IRQHandler
                0x0000000000000272                PIN_INT0_IRQHandler
                0x0000000000000272                QEI_IRQHandler
                0x0000000000000272                ACMP3_IRQHandler
                0x0000000000000272                GINT0_IRQHandler
                0x0000000000000272                DAC_IRQHandler
                0x0000000000000272                SPI0_IRQHandler
                0x0000000000000272                EEPROM_IRQHandler
                0x0000000000000272                ACMP2_IRQHandler
                0x0000000000000272                ADC1A_IRQHandler
                0x0000000000000272                DMA_IRQHandler
                0x0000000000000272                PIN_INT3_IRQHandler
                0x0000000000000272                ACMP1_IRQHandler
                0x0000000000000272                ADC0A_IRQHandler
                0x0000000000000272                FMC_IRQHandler
                0x0000000000000272                GINT1_IRQHandler
                0x0000000000000272                SCT0_IRQHandler
                0x0000000000000272                ADC0_THCMP_IRQHandler
                0x0000000000000272                RIT_IRQHandler
                0x0000000000000272                I2C0_IRQHandler
                0x0000000000000272                ADC0_OVR_IRQHandler
                0x0000000000000272                ADC1_THCMP_IRQHandler
                0x0000000000000272                SCT2_IRQHandler
                0x0000000000000272                MRT_IRQHandler
                0x0000000000000272                UART1_IRQHandler
                0x0000000000000272                RTC_WAKE_IRQHandler
                0x0000000000000272                UART0_IRQHandler
                0x0000000000000272                SPI1_IRQHandler
                0x0000000000000272                PIN_INT6_IRQHandler
 *(.text*)
 .text.prt      0x0000000000000278       0x38 ./src/Lab_5.o
                0x0000000000000278                prt
 .text.main     0x00000000000002b0       0xd4 ./src/Lab_5.o
                0x00000000000002b0                main
 .text.SystemInit
                0x0000000000000384        0xc ./src/sysinit.o
                0x0000000000000384                SystemInit
 .text.Chip_IOCON_PinMuxSet
                0x0000000000000390       0x2c /Users/ahmedphone/Documents/MCUXPRESSO_Workspace/lpc_board_nxp_lpcxpresso_1549/Debug/liblpc_board_nxp_lpcxpresso_1549.a(board.o)
 .text.Chip_SWM_MovablePortPinAssign
                0x00000000000003bc       0x30 /Users/ahmedphone/Documents/MCUXPRESSO_Workspace/lpc_board_nxp_lpcxpresso_1549/Debug/liblpc_board_nxp_lpcxpresso_1549.a(board.o)
 .text.Chip_GPIO_SetPinState
                0x00000000000003ec       0x36 /Users/ahmedphone/Documents/MCUXPRESSO_Workspace/lpc_board_nxp_lpcxpresso_1549/Debug/liblpc_board_nxp_lpcxpresso_1549.a(board.o)
 .text.Chip_GPIO_SetPinDIROutput
                0x0000000000000422       0x3c /Users/ahmedphone/Documents/MCUXPRESSO_Workspace/lpc_board_nxp_lpcxpresso_1549/Debug/liblpc_board_nxp_lpcxpresso_1549.a(board.o)
 .text.Chip_UART_Enable
                0x000000000000045e       0x1e /Users/ahmedphone/Documents/MCUXPRESSO_Workspace/lpc_board_nxp_lpcxpresso_1549/Debug/liblpc_board_nxp_lpcxpresso_1549.a(board.o)
 .text.Chip_UART_TXEnable
                0x000000000000047c       0x1e /Users/ahmedphone/Documents/MCUXPRESSO_Workspace/lpc_board_nxp_lpcxpresso_1549/Debug/liblpc_board_nxp_lpcxpresso_1549.a(board.o)
 .text.Chip_UART_ConfigData
                0x000000000000049a       0x28 /Users/ahmedphone/Documents/MCUXPRESSO_Workspace/lpc_board_nxp_lpcxpresso_1549/Debug/liblpc_board_nxp_lpcxpresso_1549.a(board.o)
 *fill*         0x00000000000004c2        0x2 ff
 .text.Board_UARTPutChar
                0x00000000000004c4       0x24 /Users/ahmedphone/Documents/MCUXPRESSO_Workspace/lpc_board_nxp_lpcxpresso_1549/Debug/liblpc_board_nxp_lpcxpresso_1549.a(board.o)
                0x00000000000004c4                Board_UARTPutChar
 .text.Board_UARTPutSTR
                0x00000000000004e8       0x2a /Users/ahmedphone/Documents/MCUXPRESSO_Workspace/lpc_board_nxp_lpcxpresso_1549/Debug/liblpc_board_nxp_lpcxpresso_1549.a(board.o)
                0x00000000000004e8                Board_UARTPutSTR
 *fill*         0x0000000000000512        0x2 ff
 .text.Board_Debug_Init
                0x0000000000000514       0x70 /Users/ahmedphone/Documents/MCUXPRESSO_Workspace/lpc_board_nxp_lpcxpresso_1549/Debug/liblpc_board_nxp_lpcxpresso_1549.a(board.o)
                0x0000000000000514                Board_Debug_Init
 .text.Board_LED_Init
                0x0000000000000584       0x60 /Users/ahmedphone/Documents/MCUXPRESSO_Workspace/lpc_board_nxp_lpcxpresso_1549/Debug/liblpc_board_nxp_lpcxpresso_1549.a(board.o)
 .text.Board_LED_Set
                0x00000000000005e4       0x54 /Users/ahmedphone/Documents/MCUXPRESSO_Workspace/lpc_board_nxp_lpcxpresso_1549/Debug/liblpc_board_nxp_lpcxpresso_1549.a(board.o)
                0x00000000000005e4                Board_LED_Set
 .text.Board_Init
                0x0000000000000638       0x18 /Users/ahmedphone/Documents/MCUXPRESSO_Workspace/lpc_board_nxp_lpcxpresso_1549/Debug/liblpc_board_nxp_lpcxpresso_1549.a(board.o)
                0x0000000000000638                Board_Init
 .text.Chip_SYSCTL_PeriphReset
                0x0000000000000650       0x22 /Users/ahmedphone/Documents/MCUXPRESSO_Workspace/lpc_board_nxp_lpcxpresso_1549/Debug/liblpc_board_nxp_lpcxpresso_1549.a(board_sysinit.o)
 *fill*         0x0000000000000672        0x2 ff
 .text.Chip_Clock_SetUSBPLLSource
                0x0000000000000674       0x20 /Users/ahmedphone/Documents/MCUXPRESSO_Workspace/lpc_board_nxp_lpcxpresso_1549/Debug/liblpc_board_nxp_lpcxpresso_1549.a(board_sysinit.o)
 .text.Chip_Clock_SetupUSBPLL
                0x0000000000000694       0x34 /Users/ahmedphone/Documents/MCUXPRESSO_Workspace/lpc_board_nxp_lpcxpresso_1549/Debug/liblpc_board_nxp_lpcxpresso_1549.a(board_sysinit.o)
 .text.Chip_Clock_IsUSBPLLLocked
                0x00000000000006c8       0x24 /Users/ahmedphone/Documents/MCUXPRESSO_Workspace/lpc_board_nxp_lpcxpresso_1549/Debug/liblpc_board_nxp_lpcxpresso_1549.a(board_sysinit.o)
 .text.Chip_Clock_SetSysTickClockDiv
                0x00000000000006ec       0x20 /Users/ahmedphone/Documents/MCUXPRESSO_Workspace/lpc_board_nxp_lpcxpresso_1549/Debug/liblpc_board_nxp_lpcxpresso_1549.a(board_sysinit.o)
 .text.Chip_SWM_MovablePortPinAssign
                0x000000000000070c       0x30 /Users/ahmedphone/Documents/MCUXPRESSO_Workspace/lpc_board_nxp_lpcxpresso_1549/Debug/liblpc_board_nxp_lpcxpresso_1549.a(board_sysinit.o)
 .text.Board_SetupMuxing
                0x000000000000073c       0x84 /Users/ahmedphone/Documents/MCUXPRESSO_Workspace/lpc_board_nxp_lpcxpresso_1549/Debug/liblpc_board_nxp_lpcxpresso_1549.a(board_sysinit.o)
                0x000000000000073c                Board_SetupMuxing
 .text.Board_SetupClocking
                0x00000000000007c0       0x3a /Users/ahmedphone/Documents/MCUXPRESSO_Workspace/lpc_board_nxp_lpcxpresso_1549/Debug/liblpc_board_nxp_lpcxpresso_1549.a(board_sysinit.o)
                0x00000000000007c0                Board_SetupClocking
 *fill*         0x00000000000007fa        0x2 ff
 .text.Board_SystemInit
                0x00000000000007fc       0x1c /Users/ahmedphone/Documents/MCUXPRESSO_Workspace/lpc_board_nxp_lpcxpresso_1549/Debug/liblpc_board_nxp_lpcxpresso_1549.a(board_sysinit.o)
                0x00000000000007fc                Board_SystemInit
 .text.SystemCoreClockUpdate
                0x0000000000000818       0x18 /Users/ahmedphone/Documents/MCUXPRESSO_Workspace/lpc_chip_15xx/Debug/liblpc_chip_15xx.a(chip_15xx.o)
                0x0000000000000818                SystemCoreClockUpdate
 .text.Chip_Clock_SetMain_A_ClockSource
                0x0000000000000830       0x20 /Users/ahmedphone/Documents/MCUXPRESSO_Workspace/lpc_chip_15xx/Debug/liblpc_chip_15xx.a(clock_15xx.o)
 .text.Chip_Clock_GetMain_A_ClockSource
                0x0000000000000850       0x18 /Users/ahmedphone/Documents/MCUXPRESSO_Workspace/lpc_chip_15xx/Debug/liblpc_chip_15xx.a(clock_15xx.o)
 .text.Chip_Clock_SetMain_B_ClockSource
                0x0000000000000868       0x20 /Users/ahmedphone/Documents/MCUXPRESSO_Workspace/lpc_chip_15xx/Debug/liblpc_chip_15xx.a(clock_15xx.o)
 .text.Chip_Clock_GetMain_B_ClockSource
                0x0000000000000888       0x18 /Users/ahmedphone/Documents/MCUXPRESSO_Workspace/lpc_chip_15xx/Debug/liblpc_chip_15xx.a(clock_15xx.o)
 .text.Chip_Clock_SetUARTFRGDivider
                0x00000000000008a0       0x20 /Users/ahmedphone/Documents/MCUXPRESSO_Workspace/lpc_chip_15xx/Debug/liblpc_chip_15xx.a(clock_15xx.o)
 .text.Chip_Clock_GetUARTFRGDivider
                0x00000000000008c0       0x18 /Users/ahmedphone/Documents/MCUXPRESSO_Workspace/lpc_chip_15xx/Debug/liblpc_chip_15xx.a(clock_15xx.o)
 .text.Chip_Clock_GetMainOscRate
                0x00000000000008d8       0x14 /Users/ahmedphone/Documents/MCUXPRESSO_Workspace/lpc_chip_15xx/Debug/liblpc_chip_15xx.a(clock_15xx.o)
 .text.Chip_Clock_GetIntOscRate
                0x00000000000008ec       0x14 /Users/ahmedphone/Documents/MCUXPRESSO_Workspace/lpc_chip_15xx/Debug/liblpc_chip_15xx.a(clock_15xx.o)
 .text.Chip_Clock_GetRTCOscRate
                0x0000000000000900       0x14 /Users/ahmedphone/Documents/MCUXPRESSO_Workspace/lpc_chip_15xx/Debug/liblpc_chip_15xx.a(clock_15xx.o)
 .text.Chip_Clock_GetWDTOSCRate
                0x0000000000000914       0x14 /Users/ahmedphone/Documents/MCUXPRESSO_Workspace/lpc_chip_15xx/Debug/liblpc_chip_15xx.a(clock_15xx.o)
 .text.Chip_Clock_GetPLLFreq
                0x0000000000000928       0x26 /Users/ahmedphone/Documents/MCUXPRESSO_Workspace/lpc_chip_15xx/Debug/liblpc_chip_15xx.a(clock_15xx.o)
 .text.Chip_Clock_GetPLLInClockRate
                0x000000000000094e       0x38 /Users/ahmedphone/Documents/MCUXPRESSO_Workspace/lpc_chip_15xx/Debug/liblpc_chip_15xx.a(clock_15xx.o)
 *fill*         0x0000000000000986        0x2 ff
 .text.Chip_Clock_GetSystemPLLInClockRate
                0x0000000000000988       0x1c /Users/ahmedphone/Documents/MCUXPRESSO_Workspace/lpc_chip_15xx/Debug/liblpc_chip_15xx.a(clock_15xx.o)
                0x0000000000000988                Chip_Clock_GetSystemPLLInClockRate
 .text.Chip_Clock_GetSystemPLLOutClockRate
                0x00000000000009a4       0x24 /Users/ahmedphone/Documents/MCUXPRESSO_Workspace/lpc_chip_15xx/Debug/liblpc_chip_15xx.a(clock_15xx.o)
                0x00000000000009a4                Chip_Clock_GetSystemPLLOutClockRate
 .text.Chip_Clock_GetMain_A_ClockRate
                0x00000000000009c8       0x4a /Users/ahmedphone/Documents/MCUXPRESSO_Workspace/lpc_chip_15xx/Debug/liblpc_chip_15xx.a(clock_15xx.o)
                0x00000000000009c8                Chip_Clock_GetMain_A_ClockRate
 *fill*         0x0000000000000a12        0x2 ff
 .text.Chip_Clock_GetMain_B_ClockRate
                0x0000000000000a14       0x58 /Users/ahmedphone/Documents/MCUXPRESSO_Workspace/lpc_chip_15xx/Debug/liblpc_chip_15xx.a(clock_15xx.o)
                0x0000000000000a14                Chip_Clock_GetMain_B_ClockRate
 .text.Chip_Clock_SetMainClockSource
                0x0000000000000a6c       0x3c /Users/ahmedphone/Documents/MCUXPRESSO_Workspace/lpc_chip_15xx/Debug/liblpc_chip_15xx.a(clock_15xx.o)
                0x0000000000000a6c                Chip_Clock_SetMainClockSource
 .text.Chip_Clock_GetMainClockRate
                0x0000000000000aa8       0x28 /Users/ahmedphone/Documents/MCUXPRESSO_Workspace/lpc_chip_15xx/Debug/liblpc_chip_15xx.a(clock_15xx.o)
                0x0000000000000aa8                Chip_Clock_GetMainClockRate
 .text.Chip_Clock_EnablePeriphClock
                0x0000000000000ad0       0x58 /Users/ahmedphone/Documents/MCUXPRESSO_Workspace/lpc_chip_15xx/Debug/liblpc_chip_15xx.a(clock_15xx.o)
                0x0000000000000ad0                Chip_Clock_EnablePeriphClock
 .text.Chip_Clock_GetUARTBaseClockRate
                0x0000000000000b28       0x94 /Users/ahmedphone/Documents/MCUXPRESSO_Workspace/lpc_chip_15xx/Debug/liblpc_chip_15xx.a(clock_15xx.o)
                0x0000000000000b28                Chip_Clock_GetUARTBaseClockRate
 .text.Chip_Clock_SetUARTBaseClockRate
                0x0000000000000bbc       0xac /Users/ahmedphone/Documents/MCUXPRESSO_Workspace/lpc_chip_15xx/Debug/liblpc_chip_15xx.a(clock_15xx.o)
                0x0000000000000bbc                Chip_Clock_SetUARTBaseClockRate
 .text.Chip_Clock_GetSystemClockRate
                0x0000000000000c68       0x1c /Users/ahmedphone/Documents/MCUXPRESSO_Workspace/lpc_chip_15xx/Debug/liblpc_chip_15xx.a(clock_15xx.o)
                0x0000000000000c68                Chip_Clock_GetSystemClockRate
 .text.Chip_SYSCTL_PeriphReset
                0x0000000000000c84       0x22 /Users/ahmedphone/Documents/MCUXPRESSO_Workspace/lpc_chip_15xx/Debug/liblpc_chip_15xx.a(gpio_15xx.o)
 .text.Chip_GPIO_Init
                0x0000000000000ca6       0x2e /Users/ahmedphone/Documents/MCUXPRESSO_Workspace/lpc_chip_15xx/Debug/liblpc_chip_15xx.a(gpio_15xx.o)
                0x0000000000000ca6                Chip_GPIO_Init
 .text.Chip_IOCON_PinMuxSet
                0x0000000000000cd4       0x2c /Users/ahmedphone/Documents/MCUXPRESSO_Workspace/lpc_chip_15xx/Debug/liblpc_chip_15xx.a(iocon_15xx.o)
 .text.Chip_IOCON_SetPinMuxing
                0x0000000000000d00       0x50 /Users/ahmedphone/Documents/MCUXPRESSO_Workspace/lpc_chip_15xx/Debug/liblpc_chip_15xx.a(iocon_15xx.o)
                0x0000000000000d00                Chip_IOCON_SetPinMuxing
 .text.Chip_SWM_MovablePinAssign
                0x0000000000000d50       0x5c /Users/ahmedphone/Documents/MCUXPRESSO_Workspace/lpc_chip_15xx/Debug/liblpc_chip_15xx.a(swm_15xx.o)
                0x0000000000000d50                Chip_SWM_MovablePinAssign
 .text.Chip_SYSCTL_AssertPeriphReset
                0x0000000000000dac       0x4c /Users/ahmedphone/Documents/MCUXPRESSO_Workspace/lpc_chip_15xx/Debug/liblpc_chip_15xx.a(sysctl_15xx.o)
                0x0000000000000dac                Chip_SYSCTL_AssertPeriphReset
 .text.Chip_SYSCTL_DeassertPeriphReset
                0x0000000000000df8       0x50 /Users/ahmedphone/Documents/MCUXPRESSO_Workspace/lpc_chip_15xx/Debug/liblpc_chip_15xx.a(sysctl_15xx.o)
                0x0000000000000df8                Chip_SYSCTL_DeassertPeriphReset
 .text.Chip_SYSCTL_PowerDown
                0x0000000000000e48       0x40 /Users/ahmedphone/Documents/MCUXPRESSO_Workspace/lpc_chip_15xx/Debug/liblpc_chip_15xx.a(sysctl_15xx.o)
                0x0000000000000e48                Chip_SYSCTL_PowerDown
 .text.Chip_SYSCTL_PowerUp
                0x0000000000000e88       0x40 /Users/ahmedphone/Documents/MCUXPRESSO_Workspace/lpc_chip_15xx/Debug/liblpc_chip_15xx.a(sysctl_15xx.o)
                0x0000000000000e88                Chip_SYSCTL_PowerUp
 .text.Chip_FMC_SetFLASHAccess
                0x0000000000000ec8       0x38 /Users/ahmedphone/Documents/MCUXPRESSO_Workspace/lpc_chip_15xx/Debug/liblpc_chip_15xx.a(sysinit_15xx.o)
 .text.Chip_Clock_SetSystemPLLSource
                0x0000000000000f00       0x20 /Users/ahmedphone/Documents/MCUXPRESSO_Workspace/lpc_chip_15xx/Debug/liblpc_chip_15xx.a(sysinit_15xx.o)
 .text.Chip_Clock_SetupSystemPLL
                0x0000000000000f20       0x34 /Users/ahmedphone/Documents/MCUXPRESSO_Workspace/lpc_chip_15xx/Debug/liblpc_chip_15xx.a(sysinit_15xx.o)
 .text.Chip_Clock_IsSystemPLLLocked
                0x0000000000000f54       0x24 /Users/ahmedphone/Documents/MCUXPRESSO_Workspace/lpc_chip_15xx/Debug/liblpc_chip_15xx.a(sysinit_15xx.o)
 .text.Chip_Clock_SetSysClockDiv
                0x0000000000000f78       0x20 /Users/ahmedphone/Documents/MCUXPRESSO_Workspace/lpc_chip_15xx/Debug/liblpc_chip_15xx.a(sysinit_15xx.o)
 .text.Chip_SetupXtalClocking
                0x0000000000000f98       0x6c /Users/ahmedphone/Documents/MCUXPRESSO_Workspace/lpc_chip_15xx/Debug/liblpc_chip_15xx.a(sysinit_15xx.o)
                0x0000000000000f98                Chip_SetupXtalClocking
 .text.Chip_SYSCTL_PeriphReset
                0x0000000000001004       0x22 /Users/ahmedphone/Documents/MCUXPRESSO_Workspace/lpc_chip_15xx/Debug/liblpc_chip_15xx.a(uart_15xx.o)
 .text.Chip_UART_SendByte
                0x0000000000001026       0x1c /Users/ahmedphone/Documents/MCUXPRESSO_Workspace/lpc_chip_15xx/Debug/liblpc_chip_15xx.a(uart_15xx.o)
 .text.Chip_UART_GetStatus
                0x0000000000001042       0x16 /Users/ahmedphone/Documents/MCUXPRESSO_Workspace/lpc_chip_15xx/Debug/liblpc_chip_15xx.a(uart_15xx.o)
 .text.getUARTClockID
                0x0000000000001058       0x34 /Users/ahmedphone/Documents/MCUXPRESSO_Workspace/lpc_chip_15xx/Debug/liblpc_chip_15xx.a(uart_15xx.o)
 .text.Chip_UART_Init
                0x000000000000108c       0x4c /Users/ahmedphone/Documents/MCUXPRESSO_Workspace/lpc_chip_15xx/Debug/liblpc_chip_15xx.a(uart_15xx.o)
                0x000000000000108c                Chip_UART_Init
 .text.Chip_UART_Send
                0x00000000000010d8       0x50 /Users/ahmedphone/Documents/MCUXPRESSO_Workspace/lpc_chip_15xx/Debug/liblpc_chip_15xx.a(uart_15xx.o)
                0x00000000000010d8                Chip_UART_Send
 .text.Chip_UART_SendBlocking
                0x0000000000001128       0x4a /Users/ahmedphone/Documents/MCUXPRESSO_Workspace/lpc_chip_15xx/Debug/liblpc_chip_15xx.a(uart_15xx.o)
                0x0000000000001128                Chip_UART_SendBlocking
 .text.Chip_UART_SetBaud
                0x0000000000001172       0x2a /Users/ahmedphone/Documents/MCUXPRESSO_Workspace/lpc_chip_15xx/Debug/liblpc_chip_15xx.a(uart_15xx.o)
                0x0000000000001172                Chip_UART_SetBaud
 .text          0x000000000000119c       0x30 /Applications/MCUXpressoIDE_11.4.1_6260/ide/plugins/com.nxp.mcuxpresso.tools.macosx_11.4.0.202103011116/tools/bin/../lib/gcc/arm-none-eabi/10.2.1/thumb/v7-m/nofp/libgcc.a(_aeabi_uldivmod.o)
                0x000000000000119c                __aeabi_uldivmod
 .text          0x00000000000011cc      0x2d4 /Applications/MCUXpressoIDE_11.4.1_6260/ide/plugins/com.nxp.mcuxpresso.tools.macosx_11.4.0.202103011116/tools/bin/../lib/gcc/arm-none-eabi/10.2.1/thumb/v7-m/nofp/libgcc.a(_udivmoddi4.o)
                0x00000000000011cc                __udivmoddi4
 .text          0x00000000000014a0        0x4 /Applications/MCUXpressoIDE_11.4.1_6260/ide/plugins/com.nxp.mcuxpresso.tools.macosx_11.4.0.202103011116/tools/bin/../lib/gcc/arm-none-eabi/10.2.1/thumb/v7-m/nofp/libgcc.a(_dvmd_tls.o)
                0x00000000000014a0                __aeabi_ldiv0
                0x00000000000014a0                __aeabi_idiv0
 .text          0x00000000000014a4       0x14 /Applications/MCUXpressoIDE_11.4.1_6260/ide/plugins/com.nxp.mcuxpresso.tools.macosx_11.4.0.202103011116/tools/bin/../lib/gcc/arm-none-eabi/10.2.1/../../../../arm-none-eabi/lib/thumb/v7-m/nofp/libc_nano.a(lib_a-strcmp.o)
                0x00000000000014a4                strcmp
 *(.rodata .rodata.* .constdata .constdata.*)
 .rodata.main.str1.4
                0x00000000000014b8       0x53 ./src/Lab_5.o
 *fill*         0x000000000000150b        0x1 ff
 .rodata.OscRateIn
                0x000000000000150c        0x4 /Users/ahmedphone/Documents/MCUXPRESSO_Workspace/lpc_board_nxp_lpcxpresso_1549/Debug/liblpc_board_nxp_lpcxpresso_1549.a(board.o)
                0x000000000000150c                OscRateIn
 .rodata.RTCOscRateIn
                0x0000000000001510        0x4 /Users/ahmedphone/Documents/MCUXPRESSO_Workspace/lpc_board_nxp_lpcxpresso_1549/Debug/liblpc_board_nxp_lpcxpresso_1549.a(board.o)
                0x0000000000001510                RTCOscRateIn
 .rodata.ledpins
                0x0000000000001514        0x3 /Users/ahmedphone/Documents/MCUXPRESSO_Workspace/lpc_board_nxp_lpcxpresso_1549/Debug/liblpc_board_nxp_lpcxpresso_1549.a(board.o)
 *fill*         0x0000000000001517        0x1 ff
 .rodata.ledports
                0x0000000000001518        0x3 /Users/ahmedphone/Documents/MCUXPRESSO_Workspace/lpc_board_nxp_lpcxpresso_1549/Debug/liblpc_board_nxp_lpcxpresso_1549.a(board.o)
 *fill*         0x000000000000151b        0x1 ff
 .rodata.ioconSetup
                0x000000000000151c       0x74 /Users/ahmedphone/Documents/MCUXPRESSO_Workspace/lpc_board_nxp_lpcxpresso_1549/Debug/liblpc_board_nxp_lpcxpresso_1549.a(board_sysinit.o)
 .rodata.swmSetup
                0x0000000000001590        0x6 /Users/ahmedphone/Documents/MCUXPRESSO_Workspace/lpc_board_nxp_lpcxpresso_1549/Debug/liblpc_board_nxp_lpcxpresso_1549.a(board_sysinit.o)
                0x0000000000001598                . = ALIGN (0x4)
 *fill*         0x0000000000001596        0x2 ff

.glue_7         0x0000000000001598        0x0
 .glue_7        0x0000000000001598        0x0 linker stubs

.glue_7t        0x0000000000001598        0x0
 .glue_7t       0x0000000000001598        0x0 linker stubs

.vfp11_veneer   0x0000000000001598        0x0
 .vfp11_veneer  0x0000000000001598        0x0 linker stubs

.v4_bx          0x0000000000001598        0x0
 .v4_bx         0x0000000000001598        0x0 linker stubs

.iplt           0x0000000000001598        0x0
 .iplt          0x0000000000001598        0x0 ./src/Lab_5.o

.ARM.extab
 *(.ARM.extab* .gnu.linkonce.armextab.*)

.ARM.exidx      0x0000000000001598        0x8
                0x0000000000001598                __exidx_start = .
 *(.ARM.exidx* .gnu.linkonce.armexidx.*)
 .ARM.exidx     0x0000000000001598        0x8 /Applications/MCUXpressoIDE_11.4.1_6260/ide/plugins/com.nxp.mcuxpresso.tools.macosx_11.4.0.202103011116/tools/bin/../lib/gcc/arm-none-eabi/10.2.1/thumb/v7-m/nofp/libgcc.a(_udivmoddi4.o)
                0x00000000000015a0                __exidx_end = .
                0x00000000000015a0                _etext = .

.rel.dyn        0x00000000000015a0        0x0
 .rel.iplt      0x00000000000015a0        0x0 ./src/Lab_5.o

.data_RAM2      0x0000000002004000        0x0 load address 0x00000000000015a0
 FILL mask 0xff
                [!provide]                        PROVIDE (__start_data_RAM2 = .)
                [!provide]                        PROVIDE (__start_data_Ram1_16 = .)
 *(.ramfunc.$RAM2)
 *(.ramfunc.$Ram1_16)
 *(.data.$RAM2)
 *(.data.$Ram1_16)
 *(.data.$RAM2.*)
 *(.data.$Ram1_16.*)
                0x0000000002004000                . = ALIGN (0x4)
                [!provide]                        PROVIDE (__end_data_RAM2 = .)
                [!provide]                        PROVIDE (__end_data_Ram1_16 = .)

.data_RAM3      0x0000000002008000        0x0 load address 0x00000000000015a0
 FILL mask 0xff
                [!provide]                        PROVIDE (__start_data_RAM3 = .)
                [!provide]                        PROVIDE (__start_data_Ram2_4 = .)
 *(.ramfunc.$RAM3)
 *(.ramfunc.$Ram2_4)
 *(.data.$RAM3)
 *(.data.$Ram2_4)
 *(.data.$RAM3.*)
 *(.data.$Ram2_4.*)
                0x0000000002008000                . = ALIGN (0x4)
                [!provide]                        PROVIDE (__end_data_RAM3 = .)
                [!provide]                        PROVIDE (__end_data_Ram2_4 = .)

.uninit_RESERVED
                0x0000000002000000        0x0
                0x0000000002000000                _start_uninit_RESERVED = .
 *(.bss.$RESERVED*)
                0x0000000002000000                . = ALIGN (0x4)
                0x0000000002000000                _end_uninit_RESERVED = .

.data           0x0000000002000000        0x0 load address 0x00000000000015a0
 FILL mask 0xff
                0x0000000002000000                _data = .
                [!provide]                        PROVIDE (__start_data_RAM = .)
                [!provide]                        PROVIDE (__start_data_Ram0_16 = .)
 *(vtable)
 *(.ramfunc*)
 *(CodeQuickAccess)
 *(DataQuickAccess)
 *(RamFunction)
 *(.data*)
                0x0000000002000000                . = ALIGN (0x4)
                0x0000000002000000                _edata = .
                [!provide]                        PROVIDE (__end_data_RAM = .)
                [!provide]                        PROVIDE (__end_data_Ram0_16 = .)

.igot.plt       0x0000000002000000        0x0 load address 0x00000000000015a0
 .igot.plt      0x0000000002000000        0x0 ./src/Lab_5.o

.bss_RAM2       0x0000000002004000        0x0
                [!provide]                        PROVIDE (__start_bss_RAM2 = .)
                [!provide]                        PROVIDE (__start_bss_Ram1_16 = .)
 *(.bss.$RAM2)
 *(.bss.$Ram1_16)
 *(.bss.$RAM2.*)
 *(.bss.$Ram1_16.*)
                0x0000000002004000                . = ALIGN ((. != 0x0)?0x4:0x1)
                [!provide]                        PROVIDE (__end_bss_RAM2 = .)
                [!provide]                        PROVIDE (__end_bss_Ram1_16 = .)

.bss_RAM3       0x0000000002008000        0x0
                [!provide]                        PROVIDE (__start_bss_RAM3 = .)
                [!provide]                        PROVIDE (__start_bss_Ram2_4 = .)
 *(.bss.$RAM3)
 *(.bss.$Ram2_4)
 *(.bss.$RAM3.*)
 *(.bss.$Ram2_4.*)
                0x0000000002008000                . = ALIGN ((. != 0x0)?0x4:0x1)
                [!provide]                        PROVIDE (__end_bss_RAM3 = .)
                [!provide]                        PROVIDE (__end_bss_Ram2_4 = .)

.bss            0x0000000002000000        0x8
                0x0000000002000000                _bss = .
                [!provide]                        PROVIDE (__start_bss_RAM = .)
                [!provide]                        PROVIDE (__start_bss_Ram0_16 = .)
 *(.bss*)
 .bss.i.0       0x0000000002000000        0x4 ./src/Lab_5.o
 .bss.SystemCoreClock
                0x0000000002000004        0x4 /Users/ahmedphone/Documents/MCUXPRESSO_Workspace/lpc_chip_15xx/Debug/liblpc_chip_15xx.a(chip_15xx.o)
                0x0000000002000004                SystemCoreClock
 *(COMMON)
                0x0000000002000008                . = ALIGN (0x4)
                0x0000000002000008                _ebss = .
                [!provide]                        PROVIDE (__end_bss_RAM = .)
                [!provide]                        PROVIDE (__end_bss_Ram0_16 = .)
                [!provide]                        PROVIDE (end = .)

.noinit_RAM2    0x0000000002004000        0x0
                [!provide]                        PROVIDE (__start_noinit_RAM2 = .)
                [!provide]                        PROVIDE (__start_noinit_Ram1_16 = .)
 *(.noinit.$RAM2)
 *(.noinit.$Ram1_16)
 *(.noinit.$RAM2.*)
 *(.noinit.$Ram1_16.*)
                0x0000000002004000                . = ALIGN (0x4)
                [!provide]                        PROVIDE (__end_noinit_RAM2 = .)
                [!provide]                        PROVIDE (__end_noinit_Ram1_16 = .)

.noinit_RAM3    0x0000000002008000        0x0
                [!provide]                        PROVIDE (__start_noinit_RAM3 = .)
                [!provide]                        PROVIDE (__start_noinit_Ram2_4 = .)
 *(.noinit.$RAM3)
 *(.noinit.$Ram2_4)
 *(.noinit.$RAM3.*)
 *(.noinit.$Ram2_4.*)
                0x0000000002008000                . = ALIGN (0x4)
                [!provide]                        PROVIDE (__end_noinit_RAM3 = .)
                [!provide]                        PROVIDE (__end_noinit_Ram2_4 = .)

.noinit         0x0000000002000008        0x0
                0x0000000002000008                _noinit = .
                [!provide]                        PROVIDE (__start_noinit_RAM = .)
                [!provide]                        PROVIDE (__start_noinit_Ram0_16 = .)
 *(.noinit*)
                0x0000000002000008                . = ALIGN (0x4)
                0x0000000002000008                _end_noinit = .
                [!provide]                        PROVIDE (__end_noinit_RAM = .)
                [!provide]                        PROVIDE (__end_noinit_Ram0_16 = .)
                [!provide]                        PROVIDE (_pvHeapStart = DEFINED (__user_heap_base)?__user_heap_base:.)
                0x0000000002004000                PROVIDE (_vStackTop = DEFINED (__user_stack_top)?__user_stack_top:(__top_Ram0_16 - 0x0))
                0xfffffffffdffb2de                PROVIDE (__valid_user_code_checksum = (0x0 - ((((((_vStackTop + (ResetISR + 0x1)) + (NMI_Handler + 0x1)) + (HardFault_Handler + 0x1)) + (DEFINED (MemManage_Handler)?MemManage_Handler:0x0 + 0x1)) + (DEFINED (BusFault_Handler)?BusFault_Handler:0x0 + 0x1)) + (DEFINED (UsageFault_Handler)?UsageFault_Handler:0x0 + 0x1))))
                0x0000000000000000                _image_start = LOADADDR (.text)
                0x00000000000015a0                _image_end = (LOADADDR (.data) + SIZEOF (.data))
                0x00000000000015a0                _image_size = (_image_end - _image_start)
OUTPUT(Lab3.axf elf32-littlearm)
LOAD linker stubs

.debug_info     0x0000000000000000     0x57dd
 .debug_info    0x0000000000000000      0x14a ./src/Lab_5.o
 .debug_info    0x000000000000014a      0x2a9 ./src/cr_startup_lpc15xx.o
 .debug_info    0x00000000000003f3       0x90 ./src/sysinit.o
 .debug_info    0x0000000000000483      0xad6 /Users/ahmedphone/Documents/MCUXPRESSO_Workspace/lpc_board_nxp_lpcxpresso_1549/Debug/liblpc_board_nxp_lpcxpresso_1549.a(board.o)
 .debug_info    0x0000000000000f59      0xc8e /Users/ahmedphone/Documents/MCUXPRESSO_Workspace/lpc_board_nxp_lpcxpresso_1549/Debug/liblpc_board_nxp_lpcxpresso_1549.a(board_sysinit.o)
 .debug_info    0x0000000000001be7      0x97f /Users/ahmedphone/Documents/MCUXPRESSO_Workspace/lpc_chip_15xx/Debug/liblpc_chip_15xx.a(chip_15xx.o)
 .debug_info    0x0000000000002566      0xd86 /Users/ahmedphone/Documents/MCUXPRESSO_Workspace/lpc_chip_15xx/Debug/liblpc_chip_15xx.a(clock_15xx.o)
 .debug_info    0x00000000000032ec      0x600 /Users/ahmedphone/Documents/MCUXPRESSO_Workspace/lpc_chip_15xx/Debug/liblpc_chip_15xx.a(gpio_15xx.o)
 .debug_info    0x00000000000038ec      0x1cb /Users/ahmedphone/Documents/MCUXPRESSO_Workspace/lpc_chip_15xx/Debug/liblpc_chip_15xx.a(iocon_15xx.o)
 .debug_info    0x0000000000003ab7      0x5ca /Users/ahmedphone/Documents/MCUXPRESSO_Workspace/lpc_chip_15xx/Debug/liblpc_chip_15xx.a(swm_15xx.o)
 .debug_info    0x0000000000004081      0x731 /Users/ahmedphone/Documents/MCUXPRESSO_Workspace/lpc_chip_15xx/Debug/liblpc_chip_15xx.a(sysctl_15xx.o)
 .debug_info    0x00000000000047b2      0x71d /Users/ahmedphone/Documents/MCUXPRESSO_Workspace/lpc_chip_15xx/Debug/liblpc_chip_15xx.a(sysinit_15xx.o)
 .debug_info    0x0000000000004ecf      0x90e /Users/ahmedphone/Documents/MCUXPRESSO_Workspace/lpc_chip_15xx/Debug/liblpc_chip_15xx.a(uart_15xx.o)

.debug_abbrev   0x0000000000000000     0x13cd
 .debug_abbrev  0x0000000000000000       0xc3 ./src/Lab_5.o
 .debug_abbrev  0x00000000000000c3      0x12b ./src/cr_startup_lpc15xx.o
 .debug_abbrev  0x00000000000001ee       0x47 ./src/sysinit.o
 .debug_abbrev  0x0000000000000235      0x23e /Users/ahmedphone/Documents/MCUXPRESSO_Workspace/lpc_board_nxp_lpcxpresso_1549/Debug/liblpc_board_nxp_lpcxpresso_1549.a(board.o)
 .debug_abbrev  0x0000000000000473      0x232 /Users/ahmedphone/Documents/MCUXPRESSO_Workspace/lpc_board_nxp_lpcxpresso_1549/Debug/liblpc_board_nxp_lpcxpresso_1549.a(board_sysinit.o)
 .debug_abbrev  0x00000000000006a5      0x1c8 /Users/ahmedphone/Documents/MCUXPRESSO_Workspace/lpc_chip_15xx/Debug/liblpc_chip_15xx.a(chip_15xx.o)
 .debug_abbrev  0x000000000000086d      0x2c6 /Users/ahmedphone/Documents/MCUXPRESSO_Workspace/lpc_chip_15xx/Debug/liblpc_chip_15xx.a(clock_15xx.o)
 .debug_abbrev  0x0000000000000b33      0x15d /Users/ahmedphone/Documents/MCUXPRESSO_Workspace/lpc_chip_15xx/Debug/liblpc_chip_15xx.a(gpio_15xx.o)
 .debug_abbrev  0x0000000000000c90      0x129 /Users/ahmedphone/Documents/MCUXPRESSO_Workspace/lpc_chip_15xx/Debug/liblpc_chip_15xx.a(iocon_15xx.o)
 .debug_abbrev  0x0000000000000db9      0x14e /Users/ahmedphone/Documents/MCUXPRESSO_Workspace/lpc_chip_15xx/Debug/liblpc_chip_15xx.a(swm_15xx.o)
 .debug_abbrev  0x0000000000000f07      0x11f /Users/ahmedphone/Documents/MCUXPRESSO_Workspace/lpc_chip_15xx/Debug/liblpc_chip_15xx.a(sysctl_15xx.o)
 .debug_abbrev  0x0000000000001026      0x1a8 /Users/ahmedphone/Documents/MCUXPRESSO_Workspace/lpc_chip_15xx/Debug/liblpc_chip_15xx.a(sysinit_15xx.o)
 .debug_abbrev  0x00000000000011ce      0x1ff /Users/ahmedphone/Documents/MCUXPRESSO_Workspace/lpc_chip_15xx/Debug/liblpc_chip_15xx.a(uart_15xx.o)

.debug_aranges  0x0000000000000000      0x5b8
 .debug_aranges
                0x0000000000000000       0x28 ./src/Lab_5.o
 .debug_aranges
                0x0000000000000028       0x80 ./src/cr_startup_lpc15xx.o
 .debug_aranges
                0x00000000000000a8       0x20 ./src/sysinit.o
 .debug_aranges
                0x00000000000000c8       0xd0 /Users/ahmedphone/Documents/MCUXPRESSO_Workspace/lpc_board_nxp_lpcxpresso_1549/Debug/liblpc_board_nxp_lpcxpresso_1549.a(board.o)
 .debug_aranges
                0x0000000000000198       0x60 /Users/ahmedphone/Documents/MCUXPRESSO_Workspace/lpc_board_nxp_lpcxpresso_1549/Debug/liblpc_board_nxp_lpcxpresso_1549.a(board_sysinit.o)
 .debug_aranges
                0x00000000000001f8       0x50 /Users/ahmedphone/Documents/MCUXPRESSO_Workspace/lpc_chip_15xx/Debug/liblpc_chip_15xx.a(chip_15xx.o)
 .debug_aranges
                0x0000000000000248      0x128 /Users/ahmedphone/Documents/MCUXPRESSO_Workspace/lpc_chip_15xx/Debug/liblpc_chip_15xx.a(clock_15xx.o)
 .debug_aranges
                0x0000000000000370       0x70 /Users/ahmedphone/Documents/MCUXPRESSO_Workspace/lpc_chip_15xx/Debug/liblpc_chip_15xx.a(gpio_15xx.o)
 .debug_aranges
                0x00000000000003e0       0x28 /Users/ahmedphone/Documents/MCUXPRESSO_Workspace/lpc_chip_15xx/Debug/liblpc_chip_15xx.a(iocon_15xx.o)
 .debug_aranges
                0x0000000000000408       0x40 /Users/ahmedphone/Documents/MCUXPRESSO_Workspace/lpc_chip_15xx/Debug/liblpc_chip_15xx.a(swm_15xx.o)
 .debug_aranges
                0x0000000000000448       0x50 /Users/ahmedphone/Documents/MCUXPRESSO_Workspace/lpc_chip_15xx/Debug/liblpc_chip_15xx.a(sysctl_15xx.o)
 .debug_aranges
                0x0000000000000498       0x58 /Users/ahmedphone/Documents/MCUXPRESSO_Workspace/lpc_chip_15xx/Debug/liblpc_chip_15xx.a(sysinit_15xx.o)
 .debug_aranges
                0x00000000000004f0       0xc8 /Users/ahmedphone/Documents/MCUXPRESSO_Workspace/lpc_chip_15xx/Debug/liblpc_chip_15xx.a(uart_15xx.o)

.debug_ranges   0x0000000000000000      0x4e8
 .debug_ranges  0x0000000000000000       0x18 ./src/Lab_5.o
 .debug_ranges  0x0000000000000018       0x70 ./src/cr_startup_lpc15xx.o
 .debug_ranges  0x0000000000000088       0x10 ./src/sysinit.o
 .debug_ranges  0x0000000000000098       0xc0 /Users/ahmedphone/Documents/MCUXPRESSO_Workspace/lpc_board_nxp_lpcxpresso_1549/Debug/liblpc_board_nxp_lpcxpresso_1549.a(board.o)
 .debug_ranges  0x0000000000000158       0x50 /Users/ahmedphone/Documents/MCUXPRESSO_Workspace/lpc_board_nxp_lpcxpresso_1549/Debug/liblpc_board_nxp_lpcxpresso_1549.a(board_sysinit.o)
 .debug_ranges  0x00000000000001a8       0x40 /Users/ahmedphone/Documents/MCUXPRESSO_Workspace/lpc_chip_15xx/Debug/liblpc_chip_15xx.a(chip_15xx.o)
 .debug_ranges  0x00000000000001e8      0x118 /Users/ahmedphone/Documents/MCUXPRESSO_Workspace/lpc_chip_15xx/Debug/liblpc_chip_15xx.a(clock_15xx.o)
 .debug_ranges  0x0000000000000300       0x60 /Users/ahmedphone/Documents/MCUXPRESSO_Workspace/lpc_chip_15xx/Debug/liblpc_chip_15xx.a(gpio_15xx.o)
 .debug_ranges  0x0000000000000360       0x18 /Users/ahmedphone/Documents/MCUXPRESSO_Workspace/lpc_chip_15xx/Debug/liblpc_chip_15xx.a(iocon_15xx.o)
 .debug_ranges  0x0000000000000378       0x30 /Users/ahmedphone/Documents/MCUXPRESSO_Workspace/lpc_chip_15xx/Debug/liblpc_chip_15xx.a(swm_15xx.o)
 .debug_ranges  0x00000000000003a8       0x40 /Users/ahmedphone/Documents/MCUXPRESSO_Workspace/lpc_chip_15xx/Debug/liblpc_chip_15xx.a(sysctl_15xx.o)
 .debug_ranges  0x00000000000003e8       0x48 /Users/ahmedphone/Documents/MCUXPRESSO_Workspace/lpc_chip_15xx/Debug/liblpc_chip_15xx.a(sysinit_15xx.o)
 .debug_ranges  0x0000000000000430       0xb8 /Users/ahmedphone/Documents/MCUXPRESSO_Workspace/lpc_chip_15xx/Debug/liblpc_chip_15xx.a(uart_15xx.o)

.debug_macro    0x0000000000000000     0x6f53
 .debug_macro   0x0000000000000000      0x41a ./src/Lab_5.o
 .debug_macro   0x000000000000041a      0xa84 ./src/Lab_5.o
 .debug_macro   0x0000000000000e9e       0x22 ./src/Lab_5.o
 .debug_macro   0x0000000000000ec0       0x8e ./src/Lab_5.o
 .debug_macro   0x0000000000000f4e       0x51 ./src/Lab_5.o
 .debug_macro   0x0000000000000f9f      0x103 ./src/Lab_5.o
 .debug_macro   0x00000000000010a2       0x6a ./src/Lab_5.o
 .debug_macro   0x000000000000110c      0x1df ./src/Lab_5.o
 .debug_macro   0x00000000000012eb       0x22 ./src/Lab_5.o
 .debug_macro   0x000000000000130d       0x7b ./src/Lab_5.o
 .debug_macro   0x0000000000001388       0x10 ./src/Lab_5.o
 .debug_macro   0x0000000000001398       0x2d ./src/Lab_5.o
 .debug_macro   0x00000000000013c5       0x3a ./src/Lab_5.o
 .debug_macro   0x00000000000013ff       0x2d ./src/Lab_5.o
 .debug_macro   0x000000000000142c      0xa7d ./src/Lab_5.o
 .debug_macro   0x0000000000001ea9      0x1b4 ./src/Lab_5.o
 .debug_macro   0x000000000000205d       0xca ./src/Lab_5.o
 .debug_macro   0x0000000000002127       0x18 ./src/Lab_5.o
 .debug_macro   0x000000000000213f       0xb2 ./src/Lab_5.o
 .debug_macro   0x00000000000021f1       0x70 ./src/Lab_5.o
 .debug_macro   0x0000000000002261       0x46 ./src/Lab_5.o
 .debug_macro   0x00000000000022a7       0xd0 ./src/Lab_5.o
 .debug_macro   0x0000000000002377       0x40 ./src/Lab_5.o
 .debug_macro   0x00000000000023b7      0x233 ./src/Lab_5.o
 .debug_macro   0x00000000000025ea       0x16 ./src/Lab_5.o
 .debug_macro   0x0000000000002600       0x88 ./src/Lab_5.o
 .debug_macro   0x0000000000002688       0x34 ./src/Lab_5.o
 .debug_macro   0x00000000000026bc       0x6a ./src/Lab_5.o
 .debug_macro   0x0000000000002726       0x40 ./src/Lab_5.o
 .debug_macro   0x0000000000002766       0x1c ./src/Lab_5.o
 .debug_macro   0x0000000000002782       0x16 ./src/Lab_5.o
 .debug_macro   0x0000000000002798      0x10c ./src/Lab_5.o
 .debug_macro   0x00000000000028a4      0x2a9 ./src/Lab_5.o
 .debug_macro   0x0000000000002b4d       0x76 ./src/Lab_5.o
 .debug_macro   0x0000000000002bc3       0x22 ./src/Lab_5.o
 .debug_macro   0x0000000000002be5      0x152 ./src/Lab_5.o
 .debug_macro   0x0000000000002d37       0x82 ./src/Lab_5.o
 .debug_macro   0x0000000000002db9       0xe6 ./src/Lab_5.o
 .debug_macro   0x0000000000002e9f       0x3a ./src/Lab_5.o
 .debug_macro   0x0000000000002ed9       0x34 ./src/Lab_5.o
 .debug_macro   0x0000000000002f0d       0x10 ./src/Lab_5.o
 .debug_macro   0x0000000000002f1d       0x76 ./src/Lab_5.o
 .debug_macro   0x0000000000002f93       0x58 ./src/Lab_5.o
 .debug_macro   0x0000000000002feb      0x2ca ./src/Lab_5.o
 .debug_macro   0x00000000000032b5      0x22b ./src/Lab_5.o
 .debug_macro   0x00000000000034e0       0x2e ./src/Lab_5.o
 .debug_macro   0x000000000000350e       0x34 ./src/Lab_5.o
 .debug_macro   0x0000000000003542       0x52 ./src/Lab_5.o
 .debug_macro   0x0000000000003594       0x18 ./src/Lab_5.o
 .debug_macro   0x00000000000035ac       0x3c ./src/Lab_5.o
 .debug_macro   0x00000000000035e8       0x34 ./src/Lab_5.o
 .debug_macro   0x000000000000361c       0x16 ./src/Lab_5.o
 .debug_macro   0x0000000000003632       0x97 ./src/Lab_5.o
 .debug_macro   0x00000000000036c9      0x333 ./src/Lab_5.o
 .debug_macro   0x00000000000039fc       0xfd ./src/Lab_5.o
 .debug_macro   0x0000000000003af9       0x10 ./src/Lab_5.o
 .debug_macro   0x0000000000003b09       0x16 ./src/Lab_5.o
 .debug_macro   0x0000000000003b1f       0x43 ./src/Lab_5.o
 .debug_macro   0x0000000000003b62       0x34 ./src/Lab_5.o
 .debug_macro   0x0000000000003b96       0x10 ./src/Lab_5.o
 .debug_macro   0x0000000000003ba6       0x58 ./src/Lab_5.o
 .debug_macro   0x0000000000003bfe       0x71 ./src/Lab_5.o
 .debug_macro   0x0000000000003c6f       0x1c ./src/Lab_5.o
 .debug_macro   0x0000000000003c8b      0x12a ./src/Lab_5.o
 .debug_macro   0x0000000000003db5       0x10 ./src/Lab_5.o
 .debug_macro   0x0000000000003dc5       0x1c ./src/Lab_5.o
 .debug_macro   0x0000000000003de1       0x52 ./src/Lab_5.o
 .debug_macro   0x0000000000003e33       0x22 ./src/Lab_5.o
 .debug_macro   0x0000000000003e55       0x10 ./src/Lab_5.o
 .debug_macro   0x0000000000003e65       0x40 ./src/Lab_5.o
 .debug_macro   0x0000000000003ea5       0xd5 ./src/Lab_5.o
 .debug_macro   0x0000000000003f7a       0x1c ./src/Lab_5.o
 .debug_macro   0x0000000000003f96       0x3d ./src/Lab_5.o
 .debug_macro   0x0000000000003fd3       0x16 ./src/Lab_5.o
 .debug_macro   0x0000000000003fe9      0x145 ./src/Lab_5.o
 .debug_macro   0x000000000000412e       0x20 ./src/Lab_5.o
 .debug_macro   0x000000000000414e       0x82 ./src/Lab_5.o
 .debug_macro   0x00000000000041d0       0x16 ./src/Lab_5.o
 .debug_macro   0x00000000000041e6       0x35 ./src/Lab_5.o
 .debug_macro   0x000000000000421b       0x23 ./src/cr_startup_lpc15xx.o
 .debug_macro   0x000000000000423e      0x3e6 ./src/sysinit.o
 .debug_macro   0x0000000000004624      0x284 /Users/ahmedphone/Documents/MCUXPRESSO_Workspace/lpc_board_nxp_lpcxpresso_1549/Debug/liblpc_board_nxp_lpcxpresso_1549.a(board.o)
 .debug_macro   0x00000000000048a8      0xa78 /Users/ahmedphone/Documents/MCUXPRESSO_Workspace/lpc_board_nxp_lpcxpresso_1549/Debug/liblpc_board_nxp_lpcxpresso_1549.a(board.o)
 .debug_macro   0x0000000000005320       0x10 /Users/ahmedphone/Documents/MCUXPRESSO_Workspace/lpc_board_nxp_lpcxpresso_1549/Debug/liblpc_board_nxp_lpcxpresso_1549.a(board.o)
 .debug_macro   0x0000000000005330      0x12e /Users/ahmedphone/Documents/MCUXPRESSO_Workspace/lpc_board_nxp_lpcxpresso_1549/Debug/liblpc_board_nxp_lpcxpresso_1549.a(board.o)
 .debug_macro   0x000000000000545e      0x5b3 /Users/ahmedphone/Documents/MCUXPRESSO_Workspace/lpc_board_nxp_lpcxpresso_1549/Debug/liblpc_board_nxp_lpcxpresso_1549.a(board.o)
 .debug_macro   0x0000000000005a11       0x22 /Users/ahmedphone/Documents/MCUXPRESSO_Workspace/lpc_board_nxp_lpcxpresso_1549/Debug/liblpc_board_nxp_lpcxpresso_1549.a(board.o)
 .debug_macro   0x0000000000005a33       0x9a /Users/ahmedphone/Documents/MCUXPRESSO_Workspace/lpc_board_nxp_lpcxpresso_1549/Debug/liblpc_board_nxp_lpcxpresso_1549.a(board.o)
 .debug_macro   0x0000000000005acd       0x12 /Users/ahmedphone/Documents/MCUXPRESSO_Workspace/lpc_board_nxp_lpcxpresso_1549/Debug/liblpc_board_nxp_lpcxpresso_1549.a(board.o)
 .debug_macro   0x0000000000005adf      0x288 /Users/ahmedphone/Documents/MCUXPRESSO_Workspace/lpc_board_nxp_lpcxpresso_1549/Debug/liblpc_board_nxp_lpcxpresso_1549.a(board_sysinit.o)
 .debug_macro   0x0000000000005d67      0x239 /Users/ahmedphone/Documents/MCUXPRESSO_Workspace/lpc_chip_15xx/Debug/liblpc_chip_15xx.a(chip_15xx.o)
 .debug_macro   0x0000000000005fa0      0x239 /Users/ahmedphone/Documents/MCUXPRESSO_Workspace/lpc_chip_15xx/Debug/liblpc_chip_15xx.a(clock_15xx.o)
 .debug_macro   0x00000000000061d9      0x239 /Users/ahmedphone/Documents/MCUXPRESSO_Workspace/lpc_chip_15xx/Debug/liblpc_chip_15xx.a(gpio_15xx.o)
 .debug_macro   0x0000000000006412      0x239 /Users/ahmedphone/Documents/MCUXPRESSO_Workspace/lpc_chip_15xx/Debug/liblpc_chip_15xx.a(iocon_15xx.o)
 .debug_macro   0x000000000000664b      0x245 /Users/ahmedphone/Documents/MCUXPRESSO_Workspace/lpc_chip_15xx/Debug/liblpc_chip_15xx.a(swm_15xx.o)
 .debug_macro   0x0000000000006890      0x251 /Users/ahmedphone/Documents/MCUXPRESSO_Workspace/lpc_chip_15xx/Debug/liblpc_chip_15xx.a(sysctl_15xx.o)
 .debug_macro   0x0000000000006ae1      0x239 /Users/ahmedphone/Documents/MCUXPRESSO_Workspace/lpc_chip_15xx/Debug/liblpc_chip_15xx.a(sysinit_15xx.o)
 .debug_macro   0x0000000000006d1a      0x239 /Users/ahmedphone/Documents/MCUXPRESSO_Workspace/lpc_chip_15xx/Debug/liblpc_chip_15xx.a(uart_15xx.o)

.debug_line     0x0000000000000000     0x5509
 .debug_line    0x0000000000000000      0x8d3 ./src/Lab_5.o
 .debug_line    0x00000000000008d3      0x165 ./src/cr_startup_lpc15xx.o
 .debug_line    0x0000000000000a38      0x834 ./src/sysinit.o
 .debug_line    0x000000000000126c      0x857 /Users/ahmedphone/Documents/MCUXPRESSO_Workspace/lpc_board_nxp_lpcxpresso_1549/Debug/liblpc_board_nxp_lpcxpresso_1549.a(board.o)
 .debug_line    0x0000000000001ac3      0x697 /Users/ahmedphone/Documents/MCUXPRESSO_Workspace/lpc_board_nxp_lpcxpresso_1549/Debug/liblpc_board_nxp_lpcxpresso_1549.a(board_sysinit.o)
 .debug_line    0x000000000000215a      0x596 /Users/ahmedphone/Documents/MCUXPRESSO_Workspace/lpc_chip_15xx/Debug/liblpc_chip_15xx.a(chip_15xx.o)
 .debug_line    0x00000000000026f0      0x9b7 /Users/ahmedphone/Documents/MCUXPRESSO_Workspace/lpc_chip_15xx/Debug/liblpc_chip_15xx.a(clock_15xx.o)
 .debug_line    0x00000000000030a7      0x60c /Users/ahmedphone/Documents/MCUXPRESSO_Workspace/lpc_chip_15xx/Debug/liblpc_chip_15xx.a(gpio_15xx.o)
 .debug_line    0x00000000000036b3      0x513 /Users/ahmedphone/Documents/MCUXPRESSO_Workspace/lpc_chip_15xx/Debug/liblpc_chip_15xx.a(iocon_15xx.o)
 .debug_line    0x0000000000003bc6      0x57e /Users/ahmedphone/Documents/MCUXPRESSO_Workspace/lpc_chip_15xx/Debug/liblpc_chip_15xx.a(swm_15xx.o)
 .debug_line    0x0000000000004144      0x5d3 /Users/ahmedphone/Documents/MCUXPRESSO_Workspace/lpc_chip_15xx/Debug/liblpc_chip_15xx.a(sysctl_15xx.o)
 .debug_line    0x0000000000004717      0x5f4 /Users/ahmedphone/Documents/MCUXPRESSO_Workspace/lpc_chip_15xx/Debug/liblpc_chip_15xx.a(sysinit_15xx.o)
 .debug_line    0x0000000000004d0b      0x7fe /Users/ahmedphone/Documents/MCUXPRESSO_Workspace/lpc_chip_15xx/Debug/liblpc_chip_15xx.a(uart_15xx.o)

.debug_str      0x0000000000000000    0x1786a
 .debug_str     0x0000000000000000    0x1352f ./src/Lab_5.o
                                      0x13730 (size before relaxing)
 .debug_str     0x000000000001352f      0x1e9 ./src/cr_startup_lpc15xx.o
                                       0x2ed3 (size before relaxing)
 .debug_str     0x0000000000013718       0x11 ./src/sysinit.o
                                      0x132ae (size before relaxing)
 .debug_str     0x0000000000013729     0x2371 /Users/ahmedphone/Documents/MCUXPRESSO_Workspace/lpc_board_nxp_lpcxpresso_1549/Debug/liblpc_board_nxp_lpcxpresso_1549.a(board.o)
                                      0x106c0 (size before relaxing)
 .debug_str     0x0000000000015a9a      0x88e /Users/ahmedphone/Documents/MCUXPRESSO_Workspace/lpc_board_nxp_lpcxpresso_1549/Debug/liblpc_board_nxp_lpcxpresso_1549.a(board_sysinit.o)
                                      0x10c9b (size before relaxing)
 .debug_str     0x0000000000016328      0x151 /Users/ahmedphone/Documents/MCUXPRESSO_Workspace/lpc_chip_15xx/Debug/liblpc_chip_15xx.a(chip_15xx.o)
                                      0x103f0 (size before relaxing)
 .debug_str     0x0000000000016479      0x89d /Users/ahmedphone/Documents/MCUXPRESSO_Workspace/lpc_chip_15xx/Debug/liblpc_chip_15xx.a(clock_15xx.o)
                                      0x10807 (size before relaxing)
 .debug_str     0x0000000000016d16       0xdf /Users/ahmedphone/Documents/MCUXPRESSO_Workspace/lpc_chip_15xx/Debug/liblpc_chip_15xx.a(gpio_15xx.o)
                                       0xfe9d (size before relaxing)
 .debug_str     0x0000000000016df5       0x41 /Users/ahmedphone/Documents/MCUXPRESSO_Workspace/lpc_chip_15xx/Debug/liblpc_chip_15xx.a(iocon_15xx.o)
                                       0xf9ba (size before relaxing)
 .debug_str     0x0000000000016e36      0x55d /Users/ahmedphone/Documents/MCUXPRESSO_Workspace/lpc_chip_15xx/Debug/liblpc_chip_15xx.a(swm_15xx.o)
                                      0x103c2 (size before relaxing)
 .debug_str     0x0000000000017393      0x183 /Users/ahmedphone/Documents/MCUXPRESSO_Workspace/lpc_chip_15xx/Debug/liblpc_chip_15xx.a(sysctl_15xx.o)
                                       0xfea7 (size before relaxing)
 .debug_str     0x0000000000017516      0x13f /Users/ahmedphone/Documents/MCUXPRESSO_Workspace/lpc_chip_15xx/Debug/liblpc_chip_15xx.a(sysinit_15xx.o)
                                       0xfe96 (size before relaxing)
 .debug_str     0x0000000000017655      0x215 /Users/ahmedphone/Documents/MCUXPRESSO_Workspace/lpc_chip_15xx/Debug/liblpc_chip_15xx.a(uart_15xx.o)
                                      0x10006 (size before relaxing)

.comment        0x0000000000000000       0x4d
 .comment       0x0000000000000000       0x4d ./src/Lab_5.o
                                         0x4e (size before relaxing)
 .comment       0x000000000000004d       0x4e ./src/cr_startup_lpc15xx.o
 .comment       0x000000000000004d       0x4e ./src/sysinit.o
 .comment       0x000000000000004d       0x4e /Users/ahmedphone/Documents/MCUXPRESSO_Workspace/lpc_board_nxp_lpcxpresso_1549/Debug/liblpc_board_nxp_lpcxpresso_1549.a(board.o)
 .comment       0x000000000000004d       0x4e /Users/ahmedphone/Documents/MCUXPRESSO_Workspace/lpc_board_nxp_lpcxpresso_1549/Debug/liblpc_board_nxp_lpcxpresso_1549.a(board_sysinit.o)
 .comment       0x000000000000004d       0x4e /Users/ahmedphone/Documents/MCUXPRESSO_Workspace/lpc_chip_15xx/Debug/liblpc_chip_15xx.a(chip_15xx.o)
 .comment       0x000000000000004d       0x4e /Users/ahmedphone/Documents/MCUXPRESSO_Workspace/lpc_chip_15xx/Debug/liblpc_chip_15xx.a(clock_15xx.o)
 .comment       0x000000000000004d       0x4e /Users/ahmedphone/Documents/MCUXPRESSO_Workspace/lpc_chip_15xx/Debug/liblpc_chip_15xx.a(gpio_15xx.o)
 .comment       0x000000000000004d       0x4e /Users/ahmedphone/Documents/MCUXPRESSO_Workspace/lpc_chip_15xx/Debug/liblpc_chip_15xx.a(iocon_15xx.o)
 .comment       0x000000000000004d       0x4e /Users/ahmedphone/Documents/MCUXPRESSO_Workspace/lpc_chip_15xx/Debug/liblpc_chip_15xx.a(swm_15xx.o)
 .comment       0x000000000000004d       0x4e /Users/ahmedphone/Documents/MCUXPRESSO_Workspace/lpc_chip_15xx/Debug/liblpc_chip_15xx.a(sysctl_15xx.o)
 .comment       0x000000000000004d       0x4e /Users/ahmedphone/Documents/MCUXPRESSO_Workspace/lpc_chip_15xx/Debug/liblpc_chip_15xx.a(sysinit_15xx.o)
 .comment       0x000000000000004d       0x4e /Users/ahmedphone/Documents/MCUXPRESSO_Workspace/lpc_chip_15xx/Debug/liblpc_chip_15xx.a(uart_15xx.o)

.ARM.attributes
                0x0000000000000000       0x2b
 .ARM.attributes
                0x0000000000000000       0x2d ./src/Lab_5.o
 .ARM.attributes
                0x000000000000002d       0x2d ./src/cr_startup_lpc15xx.o
 .ARM.attributes
                0x000000000000005a       0x2d ./src/sysinit.o
 .ARM.attributes
                0x0000000000000087       0x2d /Users/ahmedphone/Documents/MCUXPRESSO_Workspace/lpc_board_nxp_lpcxpresso_1549/Debug/liblpc_board_nxp_lpcxpresso_1549.a(board.o)
 .ARM.attributes
                0x00000000000000b4       0x2d /Users/ahmedphone/Documents/MCUXPRESSO_Workspace/lpc_board_nxp_lpcxpresso_1549/Debug/liblpc_board_nxp_lpcxpresso_1549.a(board_sysinit.o)
 .ARM.attributes
                0x00000000000000e1       0x2d /Users/ahmedphone/Documents/MCUXPRESSO_Workspace/lpc_chip_15xx/Debug/liblpc_chip_15xx.a(chip_15xx.o)
 .ARM.attributes
                0x000000000000010e       0x2d /Users/ahmedphone/Documents/MCUXPRESSO_Workspace/lpc_chip_15xx/Debug/liblpc_chip_15xx.a(clock_15xx.o)
 .ARM.attributes
                0x000000000000013b       0x2d /Users/ahmedphone/Documents/MCUXPRESSO_Workspace/lpc_chip_15xx/Debug/liblpc_chip_15xx.a(gpio_15xx.o)
 .ARM.attributes
                0x0000000000000168       0x2d /Users/ahmedphone/Documents/MCUXPRESSO_Workspace/lpc_chip_15xx/Debug/liblpc_chip_15xx.a(iocon_15xx.o)
 .ARM.attributes
                0x0000000000000195       0x2d /Users/ahmedphone/Documents/MCUXPRESSO_Workspace/lpc_chip_15xx/Debug/liblpc_chip_15xx.a(swm_15xx.o)
 .ARM.attributes
                0x00000000000001c2       0x2d /Users/ahmedphone/Documents/MCUXPRESSO_Workspace/lpc_chip_15xx/Debug/liblpc_chip_15xx.a(sysctl_15xx.o)
 .ARM.attributes
                0x00000000000001ef       0x2d /Users/ahmedphone/Documents/MCUXPRESSO_Workspace/lpc_chip_15xx/Debug/liblpc_chip_15xx.a(sysinit_15xx.o)
 .ARM.attributes
                0x000000000000021c       0x2d /Users/ahmedphone/Documents/MCUXPRESSO_Workspace/lpc_chip_15xx/Debug/liblpc_chip_15xx.a(uart_15xx.o)
 .ARM.attributes
                0x0000000000000249       0x1d /Applications/MCUXpressoIDE_11.4.1_6260/ide/plugins/com.nxp.mcuxpresso.tools.macosx_11.4.0.202103011116/tools/bin/../lib/gcc/arm-none-eabi/10.2.1/thumb/v7-m/nofp/libgcc.a(_aeabi_uldivmod.o)
 .ARM.attributes
                0x0000000000000266       0x2d /Applications/MCUXpressoIDE_11.4.1_6260/ide/plugins/com.nxp.mcuxpresso.tools.macosx_11.4.0.202103011116/tools/bin/../lib/gcc/arm-none-eabi/10.2.1/thumb/v7-m/nofp/libgcc.a(_udivmoddi4.o)
 .ARM.attributes
                0x0000000000000293       0x1d /Applications/MCUXpressoIDE_11.4.1_6260/ide/plugins/com.nxp.mcuxpresso.tools.macosx_11.4.0.202103011116/tools/bin/../lib/gcc/arm-none-eabi/10.2.1/thumb/v7-m/nofp/libgcc.a(_dvmd_tls.o)
 .ARM.attributes
                0x00000000000002b0       0x1b /Applications/MCUXpressoIDE_11.4.1_6260/ide/plugins/com.nxp.mcuxpresso.tools.macosx_11.4.0.202103011116/tools/bin/../lib/gcc/arm-none-eabi/10.2.1/../../../../arm-none-eabi/lib/thumb/v7-m/nofp/libc_nano.a(lib_a-strcmp.o)

.debug_frame    0x0000000000000000     0x1548
 .debug_frame   0x0000000000000000       0x44 ./src/Lab_5.o
 .debug_frame   0x0000000000000044      0x170 ./src/cr_startup_lpc15xx.o
 .debug_frame   0x00000000000001b4       0x2c ./src/sysinit.o
 .debug_frame   0x00000000000001e0      0x360 /Users/ahmedphone/Documents/MCUXPRESSO_Workspace/lpc_board_nxp_lpcxpresso_1549/Debug/liblpc_board_nxp_lpcxpresso_1549.a(board.o)
 .debug_frame   0x0000000000000540      0x14c /Users/ahmedphone/Documents/MCUXPRESSO_Workspace/lpc_board_nxp_lpcxpresso_1549/Debug/liblpc_board_nxp_lpcxpresso_1549.a(board_sysinit.o)
 .debug_frame   0x000000000000068c      0x104 /Users/ahmedphone/Documents/MCUXPRESSO_Workspace/lpc_chip_15xx/Debug/liblpc_chip_15xx.a(chip_15xx.o)
 .debug_frame   0x0000000000000790      0x4b8 /Users/ahmedphone/Documents/MCUXPRESSO_Workspace/lpc_chip_15xx/Debug/liblpc_chip_15xx.a(clock_15xx.o)
 .debug_frame   0x0000000000000c48      0x1b4 /Users/ahmedphone/Documents/MCUXPRESSO_Workspace/lpc_chip_15xx/Debug/liblpc_chip_15xx.a(gpio_15xx.o)
 .debug_frame   0x0000000000000dfc       0x5c /Users/ahmedphone/Documents/MCUXPRESSO_Workspace/lpc_chip_15xx/Debug/liblpc_chip_15xx.a(iocon_15xx.o)
 .debug_frame   0x0000000000000e58       0xd4 /Users/ahmedphone/Documents/MCUXPRESSO_Workspace/lpc_chip_15xx/Debug/liblpc_chip_15xx.a(swm_15xx.o)
 .debug_frame   0x0000000000000f2c      0x128 /Users/ahmedphone/Documents/MCUXPRESSO_Workspace/lpc_chip_15xx/Debug/liblpc_chip_15xx.a(sysctl_15xx.o)
 .debug_frame   0x0000000000001054      0x134 /Users/ahmedphone/Documents/MCUXPRESSO_Workspace/lpc_chip_15xx/Debug/liblpc_chip_15xx.a(sysinit_15xx.o)
 .debug_frame   0x0000000000001188      0x340 /Users/ahmedphone/Documents/MCUXPRESSO_Workspace/lpc_chip_15xx/Debug/liblpc_chip_15xx.a(uart_15xx.o)
 .debug_frame   0x00000000000014c8       0x2c /Applications/MCUXpressoIDE_11.4.1_6260/ide/plugins/com.nxp.mcuxpresso.tools.macosx_11.4.0.202103011116/tools/bin/../lib/gcc/arm-none-eabi/10.2.1/thumb/v7-m/nofp/libgcc.a(_aeabi_uldivmod.o)
 .debug_frame   0x00000000000014f4       0x34 /Applications/MCUXpressoIDE_11.4.1_6260/ide/plugins/com.nxp.mcuxpresso.tools.macosx_11.4.0.202103011116/tools/bin/../lib/gcc/arm-none-eabi/10.2.1/thumb/v7-m/nofp/libgcc.a(_udivmoddi4.o)
 .debug_frame   0x0000000000001528       0x20 /Applications/MCUXpressoIDE_11.4.1_6260/ide/plugins/com.nxp.mcuxpresso.tools.macosx_11.4.0.202103011116/tools/bin/../lib/gcc/arm-none-eabi/10.2.1/../../../../arm-none-eabi/lib/thumb/v7-m/nofp/libc_nano.a(lib_a-strcmp.o)

Cross Reference Table

Symbol                                            File
ACMP0_IRQHandler                                  ./src/cr_startup_lpc15xx.o
ACMP1_IRQHandler                                  ./src/cr_startup_lpc15xx.o
ACMP2_IRQHandler                                  ./src/cr_startup_lpc15xx.o
ACMP3_IRQHandler                                  ./src/cr_startup_lpc15xx.o
ADC0A_IRQHandler                                  ./src/cr_startup_lpc15xx.o
ADC0B_IRQHandler                                  ./src/cr_startup_lpc15xx.o
ADC0_OVR_IRQHandler                               ./src/cr_startup_lpc15xx.o
ADC0_THCMP_IRQHandler                             ./src/cr_startup_lpc15xx.o
ADC1A_IRQHandler                                  ./src/cr_startup_lpc15xx.o
ADC1B_IRQHandler                                  ./src/cr_startup_lpc15xx.o
ADC1_OVR_IRQHandler                               ./src/cr_startup_lpc15xx.o
ADC1_THCMP_IRQHandler                             ./src/cr_startup_lpc15xx.o
BOD_IRQHandler                                    ./src/cr_startup_lpc15xx.o
Board_Debug_Init                                  /Users/ahmedphone/Documents/MCUXPRESSO_Workspace/lpc_board_nxp_lpcxpresso_1549/Debug/liblpc_board_nxp_lpcxpresso_1549.a(board.o)
Board_Init                                        /Users/ahmedphone/Documents/MCUXPRESSO_Workspace/lpc_board_nxp_lpcxpresso_1549/Debug/liblpc_board_nxp_lpcxpresso_1549.a(board.o)
                                                  ./src/Lab_5.o
Board_Joystick_Init                               /Users/ahmedphone/Documents/MCUXPRESSO_Workspace/lpc_board_nxp_lpcxpresso_1549/Debug/liblpc_board_nxp_lpcxpresso_1549.a(board.o)
Board_LED_Set                                     /Users/ahmedphone/Documents/MCUXPRESSO_Workspace/lpc_board_nxp_lpcxpresso_1549/Debug/liblpc_board_nxp_lpcxpresso_1549.a(board.o)
                                                  ./src/Lab_5.o
Board_LED_Test                                    /Users/ahmedphone/Documents/MCUXPRESSO_Workspace/lpc_board_nxp_lpcxpresso_1549/Debug/liblpc_board_nxp_lpcxpresso_1549.a(board.o)
Board_LED_Toggle                                  /Users/ahmedphone/Documents/MCUXPRESSO_Workspace/lpc_board_nxp_lpcxpresso_1549/Debug/liblpc_board_nxp_lpcxpresso_1549.a(board.o)
Board_SetupClocking                               /Users/ahmedphone/Documents/MCUXPRESSO_Workspace/lpc_board_nxp_lpcxpresso_1549/Debug/liblpc_board_nxp_lpcxpresso_1549.a(board_sysinit.o)
Board_SetupMuxing                                 /Users/ahmedphone/Documents/MCUXPRESSO_Workspace/lpc_board_nxp_lpcxpresso_1549/Debug/liblpc_board_nxp_lpcxpresso_1549.a(board_sysinit.o)
Board_SystemInit                                  /Users/ahmedphone/Documents/MCUXPRESSO_Workspace/lpc_board_nxp_lpcxpresso_1549/Debug/liblpc_board_nxp_lpcxpresso_1549.a(board_sysinit.o)
                                                  ./src/sysinit.o
Board_UARTGetChar                                 /Users/ahmedphone/Documents/MCUXPRESSO_Workspace/lpc_board_nxp_lpcxpresso_1549/Debug/liblpc_board_nxp_lpcxpresso_1549.a(board.o)
Board_UARTPutChar                                 /Users/ahmedphone/Documents/MCUXPRESSO_Workspace/lpc_board_nxp_lpcxpresso_1549/Debug/liblpc_board_nxp_lpcxpresso_1549.a(board.o)
                                                  ./src/Lab_5.o
Board_UARTPutSTR                                  /Users/ahmedphone/Documents/MCUXPRESSO_Workspace/lpc_board_nxp_lpcxpresso_1549/Debug/liblpc_board_nxp_lpcxpresso_1549.a(board.o)
                                                  ./src/Lab_5.o
BusFault_Handler                                  ./src/cr_startup_lpc15xx.o
CAN_IRQHandler                                    ./src/cr_startup_lpc15xx.o
CRP_WORD                                          ./src/crp.o
Chip_Clock_DisablePeriphClock                     /Users/ahmedphone/Documents/MCUXPRESSO_Workspace/lpc_chip_15xx/Debug/liblpc_chip_15xx.a(clock_15xx.o)
                                                  /Users/ahmedphone/Documents/MCUXPRESSO_Workspace/lpc_chip_15xx/Debug/liblpc_chip_15xx.a(uart_15xx.o)
                                                  /Users/ahmedphone/Documents/MCUXPRESSO_Workspace/lpc_chip_15xx/Debug/liblpc_chip_15xx.a(gpio_15xx.o)
Chip_Clock_EnablePeriphClock                      /Users/ahmedphone/Documents/MCUXPRESSO_Workspace/lpc_chip_15xx/Debug/liblpc_chip_15xx.a(clock_15xx.o)
                                                  /Users/ahmedphone/Documents/MCUXPRESSO_Workspace/lpc_chip_15xx/Debug/liblpc_chip_15xx.a(uart_15xx.o)
                                                  /Users/ahmedphone/Documents/MCUXPRESSO_Workspace/lpc_chip_15xx/Debug/liblpc_chip_15xx.a(gpio_15xx.o)
                                                  /Users/ahmedphone/Documents/MCUXPRESSO_Workspace/lpc_chip_15xx/Debug/liblpc_chip_15xx.a(chip_15xx.o)
                                                  /Users/ahmedphone/Documents/MCUXPRESSO_Workspace/lpc_board_nxp_lpcxpresso_1549/Debug/liblpc_board_nxp_lpcxpresso_1549.a(board_sysinit.o)
Chip_Clock_GetADCASYNCRate                        /Users/ahmedphone/Documents/MCUXPRESSO_Workspace/lpc_chip_15xx/Debug/liblpc_chip_15xx.a(clock_15xx.o)
Chip_Clock_GetMainClockRate                       /Users/ahmedphone/Documents/MCUXPRESSO_Workspace/lpc_chip_15xx/Debug/liblpc_chip_15xx.a(clock_15xx.o)
                                                  /Users/ahmedphone/Documents/MCUXPRESSO_Workspace/lpc_board_nxp_lpcxpresso_1549/Debug/liblpc_board_nxp_lpcxpresso_1549.a(board.o)
Chip_Clock_GetMainClockSource                     /Users/ahmedphone/Documents/MCUXPRESSO_Workspace/lpc_chip_15xx/Debug/liblpc_chip_15xx.a(clock_15xx.o)
Chip_Clock_GetMain_A_ClockRate                    /Users/ahmedphone/Documents/MCUXPRESSO_Workspace/lpc_chip_15xx/Debug/liblpc_chip_15xx.a(clock_15xx.o)
Chip_Clock_GetMain_B_ClockRate                    /Users/ahmedphone/Documents/MCUXPRESSO_Workspace/lpc_chip_15xx/Debug/liblpc_chip_15xx.a(clock_15xx.o)
Chip_Clock_GetSCTPLLInClockRate                   /Users/ahmedphone/Documents/MCUXPRESSO_Workspace/lpc_chip_15xx/Debug/liblpc_chip_15xx.a(clock_15xx.o)
Chip_Clock_GetSCTPLLOutClockRate                  /Users/ahmedphone/Documents/MCUXPRESSO_Workspace/lpc_chip_15xx/Debug/liblpc_chip_15xx.a(clock_15xx.o)
Chip_Clock_GetSysTickClockRate                    /Users/ahmedphone/Documents/MCUXPRESSO_Workspace/lpc_chip_15xx/Debug/liblpc_chip_15xx.a(clock_15xx.o)
Chip_Clock_GetSystemClockRate                     /Users/ahmedphone/Documents/MCUXPRESSO_Workspace/lpc_chip_15xx/Debug/liblpc_chip_15xx.a(clock_15xx.o)
                                                  /Users/ahmedphone/Documents/MCUXPRESSO_Workspace/lpc_chip_15xx/Debug/liblpc_chip_15xx.a(chip_15xx.o)
Chip_Clock_GetSystemPLLInClockRate                /Users/ahmedphone/Documents/MCUXPRESSO_Workspace/lpc_chip_15xx/Debug/liblpc_chip_15xx.a(clock_15xx.o)
Chip_Clock_GetSystemPLLOutClockRate               /Users/ahmedphone/Documents/MCUXPRESSO_Workspace/lpc_chip_15xx/Debug/liblpc_chip_15xx.a(clock_15xx.o)
Chip_Clock_GetUARTBaseClockRate                   /Users/ahmedphone/Documents/MCUXPRESSO_Workspace/lpc_chip_15xx/Debug/liblpc_chip_15xx.a(clock_15xx.o)
                                                  /Users/ahmedphone/Documents/MCUXPRESSO_Workspace/lpc_chip_15xx/Debug/liblpc_chip_15xx.a(uart_15xx.o)
Chip_Clock_GetUSBPLLInClockRate                   /Users/ahmedphone/Documents/MCUXPRESSO_Workspace/lpc_chip_15xx/Debug/liblpc_chip_15xx.a(clock_15xx.o)
Chip_Clock_GetUSBPLLOutClockRate                  /Users/ahmedphone/Documents/MCUXPRESSO_Workspace/lpc_chip_15xx/Debug/liblpc_chip_15xx.a(clock_15xx.o)
Chip_Clock_SetCLKOUTSource                        /Users/ahmedphone/Documents/MCUXPRESSO_Workspace/lpc_chip_15xx/Debug/liblpc_chip_15xx.a(clock_15xx.o)
Chip_Clock_SetMainClockSource                     /Users/ahmedphone/Documents/MCUXPRESSO_Workspace/lpc_chip_15xx/Debug/liblpc_chip_15xx.a(clock_15xx.o)
                                                  /Users/ahmedphone/Documents/MCUXPRESSO_Workspace/lpc_chip_15xx/Debug/liblpc_chip_15xx.a(sysinit_15xx.o)
Chip_Clock_SetPLLBypass                           /Users/ahmedphone/Documents/MCUXPRESSO_Workspace/lpc_chip_15xx/Debug/liblpc_chip_15xx.a(clock_15xx.o)
Chip_Clock_SetUARTBaseClockRate                   /Users/ahmedphone/Documents/MCUXPRESSO_Workspace/lpc_chip_15xx/Debug/liblpc_chip_15xx.a(clock_15xx.o)
                                                  /Users/ahmedphone/Documents/MCUXPRESSO_Workspace/lpc_board_nxp_lpcxpresso_1549/Debug/liblpc_board_nxp_lpcxpresso_1549.a(board.o)
Chip_GPIO_DeInit                                  /Users/ahmedphone/Documents/MCUXPRESSO_Workspace/lpc_chip_15xx/Debug/liblpc_chip_15xx.a(gpio_15xx.o)
Chip_GPIO_Init                                    /Users/ahmedphone/Documents/MCUXPRESSO_Workspace/lpc_chip_15xx/Debug/liblpc_chip_15xx.a(gpio_15xx.o)
                                                  /Users/ahmedphone/Documents/MCUXPRESSO_Workspace/lpc_board_nxp_lpcxpresso_1549/Debug/liblpc_board_nxp_lpcxpresso_1549.a(board.o)
Chip_GPIO_SetDir                                  /Users/ahmedphone/Documents/MCUXPRESSO_Workspace/lpc_chip_15xx/Debug/liblpc_chip_15xx.a(gpio_15xx.o)
Chip_GPIO_SetPinDIR                               /Users/ahmedphone/Documents/MCUXPRESSO_Workspace/lpc_chip_15xx/Debug/liblpc_chip_15xx.a(gpio_15xx.o)
Chip_GPIO_SetPortDIR                              /Users/ahmedphone/Documents/MCUXPRESSO_Workspace/lpc_chip_15xx/Debug/liblpc_chip_15xx.a(gpio_15xx.o)
Chip_GPIO_WriteDirBit                             /Users/ahmedphone/Documents/MCUXPRESSO_Workspace/lpc_chip_15xx/Debug/liblpc_chip_15xx.a(gpio_15xx.o)
Chip_IOCON_SetPinMuxing                           /Users/ahmedphone/Documents/MCUXPRESSO_Workspace/lpc_chip_15xx/Debug/liblpc_chip_15xx.a(iocon_15xx.o)
                                                  /Users/ahmedphone/Documents/MCUXPRESSO_Workspace/lpc_board_nxp_lpcxpresso_1549/Debug/liblpc_board_nxp_lpcxpresso_1549.a(board_sysinit.o)
Chip_SWM_DisableFixedPin                          /Users/ahmedphone/Documents/MCUXPRESSO_Workspace/lpc_chip_15xx/Debug/liblpc_chip_15xx.a(swm_15xx.o)
Chip_SWM_EnableFixedPin                           /Users/ahmedphone/Documents/MCUXPRESSO_Workspace/lpc_chip_15xx/Debug/liblpc_chip_15xx.a(swm_15xx.o)
Chip_SWM_FixedPinEnable                           /Users/ahmedphone/Documents/MCUXPRESSO_Workspace/lpc_chip_15xx/Debug/liblpc_chip_15xx.a(swm_15xx.o)
Chip_SWM_IsFixedPinEnabled                        /Users/ahmedphone/Documents/MCUXPRESSO_Workspace/lpc_chip_15xx/Debug/liblpc_chip_15xx.a(swm_15xx.o)
Chip_SWM_MovablePinAssign                         /Users/ahmedphone/Documents/MCUXPRESSO_Workspace/lpc_chip_15xx/Debug/liblpc_chip_15xx.a(swm_15xx.o)
                                                  /Users/ahmedphone/Documents/MCUXPRESSO_Workspace/lpc_board_nxp_lpcxpresso_1549/Debug/liblpc_board_nxp_lpcxpresso_1549.a(board_sysinit.o)
                                                  /Users/ahmedphone/Documents/MCUXPRESSO_Workspace/lpc_board_nxp_lpcxpresso_1549/Debug/liblpc_board_nxp_lpcxpresso_1549.a(board.o)
Chip_SYSCTL_AssertPeriphReset                     /Users/ahmedphone/Documents/MCUXPRESSO_Workspace/lpc_chip_15xx/Debug/liblpc_chip_15xx.a(sysctl_15xx.o)
                                                  /Users/ahmedphone/Documents/MCUXPRESSO_Workspace/lpc_chip_15xx/Debug/liblpc_chip_15xx.a(uart_15xx.o)
                                                  /Users/ahmedphone/Documents/MCUXPRESSO_Workspace/lpc_chip_15xx/Debug/liblpc_chip_15xx.a(gpio_15xx.o)
                                                  /Users/ahmedphone/Documents/MCUXPRESSO_Workspace/lpc_chip_15xx/Debug/liblpc_chip_15xx.a(chip_15xx.o)
                                                  /Users/ahmedphone/Documents/MCUXPRESSO_Workspace/lpc_board_nxp_lpcxpresso_1549/Debug/liblpc_board_nxp_lpcxpresso_1549.a(board_sysinit.o)
Chip_SYSCTL_DeassertPeriphReset                   /Users/ahmedphone/Documents/MCUXPRESSO_Workspace/lpc_chip_15xx/Debug/liblpc_chip_15xx.a(sysctl_15xx.o)
                                                  /Users/ahmedphone/Documents/MCUXPRESSO_Workspace/lpc_chip_15xx/Debug/liblpc_chip_15xx.a(uart_15xx.o)
                                                  /Users/ahmedphone/Documents/MCUXPRESSO_Workspace/lpc_chip_15xx/Debug/liblpc_chip_15xx.a(gpio_15xx.o)
                                                  /Users/ahmedphone/Documents/MCUXPRESSO_Workspace/lpc_chip_15xx/Debug/liblpc_chip_15xx.a(chip_15xx.o)
                                                  /Users/ahmedphone/Documents/MCUXPRESSO_Workspace/lpc_board_nxp_lpcxpresso_1549/Debug/liblpc_board_nxp_lpcxpresso_1549.a(board_sysinit.o)
Chip_SYSCTL_GetCompFreqMeas                       /Users/ahmedphone/Documents/MCUXPRESSO_Workspace/lpc_chip_15xx/Debug/liblpc_chip_15xx.a(sysctl_15xx.o)
Chip_SYSCTL_PowerDown                             /Users/ahmedphone/Documents/MCUXPRESSO_Workspace/lpc_chip_15xx/Debug/liblpc_chip_15xx.a(sysctl_15xx.o)
                                                  /Users/ahmedphone/Documents/MCUXPRESSO_Workspace/lpc_chip_15xx/Debug/liblpc_chip_15xx.a(sysinit_15xx.o)
Chip_SYSCTL_PowerUp                               /Users/ahmedphone/Documents/MCUXPRESSO_Workspace/lpc_chip_15xx/Debug/liblpc_chip_15xx.a(sysctl_15xx.o)
                                                  /Users/ahmedphone/Documents/MCUXPRESSO_Workspace/lpc_chip_15xx/Debug/liblpc_chip_15xx.a(sysinit_15xx.o)
                                                  /Users/ahmedphone/Documents/MCUXPRESSO_Workspace/lpc_chip_15xx/Debug/liblpc_chip_15xx.a(chip_15xx.o)
                                                  /Users/ahmedphone/Documents/MCUXPRESSO_Workspace/lpc_board_nxp_lpcxpresso_1549/Debug/liblpc_board_nxp_lpcxpresso_1549.a(board_sysinit.o)
Chip_SYSCTL_SetWakeup                             /Users/ahmedphone/Documents/MCUXPRESSO_Workspace/lpc_chip_15xx/Debug/liblpc_chip_15xx.a(sysctl_15xx.o)
Chip_SetupIrcClocking                             /Users/ahmedphone/Documents/MCUXPRESSO_Workspace/lpc_chip_15xx/Debug/liblpc_chip_15xx.a(sysinit_15xx.o)
Chip_SetupXtalClocking                            /Users/ahmedphone/Documents/MCUXPRESSO_Workspace/lpc_chip_15xx/Debug/liblpc_chip_15xx.a(sysinit_15xx.o)
                                                  /Users/ahmedphone/Documents/MCUXPRESSO_Workspace/lpc_board_nxp_lpcxpresso_1549/Debug/liblpc_board_nxp_lpcxpresso_1549.a(board_sysinit.o)
Chip_SystemInit                                   /Users/ahmedphone/Documents/MCUXPRESSO_Workspace/lpc_chip_15xx/Debug/liblpc_chip_15xx.a(sysinit_15xx.o)
Chip_UART_DeInit                                  /Users/ahmedphone/Documents/MCUXPRESSO_Workspace/lpc_chip_15xx/Debug/liblpc_chip_15xx.a(uart_15xx.o)
Chip_UART_IRQRBHandler                            /Users/ahmedphone/Documents/MCUXPRESSO_Workspace/lpc_chip_15xx/Debug/liblpc_chip_15xx.a(uart_15xx.o)
Chip_UART_Init                                    /Users/ahmedphone/Documents/MCUXPRESSO_Workspace/lpc_chip_15xx/Debug/liblpc_chip_15xx.a(uart_15xx.o)
                                                  /Users/ahmedphone/Documents/MCUXPRESSO_Workspace/lpc_board_nxp_lpcxpresso_1549/Debug/liblpc_board_nxp_lpcxpresso_1549.a(board.o)
Chip_UART_RXIntHandlerRB                          /Users/ahmedphone/Documents/MCUXPRESSO_Workspace/lpc_chip_15xx/Debug/liblpc_chip_15xx.a(uart_15xx.o)
Chip_UART_Read                                    /Users/ahmedphone/Documents/MCUXPRESSO_Workspace/lpc_chip_15xx/Debug/liblpc_chip_15xx.a(uart_15xx.o)
                                                  /Users/ahmedphone/Documents/MCUXPRESSO_Workspace/lpc_board_nxp_lpcxpresso_1549/Debug/liblpc_board_nxp_lpcxpresso_1549.a(board.o)
Chip_UART_ReadBlocking                            /Users/ahmedphone/Documents/MCUXPRESSO_Workspace/lpc_chip_15xx/Debug/liblpc_chip_15xx.a(uart_15xx.o)
Chip_UART_ReadRB                                  /Users/ahmedphone/Documents/MCUXPRESSO_Workspace/lpc_chip_15xx/Debug/liblpc_chip_15xx.a(uart_15xx.o)
Chip_UART_Send                                    /Users/ahmedphone/Documents/MCUXPRESSO_Workspace/lpc_chip_15xx/Debug/liblpc_chip_15xx.a(uart_15xx.o)
Chip_UART_SendBlocking                            /Users/ahmedphone/Documents/MCUXPRESSO_Workspace/lpc_chip_15xx/Debug/liblpc_chip_15xx.a(uart_15xx.o)
                                                  /Users/ahmedphone/Documents/MCUXPRESSO_Workspace/lpc_board_nxp_lpcxpresso_1549/Debug/liblpc_board_nxp_lpcxpresso_1549.a(board.o)
Chip_UART_SendRB                                  /Users/ahmedphone/Documents/MCUXPRESSO_Workspace/lpc_chip_15xx/Debug/liblpc_chip_15xx.a(uart_15xx.o)
Chip_UART_SetBaud                                 /Users/ahmedphone/Documents/MCUXPRESSO_Workspace/lpc_chip_15xx/Debug/liblpc_chip_15xx.a(uart_15xx.o)
                                                  /Users/ahmedphone/Documents/MCUXPRESSO_Workspace/lpc_board_nxp_lpcxpresso_1549/Debug/liblpc_board_nxp_lpcxpresso_1549.a(board.o)
Chip_UART_SetBaudWithRTC32K                       /Users/ahmedphone/Documents/MCUXPRESSO_Workspace/lpc_chip_15xx/Debug/liblpc_chip_15xx.a(uart_15xx.o)
Chip_UART_TXIntHandlerRB                          /Users/ahmedphone/Documents/MCUXPRESSO_Workspace/lpc_chip_15xx/Debug/liblpc_chip_15xx.a(uart_15xx.o)
Chip_USB_Init                                     /Users/ahmedphone/Documents/MCUXPRESSO_Workspace/lpc_chip_15xx/Debug/liblpc_chip_15xx.a(chip_15xx.o)
DAC_IRQHandler                                    ./src/cr_startup_lpc15xx.o
DMA_IRQHandler                                    ./src/cr_startup_lpc15xx.o
DebugMon_Handler                                  ./src/cr_startup_lpc15xx.o
EEPROM_IRQHandler                                 ./src/cr_startup_lpc15xx.o
FMC_IRQHandler                                    ./src/cr_startup_lpc15xx.o
GINT0_IRQHandler                                  ./src/cr_startup_lpc15xx.o
GINT1_IRQHandler                                  ./src/cr_startup_lpc15xx.o
HardFault_Handler                                 ./src/cr_startup_lpc15xx.o
I2C0_IRQHandler                                   ./src/cr_startup_lpc15xx.o
IntDefaultHandler                                 ./src/cr_startup_lpc15xx.o
Joystick_GetStatus                                /Users/ahmedphone/Documents/MCUXPRESSO_Workspace/lpc_board_nxp_lpcxpresso_1549/Debug/liblpc_board_nxp_lpcxpresso_1549.a(board.o)
MRT_IRQHandler                                    ./src/cr_startup_lpc15xx.o
MemManage_Handler                                 ./src/cr_startup_lpc15xx.o
NMI_Handler                                       ./src/cr_startup_lpc15xx.o
OscRateIn                                         /Users/ahmedphone/Documents/MCUXPRESSO_Workspace/lpc_board_nxp_lpcxpresso_1549/Debug/liblpc_board_nxp_lpcxpresso_1549.a(board.o)
                                                  /Users/ahmedphone/Documents/MCUXPRESSO_Workspace/lpc_chip_15xx/Debug/liblpc_chip_15xx.a(clock_15xx.o)
PIN_INT0_IRQHandler                               ./src/cr_startup_lpc15xx.o
PIN_INT1_IRQHandler                               ./src/cr_startup_lpc15xx.o
PIN_INT2_IRQHandler                               ./src/cr_startup_lpc15xx.o
PIN_INT3_IRQHandler                               ./src/cr_startup_lpc15xx.o
PIN_INT4_IRQHandler                               ./src/cr_startup_lpc15xx.o
PIN_INT5_IRQHandler                               ./src/cr_startup_lpc15xx.o
PIN_INT6_IRQHandler                               ./src/cr_startup_lpc15xx.o
PIN_INT7_IRQHandler                               ./src/cr_startup_lpc15xx.o
PendSV_Handler                                    ./src/cr_startup_lpc15xx.o
QEI_IRQHandler                                    ./src/cr_startup_lpc15xx.o
RIT_IRQHandler                                    ./src/cr_startup_lpc15xx.o
RTCOscRateIn                                      /Users/ahmedphone/Documents/MCUXPRESSO_Workspace/lpc_board_nxp_lpcxpresso_1549/Debug/liblpc_board_nxp_lpcxpresso_1549.a(board.o)
                                                  /Users/ahmedphone/Documents/MCUXPRESSO_Workspace/lpc_chip_15xx/Debug/liblpc_chip_15xx.a(uart_15xx.o)
                                                  /Users/ahmedphone/Documents/MCUXPRESSO_Workspace/lpc_chip_15xx/Debug/liblpc_chip_15xx.a(clock_15xx.o)
RTC_ALARM_IRQHandler                              ./src/cr_startup_lpc15xx.o
RTC_WAKE_IRQHandler                               ./src/cr_startup_lpc15xx.o
ResetISR                                          ./src/cr_startup_lpc15xx.o
RingBuffer_Init                                   /Users/ahmedphone/Documents/MCUXPRESSO_Workspace/lpc_chip_15xx/Debug/liblpc_chip_15xx.a(ring_buffer.o)
RingBuffer_Insert                                 /Users/ahmedphone/Documents/MCUXPRESSO_Workspace/lpc_chip_15xx/Debug/liblpc_chip_15xx.a(ring_buffer.o)
                                                  /Users/ahmedphone/Documents/MCUXPRESSO_Workspace/lpc_chip_15xx/Debug/liblpc_chip_15xx.a(uart_15xx.o)
RingBuffer_InsertMult                             /Users/ahmedphone/Documents/MCUXPRESSO_Workspace/lpc_chip_15xx/Debug/liblpc_chip_15xx.a(ring_buffer.o)
                                                  /Users/ahmedphone/Documents/MCUXPRESSO_Workspace/lpc_chip_15xx/Debug/liblpc_chip_15xx.a(uart_15xx.o)
RingBuffer_Pop                                    /Users/ahmedphone/Documents/MCUXPRESSO_Workspace/lpc_chip_15xx/Debug/liblpc_chip_15xx.a(ring_buffer.o)
                                                  /Users/ahmedphone/Documents/MCUXPRESSO_Workspace/lpc_chip_15xx/Debug/liblpc_chip_15xx.a(uart_15xx.o)
RingBuffer_PopMult                                /Users/ahmedphone/Documents/MCUXPRESSO_Workspace/lpc_chip_15xx/Debug/liblpc_chip_15xx.a(ring_buffer.o)
                                                  /Users/ahmedphone/Documents/MCUXPRESSO_Workspace/lpc_chip_15xx/Debug/liblpc_chip_15xx.a(uart_15xx.o)
SCT0_IRQHandler                                   ./src/cr_startup_lpc15xx.o
SCT1_IRQHandler                                   ./src/cr_startup_lpc15xx.o
SCT2_IRQHandler                                   ./src/cr_startup_lpc15xx.o
SCT3_IRQHandler                                   ./src/cr_startup_lpc15xx.o
SPI0_IRQHandler                                   ./src/cr_startup_lpc15xx.o
SPI1_IRQHandler                                   ./src/cr_startup_lpc15xx.o
SVC_Handler                                       ./src/cr_startup_lpc15xx.o
SysTick_Handler                                   ./src/cr_startup_lpc15xx.o
SystemCoreClock                                   /Users/ahmedphone/Documents/MCUXPRESSO_Workspace/lpc_chip_15xx/Debug/liblpc_chip_15xx.a(chip_15xx.o)
SystemCoreClockUpdate                             /Users/ahmedphone/Documents/MCUXPRESSO_Workspace/lpc_chip_15xx/Debug/liblpc_chip_15xx.a(chip_15xx.o)
                                                  ./src/Lab_5.o
SystemInit                                        ./src/sysinit.o
                                                  ./src/cr_startup_lpc15xx.o
UART0_IRQHandler                                  ./src/cr_startup_lpc15xx.o
UART1_IRQHandler                                  ./src/cr_startup_lpc15xx.o
UART2_IRQHandler                                  ./src/cr_startup_lpc15xx.o
USBWakeup_IRQHandler                              ./src/cr_startup_lpc15xx.o
USB_FIQHandler                                    ./src/cr_startup_lpc15xx.o
USB_IRQHandler                                    ./src/cr_startup_lpc15xx.o
UsageFault_Handler                                ./src/cr_startup_lpc15xx.o
WDT_IRQHandler                                    ./src/cr_startup_lpc15xx.o
__aeabi_idiv0                                     /Applications/MCUXpressoIDE_11.4.1_6260/ide/plugins/com.nxp.mcuxpresso.tools.macosx_11.4.0.202103011116/tools/bin/../lib/gcc/arm-none-eabi/10.2.1/thumb/v7-m/nofp/libgcc.a(_dvmd_tls.o)
__aeabi_ldiv0                                     /Applications/MCUXpressoIDE_11.4.1_6260/ide/plugins/com.nxp.mcuxpresso.tools.macosx_11.4.0.202103011116/tools/bin/../lib/gcc/arm-none-eabi/10.2.1/thumb/v7-m/nofp/libgcc.a(_dvmd_tls.o)
                                                  /Applications/MCUXpressoIDE_11.4.1_6260/ide/plugins/com.nxp.mcuxpresso.tools.macosx_11.4.0.202103011116/tools/bin/../lib/gcc/arm-none-eabi/10.2.1/thumb/v7-m/nofp/libgcc.a(_aeabi_uldivmod.o)
__aeabi_uldivmod                                  /Applications/MCUXpressoIDE_11.4.1_6260/ide/plugins/com.nxp.mcuxpresso.tools.macosx_11.4.0.202103011116/tools/bin/../lib/gcc/arm-none-eabi/10.2.1/thumb/v7-m/nofp/libgcc.a(_aeabi_uldivmod.o)
                                                  /Users/ahmedphone/Documents/MCUXPRESSO_Workspace/lpc_chip_15xx/Debug/liblpc_chip_15xx.a(clock_15xx.o)
__bss_section_table_end                           ./src/cr_startup_lpc15xx.o
__data_section_table                              ./src/cr_startup_lpc15xx.o
__data_section_table_end                          ./src/cr_startup_lpc15xx.o
__sys_readc                                       /Users/ahmedphone/Documents/MCUXPRESSO_Workspace/lpc_board_nxp_lpcxpresso_1549/Debug/liblpc_board_nxp_lpcxpresso_1549.a(board.o)
__sys_write                                       /Users/ahmedphone/Documents/MCUXPRESSO_Workspace/lpc_board_nxp_lpcxpresso_1549/Debug/liblpc_board_nxp_lpcxpresso_1549.a(board.o)
__udivmoddi4                                      /Applications/MCUXpressoIDE_11.4.1_6260/ide/plugins/com.nxp.mcuxpresso.tools.macosx_11.4.0.202103011116/tools/bin/../lib/gcc/arm-none-eabi/10.2.1/thumb/v7-m/nofp/libgcc.a(_udivmoddi4.o)
                                                  /Applications/MCUXpressoIDE_11.4.1_6260/ide/plugins/com.nxp.mcuxpresso.tools.macosx_11.4.0.202103011116/tools/bin/../lib/gcc/arm-none-eabi/10.2.1/thumb/v7-m/nofp/libgcc.a(_aeabi_uldivmod.o)
__valid_user_code_checksum                        ./src/cr_startup_lpc15xx.o
_vStackTop                                        ./src/cr_startup_lpc15xx.o
bss_init                                          ./src/cr_startup_lpc15xx.o
data_init                                         ./src/cr_startup_lpc15xx.o
g_pfnVectors                                      ./src/cr_startup_lpc15xx.o
main                                              ./src/Lab_5.o
                                                  ./src/cr_startup_lpc15xx.o
memcpy                                            /Applications/MCUXpressoIDE_11.4.1_6260/ide/plugins/com.nxp.mcuxpresso.tools.macosx_11.4.0.202103011116/tools/bin/../lib/gcc/arm-none-eabi/10.2.1/../../../../arm-none-eabi/lib/thumb/v7-m/nofp/libc_nano.a(lib_a-memcpy-stub.o)
                                                  /Users/ahmedphone/Documents/MCUXPRESSO_Workspace/lpc_chip_15xx/Debug/liblpc_chip_15xx.a(ring_buffer.o)
prt                                               ./src/Lab_5.o
strcmp                                            /Applications/MCUXpressoIDE_11.4.1_6260/ide/plugins/com.nxp.mcuxpresso.tools.macosx_11.4.0.202103011116/tools/bin/../lib/gcc/arm-none-eabi/10.2.1/../../../../arm-none-eabi/lib/thumb/v7-m/nofp/libc_nano.a(lib_a-strcmp.o)
                                                  ./src/Lab_5.o
