Archive member included to satisfy reference by file (symbol)

/Users/ahmedphone/Documents/MCUXPRESSO_Workspace/lpc_board_nxp_lpcxpresso_1549/Debug/liblpc_board_nxp_lpcxpresso_1549.a(board.o)
                              ./example/src/systick.o (Board_LED_Set)
/Users/ahmedphone/Documents/MCUXPRESSO_Workspace/lpc_board_nxp_lpcxpresso_1549/Debug/liblpc_board_nxp_lpcxpresso_1549.a(board_sysinit.o)
                              ./example/src/sysinit.o (Board_SystemInit)
/Users/ahmedphone/Documents/MCUXPRESSO_Workspace/lpc_chip_15xx/Debug/liblpc_chip_15xx.a(chip_15xx.o)
                              ./example/src/systick.o (SystemCoreClockUpdate)
/Users/ahmedphone/Documents/MCUXPRESSO_Workspace/lpc_chip_15xx/Debug/liblpc_chip_15xx.a(clock_15xx.o)
                              /Users/ahmedphone/Documents/MCUXPRESSO_Workspace/lpc_board_nxp_lpcxpresso_1549/Debug/liblpc_board_nxp_lpcxpresso_1549.a(board.o) (Chip_Clock_GetMainClockRate)
/Users/ahmedphone/Documents/MCUXPRESSO_Workspace/lpc_chip_15xx/Debug/liblpc_chip_15xx.a(gpio_15xx.o)
                              /Users/ahmedphone/Documents/MCUXPRESSO_Workspace/lpc_board_nxp_lpcxpresso_1549/Debug/liblpc_board_nxp_lpcxpresso_1549.a(board.o) (Chip_GPIO_Init)
/Users/ahmedphone/Documents/MCUXPRESSO_Workspace/lpc_chip_15xx/Debug/liblpc_chip_15xx.a(iocon_15xx.o)
                              /Users/ahmedphone/Documents/MCUXPRESSO_Workspace/lpc_board_nxp_lpcxpresso_1549/Debug/liblpc_board_nxp_lpcxpresso_1549.a(board_sysinit.o) (Chip_IOCON_SetPinMuxing)
/Users/ahmedphone/Documents/MCUXPRESSO_Workspace/lpc_chip_15xx/Debug/liblpc_chip_15xx.a(swm_15xx.o)
                              /Users/ahmedphone/Documents/MCUXPRESSO_Workspace/lpc_board_nxp_lpcxpresso_1549/Debug/liblpc_board_nxp_lpcxpresso_1549.a(board.o) (Chip_SWM_MovablePinAssign)
/Users/ahmedphone/Documents/MCUXPRESSO_Workspace/lpc_chip_15xx/Debug/liblpc_chip_15xx.a(sysctl_15xx.o)
                              /Users/ahmedphone/Documents/MCUXPRESSO_Workspace/lpc_board_nxp_lpcxpresso_1549/Debug/liblpc_board_nxp_lpcxpresso_1549.a(board_sysinit.o) (Chip_SYSCTL_AssertPeriphReset)
/Users/ahmedphone/Documents/MCUXPRESSO_Workspace/lpc_chip_15xx/Debug/liblpc_chip_15xx.a(sysinit_15xx.o)
                              /Users/ahmedphone/Documents/MCUXPRESSO_Workspace/lpc_board_nxp_lpcxpresso_1549/Debug/liblpc_board_nxp_lpcxpresso_1549.a(board_sysinit.o) (Chip_SetupXtalClocking)
/Users/ahmedphone/Documents/MCUXPRESSO_Workspace/lpc_chip_15xx/Debug/liblpc_chip_15xx.a(uart_15xx.o)
                              /Users/ahmedphone/Documents/MCUXPRESSO_Workspace/lpc_board_nxp_lpcxpresso_1549/Debug/liblpc_board_nxp_lpcxpresso_1549.a(board.o) (Chip_UART_Init)
/Users/ahmedphone/Documents/MCUXPRESSO_Workspace/lpc_chip_15xx/Debug/liblpc_chip_15xx.a(ring_buffer.o)
                              /Users/ahmedphone/Documents/MCUXPRESSO_Workspace/lpc_chip_15xx/Debug/liblpc_chip_15xx.a(uart_15xx.o) (RingBuffer_Insert)
/Applications/MCUXpressoIDE_11.4.1_6260/ide/plugins/com.nxp.mcuxpresso.tools.macosx_11.4.0.202103011116/tools/bin/../lib/gcc/arm-none-eabi/10.2.1/../../../../arm-none-eabi/lib/thumb/v7-m/nofp/libcr_nohost.a(_cr__main.o)
                              ./example/src/cr_startup_lpc15xx.o (__main)
/Applications/MCUXpressoIDE_11.4.1_6260/ide/plugins/com.nxp.mcuxpresso.tools.macosx_11.4.0.202103011116/tools/bin/../lib/gcc/arm-none-eabi/10.2.1/../../../../arm-none-eabi/lib/thumb/v7-m/nofp/libcr_c.a(memcpy.o)
                              /Users/ahmedphone/Documents/MCUXPRESSO_Workspace/lpc_chip_15xx/Debug/liblpc_chip_15xx.a(ring_buffer.o) (memcpy)
/Applications/MCUXpressoIDE_11.4.1_6260/ide/plugins/com.nxp.mcuxpresso.tools.macosx_11.4.0.202103011116/tools/bin/../lib/gcc/arm-none-eabi/10.2.1/../../../../arm-none-eabi/lib/thumb/v7-m/nofp/libcr_c.a(initio.o)
                              /Applications/MCUXpressoIDE_11.4.1_6260/ide/plugins/com.nxp.mcuxpresso.tools.macosx_11.4.0.202103011116/tools/bin/../lib/gcc/arm-none-eabi/10.2.1/../../../../arm-none-eabi/lib/thumb/v7-m/nofp/libcr_nohost.a(_cr__main.o) (_initio)
/Applications/MCUXpressoIDE_11.4.1_6260/ide/plugins/com.nxp.mcuxpresso.tools.macosx_11.4.0.202103011116/tools/bin/../lib/gcc/arm-none-eabi/10.2.1/../../../../arm-none-eabi/lib/thumb/v7-m/nofp/libcr_c.a(setvbuf.o)
                              /Applications/MCUXpressoIDE_11.4.1_6260/ide/plugins/com.nxp.mcuxpresso.tools.macosx_11.4.0.202103011116/tools/bin/../lib/gcc/arm-none-eabi/10.2.1/../../../../arm-none-eabi/lib/thumb/v7-m/nofp/libcr_c.a(initio.o) (setvbuf)
/Applications/MCUXpressoIDE_11.4.1_6260/ide/plugins/com.nxp.mcuxpresso.tools.macosx_11.4.0.202103011116/tools/bin/../lib/gcc/arm-none-eabi/10.2.1/../../../../arm-none-eabi/lib/thumb/v7-m/nofp/libcr_c.a(_fdopen.o)
                              /Applications/MCUXpressoIDE_11.4.1_6260/ide/plugins/com.nxp.mcuxpresso.tools.macosx_11.4.0.202103011116/tools/bin/../lib/gcc/arm-none-eabi/10.2.1/../../../../arm-none-eabi/lib/thumb/v7-m/nofp/libcr_c.a(initio.o) (_fdopen)
[...]
Memory Configuration

Name             Origin             Length             Attributes
MFlash256        0x0000000000000000 0x0000000000040000 xr
Ram0_16          0x0000000002000000 0x0000000000004000 xrw
Ram1_16          0x0000000002004000 0x0000000000004000 xrw
Ram2_4           0x0000000002008000 0x0000000000001000 xrw
*default*        0x0000000000000000 0xffffffffffffffff

Linker script and memory map

LOAD ./example/src/cr_startup_lpc15xx.o
LOAD ./example/src/sysinit.o
LOAD ./example/src/systick.o
LOAD /Users/ahmedphone/Documents/MCUXPRESSO_Workspace/lpc_board_nxp_lpcxpresso_1549/Debug/liblpc_board_nxp_lpcxpresso_1549.a
LOAD /Users/ahmedphone/Documents/MCUXPRESSO_Workspace/lpc_chip_15xx/Debug/liblpc_chip_15xx.a
START GROUP
LOAD /Applications/MCUXpressoIDE_11.4.1_6260/ide/plugins/com.nxp.mcuxpresso.tools.macosx_11.4.0.202103011116/tools/bin/../lib/gcc/arm-none-eabi/10.2.1/../../../../arm-none-eabi/lib/thumb/v7-m/nofp/libcr_nohost.a
LOAD /Applications/MCUXpressoIDE_11.4.1_6260/ide/plugins/com.nxp.mcuxpresso.tools.macosx_11.4.0.202103011116/tools/bin/../lib/gcc/arm-none-eabi/10.2.1/../../../../arm-none-eabi/lib/thumb/v7-m/nofp/libcr_c.a
LOAD /Applications/MCUXpressoIDE_11.4.1_6260/ide/plugins/com.nxp.mcuxpresso.tools.macosx_11.4.0.202103011116/tools/bin/../lib/gcc/arm-none-eabi/10.2.1/thumb/v7-m/nofp/libcr_eabihelpers.a
LOAD /Applications/MCUXpressoIDE_11.4.1_6260/ide/plugins/com.nxp.mcuxpresso.tools.macosx_11.4.0.202103011116/tools/bin/../lib/gcc/arm-none-eabi/10.2.1/thumb/v7-m/nofp/libgcc.a
END GROUP
                0x0000000000000000                __base_MFlash256 = 0x0
                0x0000000000000000                __base_Flash = 0x0
                0x0000000000040000                __top_MFlash256 = 0x40000
                0x0000000000040000                __top_Flash = 0x40000
                0x0000000002000000                __base_Ram0_16 = 0x2000000
                0x0000000002000000                __base_RAM = 0x2000000
                0x0000000002004000                __top_Ram0_16 = 0x2004000
                0x0000000002004000                __top_RAM = 0x2004000
                0x0000000002004000                __base_Ram1_16 = 0x2004000
                0x0000000002004000                __base_RAM2 = 0x2004000
                0x0000000002008000                __top_Ram1_16 = 0x2008000
                0x0000000002008000                __top_RAM2 = 0x2008000
                0x0000000002008000                __base_Ram2_4 = 0x2008000
                0x0000000002008000                __base_RAM3 = 0x2008000
                0x0000000002009000                __top_Ram2_4 = 0x2009000
                0x0000000002009000                __top_RAM3 = 0x2009000

.text           0x0000000000000000     0x1988
 FILL mask 0xff
                0x0000000000000000                __vectors_start__ = ABSOLUTE (.)
 *(.isr_vector)
 .isr_vector    0x0000000000000000       0xfc ./example/src/cr_startup_lpc15xx.o
                0x0000000000000000                g_pfnVectors
                0x00000000000000fc                . = ALIGN (0x4)
                0x00000000000000fc                __section_table_start = .
                0x00000000000000fc                __data_section_table = .
                0x00000000000000fc        0x4 LONG 0x1988 LOADADDR (.data)
                0x0000000000000100        0x4 LONG 0x2000000 ADDR (.data)
                0x0000000000000104        0x4 LONG 0x0 SIZEOF (.data)
                0x0000000000000108        0x4 LONG 0x1988 LOADADDR (.data_RAM2)
                0x000000000000010c        0x4 LONG 0x2004000 ADDR (.data_RAM2)
                0x0000000000000110        0x4 LONG 0x0 SIZEOF (.data_RAM2)
                0x0000000000000114        0x4 LONG 0x1988 LOADADDR (.data_RAM3)
                0x0000000000000118        0x4 LONG 0x2008000 ADDR (.data_RAM3)
                0x000000000000011c        0x4 LONG 0x0 SIZEOF (.data_RAM3)
                0x0000000000000120                __data_section_table_end = .
                0x0000000000000120                __bss_section_table = .
                0x0000000000000120        0x4 LONG 0x2000000 ADDR (.bss)
                0x0000000000000124        0x4 LONG 0x1e8 SIZEOF (.bss)
                0x0000000000000128        0x4 LONG 0x2004000 ADDR (.bss_RAM2)
                0x000000000000012c        0x4 LONG 0x0 SIZEOF (.bss_RAM2)
                0x0000000000000130        0x4 LONG 0x2008000 ADDR (.bss_RAM3)
                0x0000000000000134        0x4 LONG 0x0 SIZEOF (.bss_RAM3)
                0x0000000000000138                __bss_section_table_end = .
                0x0000000000000138                __section_table_end = .
 *(.after_vectors*)
 .after_vectors
                0x0000000000000138      0x140 ./example/src/cr_startup_lpc15xx.o
                0x0000000000000138                data_init
                0x000000000000017c                bss_init
                0x00000000000001b4                ResetISR
                0x000000000000023c                NMI_Handler
                0x0000000000000242                HardFault_Handler
                0x0000000000000248                MemManage_Handler
                0x000000000000024e                BusFault_Handler
                0x0000000000000254                UsageFault_Handler
                0x000000000000025a                SVC_Handler
                0x0000000000000260                DebugMon_Handler
                0x0000000000000266                PendSV_Handler
                0x0000000000000272                PIN_INT6_IRQHandler
                0x0000000000000272                IntDefaultHandler
                0x0000000000000272                PIN_INT4_IRQHandler
                0x0000000000000272                CAN_IRQHandler
                0x0000000000000272                RTC_ALARM_IRQHandler
                0x0000000000000272                ADC1B_IRQHandler
                0x0000000000000272                ADC1_OVR_IRQHandler
                0x0000000000000272                USBWakeup_IRQHandler
                0x0000000000000272                UART2_IRQHandler
                0x0000000000000272                PIN_INT5_IRQHandler
                0x0000000000000272                SCT1_IRQHandler
                0x0000000000000272                PIN_INT2_IRQHandler
                0x0000000000000272                USB_FIQHandler
                0x0000000000000272                SCT3_IRQHandler
                0x0000000000000272                PIN_INT7_IRQHandler
                0x0000000000000272                PIN_INT1_IRQHandler
                0x0000000000000272                USB_IRQHandler
                0x0000000000000272                BOD_IRQHandler
                0x0000000000000272                ADC0B_IRQHandler
                0x0000000000000272                ACMP0_IRQHandler
                0x0000000000000272                WDT_IRQHandler
                0x0000000000000272                PIN_INT0_IRQHandler
                0x0000000000000272                QEI_IRQHandler
                0x0000000000000272                ACMP3_IRQHandler
                0x0000000000000272                GINT0_IRQHandler
                0x0000000000000272                DAC_IRQHandler
                0x0000000000000272                SPI0_IRQHandler
                0x0000000000000272                EEPROM_IRQHandler
                0x0000000000000272                ACMP2_IRQHandler
                0x0000000000000272                ADC1A_IRQHandler
                0x0000000000000272                DMA_IRQHandler
                0x0000000000000272                PIN_INT3_IRQHandler
                0x0000000000000272                ACMP1_IRQHandler
                0x0000000000000272                ADC0A_IRQHandler
                0x0000000000000272                FMC_IRQHandler
                0x0000000000000272                GINT1_IRQHandler
                0x0000000000000272                SCT0_IRQHandler
                0x0000000000000272                ADC0_THCMP_IRQHandler
                0x0000000000000272                RIT_IRQHandler
                0x0000000000000272                I2C0_IRQHandler
                0x0000000000000272                ADC0_OVR_IRQHandler
                0x0000000000000272                ADC1_THCMP_IRQHandler
                0x0000000000000272                SCT2_IRQHandler
                0x0000000000000272                MRT_IRQHandler
                0x0000000000000272                UART1_IRQHandler
                0x0000000000000272                RTC_WAKE_IRQHandler
                0x0000000000000272                UART0_IRQHandler
                0x0000000000000272                SPI1_IRQHandler
 *(.text*)
 .text.SystemInit
                0x0000000000000278        0xc ./example/src/sysinit.o
                0x0000000000000278                SystemInit
 .text.NVIC_SetPriority
                0x0000000000000284       0x54 ./example/src/systick.o
 .text.SysTick_Config
                0x00000000000002d8       0x44 ./example/src/systick.o
 .text.Chip_Clock_SetSysTickClockDiv
                0x000000000000031c       0x20 ./example/src/systick.o
 .text.SysTick_Handler
                0x000000000000033c       0x14 ./example/src/systick.o
                0x000000000000033c                SysTick_Handler
 .text.main     0x0000000000000350       0x44 ./example/src/systick.o
                0x0000000000000350                main
 .text.Chip_IOCON_PinMuxSet
                0x0000000000000394       0x2c /Users/ahmedphone/Documents/MCUXPRESSO_Workspace/lpc_board_nxp_lpcxpresso_1549/Debug/liblpc_board_nxp_lpcxpresso_1549.a(board.o)
 .text.Chip_SWM_MovablePortPinAssign
                0x00000000000003c0       0x30 /Users/ahmedphone/Documents/MCUXPRESSO_Workspace/lpc_board_nxp_lpcxpresso_1549/Debug/liblpc_board_nxp_lpcxpresso_1549.a(board.o)
 .text.Chip_GPIO_SetPinState
                0x00000000000003f0       0x36 /Users/ahmedphone/Documents/MCUXPRESSO_Workspace/lpc_board_nxp_lpcxpresso_1549/Debug/liblpc_board_nxp_lpcxpresso_1549.a(board.o)
 .text.Chip_GPIO_SetPinDIROutput
                0x0000000000000426       0x3c /Users/ahmedphone/Documents/MCUXPRESSO_Workspace/lpc_board_nxp_lpcxpresso_1549/Debug/liblpc_board_nxp_lpcxpresso_1549.a(board.o)
 .text.Chip_GPIO_SetPinToggle
                0x0000000000000462       0x30 /Users/ahmedphone/Documents/MCUXPRESSO_Workspace/lpc_board_nxp_lpcxpresso_1549/Debug/liblpc_board_nxp_lpcxpresso_1549.a(board.o)
 .text.Chip_UART_Enable
                0x0000000000000492       0x1e /Users/ahmedphone/Documents/MCUXPRESSO_Workspace/lpc_board_nxp_lpcxpresso_1549/Debug/liblpc_board_nxp_lpcxpresso_1549.a(board.o)
 .text.Chip_UART_TXEnable
                0x00000000000004b0       0x1e /Users/ahmedphone/Documents/MCUXPRESSO_Workspace/lpc_board_nxp_lpcxpresso_1549/Debug/liblpc_board_nxp_lpcxpresso_1549.a(board.o)
 .text.Chip_UART_ConfigData
                0x00000000000004ce       0x28 /Users/ahmedphone/Documents/MCUXPRESSO_Workspace/lpc_board_nxp_lpcxpresso_1549/Debug/liblpc_board_nxp_lpcxpresso_1549.a(board.o)
 .text.__sys_write
                0x00000000000004f6       0x38 /Users/ahmedphone/Documents/MCUXPRESSO_Workspace/lpc_board_nxp_lpcxpresso_1549/Debug/liblpc_board_nxp_lpcxpresso_1549.a(board.o)
                0x00000000000004f6                __sys_write
 *fill*         0x000000000000052e        0x2 ff
 .text.Board_UARTPutChar
                0x0000000000000530       0x24 /Users/ahmedphone/Documents/MCUXPRESSO_Workspace/lpc_board_nxp_lpcxpresso_1549/Debug/liblpc_board_nxp_lpcxpresso_1549.a(board.o)
                0x0000000000000530                Board_UARTPutChar
 .text.Board_Debug_Init
                0x0000000000000554       0x70 /Users/ahmedphone/Documents/MCUXPRESSO_Workspace/lpc_board_nxp_lpcxpresso_1549/Debug/liblpc_board_nxp_lpcxpresso_1549.a(board.o)
                0x0000000000000554                Board_Debug_Init
 .text.Board_LED_Init
                0x00000000000005c4       0x60 /Users/ahmedphone/Documents/MCUXPRESSO_Workspace/lpc_board_nxp_lpcxpresso_1549/Debug/liblpc_board_nxp_lpcxpresso_1549.a(board.o)
 .text.Board_LED_Set
                0x0000000000000624       0x54 /Users/ahmedphone/Documents/MCUXPRESSO_Workspace/lpc_board_nxp_lpcxpresso_1549/Debug/liblpc_board_nxp_lpcxpresso_1549.a(board.o)
                0x0000000000000624                Board_LED_Set
 .text.Board_LED_Toggle
                0x0000000000000678       0x30 /Users/ahmedphone/Documents/MCUXPRESSO_Workspace/lpc_board_nxp_lpcxpresso_1549/Debug/liblpc_board_nxp_lpcxpresso_1549.a(board.o)
                0x0000000000000678                Board_LED_Toggle
 .text.Board_Init
                0x00000000000006a8       0x18 /Users/ahmedphone/Documents/MCUXPRESSO_Workspace/lpc_board_nxp_lpcxpresso_1549/Debug/liblpc_board_nxp_lpcxpresso_1549.a(board.o)
                0x00000000000006a8                Board_Init
 .text.Chip_SYSCTL_PeriphReset
                0x00000000000006c0       0x22 /Users/ahmedphone/Documents/MCUXPRESSO_Workspace/lpc_board_nxp_lpcxpresso_1549/Debug/liblpc_board_nxp_lpcxpresso_1549.a(board_sysinit.o)
 *fill*         0x00000000000006e2        0x2 ff
 .text.Chip_Clock_SetUSBPLLSource
                0x00000000000006e4       0x20 /Users/ahmedphone/Documents/MCUXPRESSO_Workspace/lpc_board_nxp_lpcxpresso_1549/Debug/liblpc_board_nxp_lpcxpresso_1549.a(board_sysinit.o)
 .text.Chip_Clock_SetupUSBPLL
                0x0000000000000704       0x34 /Users/ahmedphone/Documents/MCUXPRESSO_Workspace/lpc_board_nxp_lpcxpresso_1549/Debug/liblpc_board_nxp_lpcxpresso_1549.a(board_sysinit.o)
 .text.Chip_Clock_IsUSBPLLLocked
                0x0000000000000738       0x24 /Users/ahmedphone/Documents/MCUXPRESSO_Workspace/lpc_board_nxp_lpcxpresso_1549/Debug/liblpc_board_nxp_lpcxpresso_1549.a(board_sysinit.o)
 .text.Chip_Clock_SetSysTickClockDiv
                0x000000000000075c       0x20 /Users/ahmedphone/Documents/MCUXPRESSO_Workspace/lpc_board_nxp_lpcxpresso_1549/Debug/liblpc_board_nxp_lpcxpresso_1549.a(board_sysinit.o)
 .text.Chip_SWM_MovablePortPinAssign
                0x000000000000077c       0x30 /Users/ahmedphone/Documents/MCUXPRESSO_Workspace/lpc_board_nxp_lpcxpresso_1549/Debug/liblpc_board_nxp_lpcxpresso_1549.a(board_sysinit.o)
 .text.Board_SetupMuxing
                0x00000000000007ac       0x84 /Users/ahmedphone/Documents/MCUXPRESSO_Workspace/lpc_board_nxp_lpcxpresso_1549/Debug/liblpc_board_nxp_lpcxpresso_1549.a(board_sysinit.o)
                0x00000000000007ac                Board_SetupMuxing
 .text.Board_SetupClocking
                0x0000000000000830       0x3a /Users/ahmedphone/Documents/MCUXPRESSO_Workspace/lpc_board_nxp_lpcxpresso_1549/Debug/liblpc_board_nxp_lpcxpresso_1549.a(board_sysinit.o)
                0x0000000000000830                Board_SetupClocking
 *fill*         0x000000000000086a        0x2 ff
 .text.Board_SystemInit
                0x000000000000086c       0x1c /Users/ahmedphone/Documents/MCUXPRESSO_Workspace/lpc_board_nxp_lpcxpresso_1549/Debug/liblpc_board_nxp_lpcxpresso_1549.a(board_sysinit.o)
                0x000000000000086c                Board_SystemInit
 .text.SystemCoreClockUpdate
                0x0000000000000888       0x18 /Users/ahmedphone/Documents/MCUXPRESSO_Workspace/lpc_chip_15xx/Debug/liblpc_chip_15xx.a(chip_15xx.o)
                0x0000000000000888                SystemCoreClockUpdate
 .text.Chip_Clock_SetMain_A_ClockSource
                0x00000000000008a0       0x20 /Users/ahmedphone/Documents/MCUXPRESSO_Workspace/lpc_chip_15xx/Debug/liblpc_chip_15xx.a(clock_15xx.o)
 .text.Chip_Clock_GetMain_A_ClockSource
                0x00000000000008c0       0x18 /Users/ahmedphone/Documents/MCUXPRESSO_Workspace/lpc_chip_15xx/Debug/liblpc_chip_15xx.a(clock_15xx.o)
 .text.Chip_Clock_SetMain_B_ClockSource
                0x00000000000008d8       0x20 /Users/ahmedphone/Documents/MCUXPRESSO_Workspace/lpc_chip_15xx/Debug/liblpc_chip_15xx.a(clock_15xx.o)
 .text.Chip_Clock_GetMain_B_ClockSource
                0x00000000000008f8       0x18 /Users/ahmedphone/Documents/MCUXPRESSO_Workspace/lpc_chip_15xx/Debug/liblpc_chip_15xx.a(clock_15xx.o)
 .text.Chip_Clock_GetSysTickClockDiv
                0x0000000000000910       0x18 /Users/ahmedphone/Documents/MCUXPRESSO_Workspace/lpc_chip_15xx/Debug/liblpc_chip_15xx.a(clock_15xx.o)
 .text.Chip_Clock_SetUARTFRGDivider
                0x0000000000000928       0x20 /Users/ahmedphone/Documents/MCUXPRESSO_Workspace/lpc_chip_15xx/Debug/liblpc_chip_15xx.a(clock_15xx.o)
 .text.Chip_Clock_GetUARTFRGDivider
                0x0000000000000948       0x18 /Users/ahmedphone/Documents/MCUXPRESSO_Workspace/lpc_chip_15xx/Debug/liblpc_chip_15xx.a(clock_15xx.o)
 .text.Chip_Clock_GetMainOscRate
                0x0000000000000960       0x14 /Users/ahmedphone/Documents/MCUXPRESSO_Workspace/lpc_chip_15xx/Debug/liblpc_chip_15xx.a(clock_15xx.o)
 .text.Chip_Clock_GetIntOscRate
                0x0000000000000974       0x14 /Users/ahmedphone/Documents/MCUXPRESSO_Workspace/lpc_chip_15xx/Debug/liblpc_chip_15xx.a(clock_15xx.o)
 .text.Chip_Clock_GetRTCOscRate
                0x0000000000000988       0x14 /Users/ahmedphone/Documents/MCUXPRESSO_Workspace/lpc_chip_15xx/Debug/liblpc_chip_15xx.a(clock_15xx.o)
 .text.Chip_Clock_GetWDTOSCRate
                0x000000000000099c       0x14 /Users/ahmedphone/Documents/MCUXPRESSO_Workspace/lpc_chip_15xx/Debug/liblpc_chip_15xx.a(clock_15xx.o)
 .text.Chip_Clock_GetPLLFreq
                0x00000000000009b0       0x26 /Users/ahmedphone/Documents/MCUXPRESSO_Workspace/lpc_chip_15xx/Debug/liblpc_chip_15xx.a(clock_15xx.o)
 .text.Chip_Clock_GetPLLInClockRate
                0x00000000000009d6       0x38 /Users/ahmedphone/Documents/MCUXPRESSO_Workspace/lpc_chip_15xx/Debug/liblpc_chip_15xx.a(clock_15xx.o)
 *fill*         0x0000000000000a0e        0x2 ff
 .text.Chip_Clock_GetSystemPLLInClockRate
                0x0000000000000a10       0x1c /Users/ahmedphone/Documents/MCUXPRESSO_Workspace/lpc_chip_15xx/Debug/liblpc_chip_15xx.a(clock_15xx.o)
                0x0000000000000a10                Chip_Clock_GetSystemPLLInClockRate
 .text.Chip_Clock_GetSystemPLLOutClockRate
                0x0000000000000a2c       0x24 /Users/ahmedphone/Documents/MCUXPRESSO_Workspace/lpc_chip_15xx/Debug/liblpc_chip_15xx.a(clock_15xx.o)
                0x0000000000000a2c                Chip_Clock_GetSystemPLLOutClockRate
 .text.Chip_Clock_GetMain_A_ClockRate
                0x0000000000000a50       0x4a /Users/ahmedphone/Documents/MCUXPRESSO_Workspace/lpc_chip_15xx/Debug/liblpc_chip_15xx.a(clock_15xx.o)
                0x0000000000000a50                Chip_Clock_GetMain_A_ClockRate
 *fill*         0x0000000000000a9a        0x2 ff
 .text.Chip_Clock_GetMain_B_ClockRate
                0x0000000000000a9c       0x58 /Users/ahmedphone/Documents/MCUXPRESSO_Workspace/lpc_chip_15xx/Debug/liblpc_chip_15xx.a(clock_15xx.o)
                0x0000000000000a9c                Chip_Clock_GetMain_B_ClockRate
 .text.Chip_Clock_SetMainClockSource
                0x0000000000000af4       0x3c /Users/ahmedphone/Documents/MCUXPRESSO_Workspace/lpc_chip_15xx/Debug/liblpc_chip_15xx.a(clock_15xx.o)
                0x0000000000000af4                Chip_Clock_SetMainClockSource
 .text.Chip_Clock_GetMainClockRate
                0x0000000000000b30       0x28 /Users/ahmedphone/Documents/MCUXPRESSO_Workspace/lpc_chip_15xx/Debug/liblpc_chip_15xx.a(clock_15xx.o)
                0x0000000000000b30                Chip_Clock_GetMainClockRate
 .text.Chip_Clock_EnablePeriphClock
                0x0000000000000b58       0x58 /Users/ahmedphone/Documents/MCUXPRESSO_Workspace/lpc_chip_15xx/Debug/liblpc_chip_15xx.a(clock_15xx.o)
                0x0000000000000b58                Chip_Clock_EnablePeriphClock
 .text.Chip_Clock_GetSysTickClockRate
                0x0000000000000bb0       0x30 /Users/ahmedphone/Documents/MCUXPRESSO_Workspace/lpc_chip_15xx/Debug/liblpc_chip_15xx.a(clock_15xx.o)
                0x0000000000000bb0                Chip_Clock_GetSysTickClockRate
 .text.Chip_Clock_GetUARTBaseClockRate
                0x0000000000000be0       0x94 /Users/ahmedphone/Documents/MCUXPRESSO_Workspace/lpc_chip_15xx/Debug/liblpc_chip_15xx.a(clock_15xx.o)
                0x0000000000000be0                Chip_Clock_GetUARTBaseClockRate
 .text.Chip_Clock_SetUARTBaseClockRate
                0x0000000000000c74       0xac /Users/ahmedphone/Documents/MCUXPRESSO_Workspace/lpc_chip_15xx/Debug/liblpc_chip_15xx.a(clock_15xx.o)
                0x0000000000000c74                Chip_Clock_SetUARTBaseClockRate
 .text.Chip_Clock_GetSystemClockRate
                0x0000000000000d20       0x1c /Users/ahmedphone/Documents/MCUXPRESSO_Workspace/lpc_chip_15xx/Debug/liblpc_chip_15xx.a(clock_15xx.o)
                0x0000000000000d20                Chip_Clock_GetSystemClockRate
 .text.Chip_SYSCTL_PeriphReset
                0x0000000000000d3c       0x22 /Users/ahmedphone/Documents/MCUXPRESSO_Workspace/lpc_chip_15xx/Debug/liblpc_chip_15xx.a(gpio_15xx.o)
 .text.Chip_GPIO_Init
                0x0000000000000d5e       0x2e /Users/ahmedphone/Documents/MCUXPRESSO_Workspace/lpc_chip_15xx/Debug/liblpc_chip_15xx.a(gpio_15xx.o)
                0x0000000000000d5e                Chip_GPIO_Init
 .text.Chip_IOCON_PinMuxSet
                0x0000000000000d8c       0x2c /Users/ahmedphone/Documents/MCUXPRESSO_Workspace/lpc_chip_15xx/Debug/liblpc_chip_15xx.a(iocon_15xx.o)
 .text.Chip_IOCON_SetPinMuxing
                0x0000000000000db8       0x50 /Users/ahmedphone/Documents/MCUXPRESSO_Workspace/lpc_chip_15xx/Debug/liblpc_chip_15xx.a(iocon_15xx.o)
                0x0000000000000db8                Chip_IOCON_SetPinMuxing
 .text.Chip_SWM_MovablePinAssign
                0x0000000000000e08       0x5c /Users/ahmedphone/Documents/MCUXPRESSO_Workspace/lpc_chip_15xx/Debug/liblpc_chip_15xx.a(swm_15xx.o)
                0x0000000000000e08                Chip_SWM_MovablePinAssign
 .text.Chip_SYSCTL_AssertPeriphReset
                0x0000000000000e64       0x4c /Users/ahmedphone/Documents/MCUXPRESSO_Workspace/lpc_chip_15xx/Debug/liblpc_chip_15xx.a(sysctl_15xx.o)
                0x0000000000000e64                Chip_SYSCTL_AssertPeriphReset
 .text.Chip_SYSCTL_DeassertPeriphReset
                0x0000000000000eb0       0x50 /Users/ahmedphone/Documents/MCUXPRESSO_Workspace/lpc_chip_15xx/Debug/liblpc_chip_15xx.a(sysctl_15xx.o)
                0x0000000000000eb0                Chip_SYSCTL_DeassertPeriphReset
 .text.Chip_SYSCTL_PowerDown
                0x0000000000000f00       0x40 /Users/ahmedphone/Documents/MCUXPRESSO_Workspace/lpc_chip_15xx/Debug/liblpc_chip_15xx.a(sysctl_15xx.o)
                0x0000000000000f00                Chip_SYSCTL_PowerDown
 .text.Chip_SYSCTL_PowerUp
                0x0000000000000f40       0x40 /Users/ahmedphone/Documents/MCUXPRESSO_Workspace/lpc_chip_15xx/Debug/liblpc_chip_15xx.a(sysctl_15xx.o)
                0x0000000000000f40                Chip_SYSCTL_PowerUp
 .text.Chip_FMC_SetFLASHAccess
                0x0000000000000f80       0x38 /Users/ahmedphone/Documents/MCUXPRESSO_Workspace/lpc_chip_15xx/Debug/liblpc_chip_15xx.a(sysinit_15xx.o)
 .text.Chip_Clock_SetSystemPLLSource
                0x0000000000000fb8       0x20 /Users/ahmedphone/Documents/MCUXPRESSO_Workspace/lpc_chip_15xx/Debug/liblpc_chip_15xx.a(sysinit_15xx.o)
 .text.Chip_Clock_SetupSystemPLL
                0x0000000000000fd8       0x34 /Users/ahmedphone/Documents/MCUXPRESSO_Workspace/lpc_chip_15xx/Debug/liblpc_chip_15xx.a(sysinit_15xx.o)
 .text.Chip_Clock_IsSystemPLLLocked
                0x000000000000100c       0x24 /Users/ahmedphone/Documents/MCUXPRESSO_Workspace/lpc_chip_15xx/Debug/liblpc_chip_15xx.a(sysinit_15xx.o)
 .text.Chip_Clock_SetSysClockDiv
                0x0000000000001030       0x20 /Users/ahmedphone/Documents/MCUXPRESSO_Workspace/lpc_chip_15xx/Debug/liblpc_chip_15xx.a(sysinit_15xx.o)
 .text.Chip_SetupXtalClocking
                0x0000000000001050       0x6c /Users/ahmedphone/Documents/MCUXPRESSO_Workspace/lpc_chip_15xx/Debug/liblpc_chip_15xx.a(sysinit_15xx.o)
                0x0000000000001050                Chip_SetupXtalClocking
 .text.Chip_SYSCTL_PeriphReset
                0x00000000000010bc       0x22 /Users/ahmedphone/Documents/MCUXPRESSO_Workspace/lpc_chip_15xx/Debug/liblpc_chip_15xx.a(uart_15xx.o)
 .text.Chip_UART_SendByte
                0x00000000000010de       0x1c /Users/ahmedphone/Documents/MCUXPRESSO_Workspace/lpc_chip_15xx/Debug/liblpc_chip_15xx.a(uart_15xx.o)
 .text.Chip_UART_GetStatus
                0x00000000000010fa       0x16 /Users/ahmedphone/Documents/MCUXPRESSO_Workspace/lpc_chip_15xx/Debug/liblpc_chip_15xx.a(uart_15xx.o)
 .text.getUARTClockID
                0x0000000000001110       0x34 /Users/ahmedphone/Documents/MCUXPRESSO_Workspace/lpc_chip_15xx/Debug/liblpc_chip_15xx.a(uart_15xx.o)
 .text.Chip_UART_Init
                0x0000000000001144       0x4c /Users/ahmedphone/Documents/MCUXPRESSO_Workspace/lpc_chip_15xx/Debug/liblpc_chip_15xx.a(uart_15xx.o)
                0x0000000000001144                Chip_UART_Init
 .text.Chip_UART_Send
                0x0000000000001190       0x50 /Users/ahmedphone/Documents/MCUXPRESSO_Workspace/lpc_chip_15xx/Debug/liblpc_chip_15xx.a(uart_15xx.o)
                0x0000000000001190                Chip_UART_Send
 .text.Chip_UART_SendBlocking
                0x00000000000011e0       0x4a /Users/ahmedphone/Documents/MCUXPRESSO_Workspace/lpc_chip_15xx/Debug/liblpc_chip_15xx.a(uart_15xx.o)
                0x00000000000011e0                Chip_UART_SendBlocking
 .text.Chip_UART_SetBaud
                0x000000000000122a       0x2a /Users/ahmedphone/Documents/MCUXPRESSO_Workspace/lpc_chip_15xx/Debug/liblpc_chip_15xx.a(uart_15xx.o)
                0x000000000000122a                Chip_UART_SetBaud
 .text.__main   0x0000000000001254        0xe /Applications/MCUXpressoIDE_11.4.1_6260/ide/plugins/com.nxp.mcuxpresso.tools.macosx_11.4.0.202103011116/tools/bin/../lib/gcc/arm-none-eabi/10.2.1/../../../../arm-none-eabi/lib/thumb/v7-m/nofp/libcr_nohost.a(_cr__main.o)
                0x0000000000001254                __main
 *fill*         0x0000000000001262        0x2 ff
 .text._initio  0x0000000000001264       0x78 /Applications/MCUXpressoIDE_11.4.1_6260/ide/plugins/com.nxp.mcuxpresso.tools.macosx_11.4.0.202103011116/tools/bin/../lib/gcc/arm-none-eabi/10.2.1/../../../../arm-none-eabi/lib/thumb/v7-m/nofp/libcr_c.a(initio.o)
                0x0000000000001264                _initio
 .text.setvbuf  0x00000000000012dc       0x3e /Applications/MCUXpressoIDE_11.4.1_6260/ide/plugins/com.nxp.mcuxpresso.tools.macosx_11.4.0.202103011116/tools/bin/../lib/gcc/arm-none-eabi/10.2.1/../../../../arm-none-eabi/lib/thumb/v7-m/nofp/libcr_c.a(setvbuf.o)
                0x00000000000012dc                setvbuf
 .text._fdopen  0x000000000000131a       0x68 /Applications/MCUXpressoIDE_11.4.1_6260/ide/plugins/com.nxp.mcuxpresso.tools.macosx_11.4.0.202103011116/tools/bin/../lib/gcc/arm-none-eabi/10.2.1/../../../../arm-none-eabi/lib/thumb/v7-m/nofp/libcr_c.a(_fdopen.o)
                0x000000000000131a                _fdopen
 .text.fclose   0x0000000000001382       0x58 /Applications/MCUXpressoIDE_11.4.1_6260/ide/plugins/com.nxp.mcuxpresso.tools.macosx_11.4.0.202103011116/tools/bin/../lib/gcc/arm-none-eabi/10.2.1/../../../../arm-none-eabi/lib/thumb/v7-m/nofp/libcr_c.a(fclose.o)
                0x0000000000001382                fclose
 *fill*         0x00000000000013da        0x2 ff
 .text.fflush   0x00000000000013dc       0x3c /Applications/MCUXpressoIDE_11.4.1_6260/ide/plugins/com.nxp.mcuxpresso.tools.macosx_11.4.0.202103011116/tools/bin/../lib/gcc/arm-none-eabi/10.2.1/../../../../arm-none-eabi/lib/thumb/v7-m/nofp/libcr_c.a(fflush.o)
                0x00000000000013dc                fflush
 .text.fseek    0x0000000000001418       0xfc /Applications/MCUXpressoIDE_11.4.1_6260/ide/plugins/com.nxp.mcuxpresso.tools.macosx_11.4.0.202103011116/tools/bin/../lib/gcc/arm-none-eabi/10.2.1/../../../../arm-none-eabi/lib/thumb/v7-m/nofp/libcr_c.a(fseek.o)
                0x0000000000001418                fseek
 .text.ftell    0x0000000000001514       0x44 /Applications/MCUXpressoIDE_11.4.1_6260/ide/plugins/com.nxp.mcuxpresso.tools.macosx_11.4.0.202103011116/tools/bin/../lib/gcc/arm-none-eabi/10.2.1/../../../../arm-none-eabi/lib/thumb/v7-m/nofp/libcr_c.a(ftell.o)
                0x0000000000001514                ftell
 .text.remove   0x0000000000001558       0x14 /Applications/MCUXpressoIDE_11.4.1_6260/ide/plugins/com.nxp.mcuxpresso.tools.macosx_11.4.0.202103011116/tools/bin/../lib/gcc/arm-none-eabi/10.2.1/../../../../arm-none-eabi/lib/thumb/v7-m/nofp/libcr_c.a(remove.o)
                0x0000000000001558                remove
 .text.strlen   0x000000000000156c       0x48 /Applications/MCUXpressoIDE_11.4.1_6260/ide/plugins/com.nxp.mcuxpresso.tools.macosx_11.4.0.202103011116/tools/bin/../lib/gcc/arm-none-eabi/10.2.1/../../../../arm-none-eabi/lib/thumb/v7-m/nofp/libcr_c.a(strlen.o)
                0x000000000000156c                strlen
 .text.memset   0x00000000000015b4        0x4 /Applications/MCUXpressoIDE_11.4.1_6260/ide/plugins/com.nxp.mcuxpresso.tools.macosx_11.4.0.202103011116/tools/bin/../lib/gcc/arm-none-eabi/10.2.1/../../../../arm-none-eabi/lib/thumb/v7-m/nofp/libcr_c.a(memset.o)
                0x00000000000015b4                memset
 .text._do_fflush
                0x00000000000015b8       0x40 /Applications/MCUXpressoIDE_11.4.1_6260/ide/plugins/com.nxp.mcuxpresso.tools.macosx_11.4.0.202103011116/tools/bin/../lib/gcc/arm-none-eabi/10.2.1/../../../../arm-none-eabi/lib/thumb/v7-m/nofp/libcr_c.a(_do_fflush.o)
                0x00000000000015b8                _do_fflush
 .text._fflush  0x00000000000015f8       0x52 /Applications/MCUXpressoIDE_11.4.1_6260/ide/plugins/com.nxp.mcuxpresso.tools.macosx_11.4.0.202103011116/tools/bin/../lib/gcc/arm-none-eabi/10.2.1/../../../../arm-none-eabi/lib/thumb/v7-m/nofp/libcr_c.a(_fflush.o)
                0x00000000000015f8                _fflush
 *fill*         0x000000000000164a        0x2 ff
 .text._Cwritebuf
                0x000000000000164c       0x6c /Applications/MCUXpressoIDE_11.4.1_6260/ide/plugins/com.nxp.mcuxpresso.tools.macosx_11.4.0.202103011116/tools/bin/../lib/gcc/arm-none-eabi/10.2.1/../../../../arm-none-eabi/lib/thumb/v7-m/nofp/libcr_c.a(_writebuf.o)
                0x000000000000164c                _Cwritebuf
 .text.free     0x00000000000016b8       0x30 /Applications/MCUXpressoIDE_11.4.1_6260/ide/plugins/com.nxp.mcuxpresso.tools.macosx_11.4.0.202103011116/tools/bin/../lib/gcc/arm-none-eabi/10.2.1/../../../../arm-none-eabi/lib/thumb/v7-m/nofp/libcr_c.a(alloc.o)
                0x00000000000016b8                free
 .text._deferredlazyseek
                0x00000000000016e8       0x40 /Applications/MCUXpressoIDE_11.4.1_6260/ide/plugins/com.nxp.mcuxpresso.tools.macosx_11.4.0.202103011116/tools/bin/../lib/gcc/arm-none-eabi/10.2.1/../../../../arm-none-eabi/lib/thumb/v7-m/nofp/libcr_c.a(_deferredlazyseek.o)
                0x00000000000016e8                _deferredlazyseek
 .text.__aeabi_division_uldivmod
                0x0000000000001728      0x174 /Applications/MCUXpressoIDE_11.4.1_6260/ide/plugins/com.nxp.mcuxpresso.tools.macosx_11.4.0.202103011116/tools/bin/../lib/gcc/arm-none-eabi/10.2.1/thumb/v7-m/nofp/libcr_eabihelpers.a(division_64.o)
                0x0000000000001728                __aeabi_uldivmod
                0x000000000000172c                __bhs_ldivmod1
 .text.__aeabi_division_idiv0
                0x000000000000189c        0x2 /Applications/MCUXpressoIDE_11.4.1_6260/ide/plugins/com.nxp.mcuxpresso.tools.macosx_11.4.0.202103011116/tools/bin/../lib/gcc/arm-none-eabi/10.2.1/thumb/v7-m/nofp/libcr_eabihelpers.a(division_idiv0.o)
                0x000000000000189c                __aeabi_idiv0
 .text.__aeabi_memset_lowlevel
                0x000000000000189e       0x32 /Applications/MCUXpressoIDE_11.4.1_6260/ide/plugins/com.nxp.mcuxpresso.tools.macosx_11.4.0.202103011116/tools/bin/../lib/gcc/arm-none-eabi/10.2.1/thumb/v7-m/nofp/libcr_eabihelpers.a(memcpy.o)
                0x000000000000189e                __aeabi_lowlevel_memset
 .text.__sys_close
                0x00000000000018d0        0x6 /Applications/MCUXpressoIDE_11.4.1_6260/ide/plugins/com.nxp.mcuxpresso.tools.macosx_11.4.0.202103011116/tools/bin/../lib/gcc/arm-none-eabi/10.2.1/../../../../arm-none-eabi/lib/thumb/v7-m/nofp/libcr_nohost.a(__sys_close.o)
                0x00000000000018d0                __sys_close
 .text.__sys_flen
                0x00000000000018d6        0x6 /Applications/MCUXpressoIDE_11.4.1_6260/ide/plugins/com.nxp.mcuxpresso.tools.macosx_11.4.0.202103011116/tools/bin/../lib/gcc/arm-none-eabi/10.2.1/../../../../arm-none-eabi/lib/thumb/v7-m/nofp/libcr_nohost.a(__sys_flen.o)
                0x00000000000018d6                __sys_flen
 .text.__sys_istty
                0x00000000000018dc        0x6 /Applications/MCUXpressoIDE_11.4.1_6260/ide/plugins/com.nxp.mcuxpresso.tools.macosx_11.4.0.202103011116/tools/bin/../lib/gcc/arm-none-eabi/10.2.1/../../../../arm-none-eabi/lib/thumb/v7-m/nofp/libcr_nohost.a(__sys_istty.o)
                0x00000000000018dc                __sys_istty
 .text.__sys_remove
                0x00000000000018e2        0x6 /Applications/MCUXpressoIDE_11.4.1_6260/ide/plugins/com.nxp.mcuxpresso.tools.macosx_11.4.0.202103011116/tools/bin/../lib/gcc/arm-none-eabi/10.2.1/../../../../arm-none-eabi/lib/thumb/v7-m/nofp/libcr_nohost.a(__sys_remove.o)
                0x00000000000018e2                __sys_remove
 .text.__sys_seek
                0x00000000000018e8        0x6 /Applications/MCUXpressoIDE_11.4.1_6260/ide/plugins/com.nxp.mcuxpresso.tools.macosx_11.4.0.202103011116/tools/bin/../lib/gcc/arm-none-eabi/10.2.1/../../../../arm-none-eabi/lib/thumb/v7-m/nofp/libcr_nohost.a(__sys_seek.o)
                0x00000000000018e8                __sys_seek
 .text.__sys_tmpnam
                0x00000000000018ee        0x6 /Applications/MCUXpressoIDE_11.4.1_6260/ide/plugins/com.nxp.mcuxpresso.tools.macosx_11.4.0.202103011116/tools/bin/../lib/gcc/arm-none-eabi/10.2.1/../../../../arm-none-eabi/lib/thumb/v7-m/nofp/libcr_nohost.a(__sys_tmpnam.o)
                0x00000000000018ee                __sys_tmpnam
 *(.rodata .rodata.* .constdata .constdata.*)
 .rodata.OscRateIn
                0x00000000000018f4        0x4 /Users/ahmedphone/Documents/MCUXPRESSO_Workspace/lpc_board_nxp_lpcxpresso_1549/Debug/liblpc_board_nxp_lpcxpresso_1549.a(board.o)
                0x00000000000018f4                OscRateIn
 .rodata.RTCOscRateIn
                0x00000000000018f8        0x4 /Users/ahmedphone/Documents/MCUXPRESSO_Workspace/lpc_board_nxp_lpcxpresso_1549/Debug/liblpc_board_nxp_lpcxpresso_1549.a(board.o)
                0x00000000000018f8                RTCOscRateIn
 .rodata.ledpins
                0x00000000000018fc        0x3 /Users/ahmedphone/Documents/MCUXPRESSO_Workspace/lpc_board_nxp_lpcxpresso_1549/Debug/liblpc_board_nxp_lpcxpresso_1549.a(board.o)
 *fill*         0x00000000000018ff        0x1 ff
 .rodata.ledports
                0x0000000000001900        0x3 /Users/ahmedphone/Documents/MCUXPRESSO_Workspace/lpc_board_nxp_lpcxpresso_1549/Debug/liblpc_board_nxp_lpcxpresso_1549.a(board.o)
 *fill*         0x0000000000001903        0x1 ff
 .rodata.ioconSetup
                0x0000000000001904       0x74 /Users/ahmedphone/Documents/MCUXPRESSO_Workspace/lpc_board_nxp_lpcxpresso_1549/Debug/liblpc_board_nxp_lpcxpresso_1549.a(board_sysinit.o)
 .rodata.swmSetup
                0x0000000000001978        0x6 /Users/ahmedphone/Documents/MCUXPRESSO_Workspace/lpc_board_nxp_lpcxpresso_1549/Debug/liblpc_board_nxp_lpcxpresso_1549.a(board_sysinit.o)
 .rodata._initio.str1.1
                0x000000000000197e        0x4 /Applications/MCUXpressoIDE_11.4.1_6260/ide/plugins/com.nxp.mcuxpresso.tools.macosx_11.4.0.202103011116/tools/bin/../lib/gcc/arm-none-eabi/10.2.1/../../../../arm-none-eabi/lib/thumb/v7-m/nofp/libcr_c.a(initio.o)
 *fill*         0x0000000000001982        0x2 ff
 .rodata.__num_Ciob_streams
                0x0000000000001984        0x4 /Applications/MCUXpressoIDE_11.4.1_6260/ide/plugins/com.nxp.mcuxpresso.tools.macosx_11.4.0.202103011116/tools/bin/../lib/gcc/arm-none-eabi/10.2.1/../../../../arm-none-eabi/lib/thumb/v7-m/nofp/libcr_nohost.a(__ciob.o)
                0x0000000000001984                __num_Ciob_streams
                0x0000000000001988                . = ALIGN (0x4)

.glue_7         0x0000000000001988        0x0
 .glue_7        0x0000000000001988        0x0 linker stubs

.glue_7t        0x0000000000001988        0x0
 .glue_7t       0x0000000000001988        0x0 linker stubs

.vfp11_veneer   0x0000000000001988        0x0
 .vfp11_veneer  0x0000000000001988        0x0 linker stubs

.v4_bx          0x0000000000001988        0x0
 .v4_bx         0x0000000000001988        0x0 linker stubs

.iplt           0x0000000000001988        0x0
 .iplt          0x0000000000001988        0x0 ./example/src/cr_startup_lpc15xx.o

.rel.dyn        0x0000000000001988        0x0
 .rel.iplt      0x0000000000001988        0x0 ./example/src/cr_startup_lpc15xx.o

.ARM.extab
 *(.ARM.extab* .gnu.linkonce.armextab.*)

.ARM.exidx      0x0000000000001988        0x0
                0x0000000000001988                __exidx_start = .
 *(.ARM.exidx* .gnu.linkonce.armexidx.*)
                0x0000000000001988                __exidx_end = .
                0x0000000000001988                _etext = .

.data_RAM2      0x0000000002004000        0x0 load address 0x0000000000001988
 FILL mask 0xff
                [!provide]                        PROVIDE (__start_data_RAM2 = .)
                [!provide]                        PROVIDE (__start_data_Ram1_16 = .)
 *(.ramfunc.$RAM2)
 *(.ramfunc.$Ram1_16)
 *(.data.$RAM2)
 *(.data.$Ram1_16)
 *(.data.$RAM2.*)
 *(.data.$Ram1_16.*)
                0x0000000002004000                . = ALIGN (0x4)
                [!provide]                        PROVIDE (__end_data_RAM2 = .)
                [!provide]                        PROVIDE (__end_data_Ram1_16 = .)

.data_RAM3      0x0000000002008000        0x0 load address 0x0000000000001988
 FILL mask 0xff
                [!provide]                        PROVIDE (__start_data_RAM3 = .)
                [!provide]                        PROVIDE (__start_data_Ram2_4 = .)
 *(.ramfunc.$RAM3)
 *(.ramfunc.$Ram2_4)
 *(.data.$RAM3)
 *(.data.$Ram2_4)
 *(.data.$RAM3.*)
 *(.data.$Ram2_4.*)
                0x0000000002008000                . = ALIGN (0x4)
                [!provide]                        PROVIDE (__end_data_RAM3 = .)
                [!provide]                        PROVIDE (__end_data_Ram2_4 = .)

.uninit_RESERVED
                0x0000000002000000        0x0
                0x0000000002000000                _start_uninit_RESERVED = .
 *(.bss.$RESERVED*)
                0x0000000002000000                . = ALIGN (0x4)
                0x0000000002000000                _end_uninit_RESERVED = .

.data           0x0000000002000000        0x0 load address 0x0000000000001988
 FILL mask 0xff
                0x0000000002000000                _data = .
                [!provide]                        PROVIDE (__start_data_RAM = .)
                [!provide]                        PROVIDE (__start_data_Ram0_16 = .)
 *(vtable)
 *(.ramfunc*)
 *(CodeQuickAccess)
 *(DataQuickAccess)
 *(RamFunction)
 *(.data*)
                0x0000000002000000                . = ALIGN (0x4)
                0x0000000002000000                _edata = .
                [!provide]                        PROVIDE (__end_data_RAM = .)
                [!provide]                        PROVIDE (__end_data_Ram0_16 = .)

.igot.plt       0x0000000002000000        0x0 load address 0x0000000000001988
 .igot.plt      0x0000000002000000        0x0 ./example/src/cr_startup_lpc15xx.o

.bss_RAM2       0x0000000002004000        0x0
                [!provide]                        PROVIDE (__start_bss_RAM2 = .)
                [!provide]                        PROVIDE (__start_bss_Ram1_16 = .)
 *(.bss.$RAM2)
 *(.bss.$Ram1_16)
 *(.bss.$RAM2.*)
 *(.bss.$Ram1_16.*)
                0x0000000002004000                . = ALIGN ((. != 0x0)?0x4:0x1)
                [!provide]                        PROVIDE (__end_bss_RAM2 = .)
                [!provide]                        PROVIDE (__end_bss_Ram1_16 = .)

.bss_RAM3       0x0000000002008000        0x0
                [!provide]                        PROVIDE (__start_bss_RAM3 = .)
                [!provide]                        PROVIDE (__start_bss_Ram2_4 = .)
 *(.bss.$RAM3)
 *(.bss.$Ram2_4)
 *(.bss.$RAM3.*)
 *(.bss.$Ram2_4.*)
                0x0000000002008000                . = ALIGN ((. != 0x0)?0x4:0x1)
                [!provide]                        PROVIDE (__end_bss_RAM3 = .)
                [!provide]                        PROVIDE (__end_bss_Ram2_4 = .)

.bss            0x0000000002000000      0x1e8
                0x0000000002000000                _bss = .
                [!provide]                        PROVIDE (__start_bss_RAM = .)
                [!provide]                        PROVIDE (__start_bss_Ram0_16 = .)
 *(.bss*)
 .bss.SystemCoreClock
                0x0000000002000000        0x4 /Users/ahmedphone/Documents/MCUXPRESSO_Workspace/lpc_chip_15xx/Debug/liblpc_chip_15xx.a(chip_15xx.o)
                0x0000000002000000                SystemCoreClock
 .bss.errno     0x0000000002000004        0x4 /Applications/MCUXpressoIDE_11.4.1_6260/ide/plugins/com.nxp.mcuxpresso.tools.macosx_11.4.0.202103011116/tools/bin/../lib/gcc/arm-none-eabi/10.2.1/../../../../arm-none-eabi/lib/thumb/v7-m/nofp/libcr_c.a(errno.o)
                0x0000000002000004                errno
 .bss.__Ciob    0x0000000002000008      0x1e0 /Applications/MCUXpressoIDE_11.4.1_6260/ide/plugins/com.nxp.mcuxpresso.tools.macosx_11.4.0.202103011116/tools/bin/../lib/gcc/arm-none-eabi/10.2.1/../../../../arm-none-eabi/lib/thumb/v7-m/nofp/libcr_nohost.a(__ciob.o)
                0x0000000002000008                __Ciob
 *(COMMON)
                0x00000000020001e8                . = ALIGN (0x4)
                0x00000000020001e8                _ebss = .
                [!provide]                        PROVIDE (__end_bss_RAM = .)
                [!provide]                        PROVIDE (__end_bss_Ram0_16 = .)
                [!provide]                        PROVIDE (end = .)

.noinit_RAM2    0x0000000002004000        0x0
                [!provide]                        PROVIDE (__start_noinit_RAM2 = .)
                [!provide]                        PROVIDE (__start_noinit_Ram1_16 = .)
 *(.noinit.$RAM2)
 *(.noinit.$Ram1_16)
 *(.noinit.$RAM2.*)
 *(.noinit.$Ram1_16.*)
                0x0000000002004000                . = ALIGN (0x4)
                [!provide]                        PROVIDE (__end_noinit_RAM2 = .)
                [!provide]                        PROVIDE (__end_noinit_Ram1_16 = .)

.noinit_RAM3    0x0000000002008000        0x0
                [!provide]                        PROVIDE (__start_noinit_RAM3 = .)
                [!provide]                        PROVIDE (__start_noinit_Ram2_4 = .)
 *(.noinit.$RAM3)
 *(.noinit.$Ram2_4)
 *(.noinit.$RAM3.*)
 *(.noinit.$Ram2_4.*)
                0x0000000002008000                . = ALIGN (0x4)
                [!provide]                        PROVIDE (__end_noinit_RAM3 = .)
                [!provide]                        PROVIDE (__end_noinit_Ram2_4 = .)

.noinit         0x00000000020001e8        0x0
                0x00000000020001e8                _noinit = .
                [!provide]                        PROVIDE (__start_noinit_RAM = .)
                [!provide]                        PROVIDE (__start_noinit_Ram0_16 = .)
 *(.noinit*)
                0x00000000020001e8                . = ALIGN (0x4)
                0x00000000020001e8                _end_noinit = .
                [!provide]                        PROVIDE (__end_noinit_RAM = .)
                [!provide]                        PROVIDE (__end_noinit_Ram0_16 = .)
                0x00000000020001e8                PROVIDE (_pvHeapStart = DEFINED (__user_heap_base)?__user_heap_base:.)
                0x0000000002004000                PROVIDE (_vStackTop = DEFINED (__user_stack_top)?__user_stack_top:(__top_Ram0_16 - 0x0))
                [!provide]                        PROVIDE (__valid_user_code_checksum = (0x0 - ((((((_vStackTop + (ResetISR + 0x1)) + (NMI_Handler + 0x1)) + (HardFault_Handler + 0x1)) + (DEFINED (MemManage_Handler)?MemManage_Handler:0x0 + 0x1)) + (DEFINED (BusFault_Handler)?BusFault_Handler:0x0 + 0x1)) + (DEFINED (UsageFault_Handler)?UsageFault_Handler:0x0 + 0x1))))
                0x0000000000000000                _image_start = LOADADDR (.text)
                0x0000000000001988                _image_end = (LOADADDR (.data) + SIZEOF (.data))
                0x0000000000001988                _image_size = (_image_end - _image_start)
OUTPUT(periph_blinky.axf elf32-littlearm)
LOAD linker stubs

.debug_info     0x0000000000000000     0x616b
 .debug_info    0x0000000000000000      0x2a9 ./example/src/cr_startup_lpc15xx.o
 .debug_info    0x00000000000002a9       0x90 ./example/src/sysinit.o
 .debug_info    0x0000000000000339      0xad8 ./example/src/systick.o
 .debug_info    0x0000000000000e11      0xad6 /Users/ahmedphone/Documents/MCUXPRESSO_Workspace/lpc_board_nxp_lpcxpresso_1549/Debug/liblpc_board_nxp_lpcxpresso_1549.a(board.o)
 .debug_info    0x00000000000018e7      0xc8e /Users/ahmedphone/Documents/MCUXPRESSO_Workspace/lpc_board_nxp_lpcxpresso_1549/Debug/liblpc_board_nxp_lpcxpresso_1549.a(board_sysinit.o)
 .debug_info    0x0000000000002575      0x97f /Users/ahmedphone/Documents/MCUXPRESSO_Workspace/lpc_chip_15xx/Debug/liblpc_chip_15xx.a(chip_15xx.o)
 .debug_info    0x0000000000002ef4      0xd86 /Users/ahmedphone/Documents/MCUXPRESSO_Workspace/lpc_chip_15xx/Debug/liblpc_chip_15xx.a(clock_15xx.o)
 .debug_info    0x0000000000003c7a      0x600 /Users/ahmedphone/Documents/MCUXPRESSO_Workspace/lpc_chip_15xx/Debug/liblpc_chip_15xx.a(gpio_15xx.o)
 .debug_info    0x000000000000427a      0x1cb /Users/ahmedphone/Documents/MCUXPRESSO_Workspace/lpc_chip_15xx/Debug/liblpc_chip_15xx.a(iocon_15xx.o)
 .debug_info    0x0000000000004445      0x5ca /Users/ahmedphone/Documents/MCUXPRESSO_Workspace/lpc_chip_15xx/Debug/liblpc_chip_15xx.a(swm_15xx.o)
 .debug_info    0x0000000000004a0f      0x731 /Users/ahmedphone/Documents/MCUXPRESSO_Workspace/lpc_chip_15xx/Debug/liblpc_chip_15xx.a(sysctl_15xx.o)
 .debug_info    0x0000000000005140      0x71d /Users/ahmedphone/Documents/MCUXPRESSO_Workspace/lpc_chip_15xx/Debug/liblpc_chip_15xx.a(sysinit_15xx.o)
 .debug_info    0x000000000000585d      0x90e /Users/ahmedphone/Documents/MCUXPRESSO_Workspace/lpc_chip_15xx/Debug/liblpc_chip_15xx.a(uart_15xx.o)

.debug_abbrev   0x0000000000000000     0x14fb
 .debug_abbrev  0x0000000000000000      0x12b ./example/src/cr_startup_lpc15xx.o
 .debug_abbrev  0x000000000000012b       0x47 ./example/src/sysinit.o
 .debug_abbrev  0x0000000000000172      0x1f1 ./example/src/systick.o
 .debug_abbrev  0x0000000000000363      0x23e /Users/ahmedphone/Documents/MCUXPRESSO_Workspace/lpc_board_nxp_lpcxpresso_1549/Debug/liblpc_board_nxp_lpcxpresso_1549.a(board.o)
 .debug_abbrev  0x00000000000005a1      0x232 /Users/ahmedphone/Documents/MCUXPRESSO_Workspace/lpc_board_nxp_lpcxpresso_1549/Debug/liblpc_board_nxp_lpcxpresso_1549.a(board_sysinit.o)
 .debug_abbrev  0x00000000000007d3      0x1c8 /Users/ahmedphone/Documents/MCUXPRESSO_Workspace/lpc_chip_15xx/Debug/liblpc_chip_15xx.a(chip_15xx.o)
 .debug_abbrev  0x000000000000099b      0x2c6 /Users/ahmedphone/Documents/MCUXPRESSO_Workspace/lpc_chip_15xx/Debug/liblpc_chip_15xx.a(clock_15xx.o)
 .debug_abbrev  0x0000000000000c61      0x15d /Users/ahmedphone/Documents/MCUXPRESSO_Workspace/lpc_chip_15xx/Debug/liblpc_chip_15xx.a(gpio_15xx.o)
 .debug_abbrev  0x0000000000000dbe      0x129 /Users/ahmedphone/Documents/MCUXPRESSO_Workspace/lpc_chip_15xx/Debug/liblpc_chip_15xx.a(iocon_15xx.o)
 .debug_abbrev  0x0000000000000ee7      0x14e /Users/ahmedphone/Documents/MCUXPRESSO_Workspace/lpc_chip_15xx/Debug/liblpc_chip_15xx.a(swm_15xx.o)
 .debug_abbrev  0x0000000000001035      0x11f /Users/ahmedphone/Documents/MCUXPRESSO_Workspace/lpc_chip_15xx/Debug/liblpc_chip_15xx.a(sysctl_15xx.o)
 .debug_abbrev  0x0000000000001154      0x1a8 /Users/ahmedphone/Documents/MCUXPRESSO_Workspace/lpc_chip_15xx/Debug/liblpc_chip_15xx.a(sysinit_15xx.o)
 .debug_abbrev  0x00000000000012fc      0x1ff /Users/ahmedphone/Documents/MCUXPRESSO_Workspace/lpc_chip_15xx/Debug/liblpc_chip_15xx.a(uart_15xx.o)

.debug_aranges  0x0000000000000000      0x5d0
 .debug_aranges
                0x0000000000000000       0x80 ./example/src/cr_startup_lpc15xx.o
 .debug_aranges
                0x0000000000000080       0x20 ./example/src/sysinit.o
 .debug_aranges
                0x00000000000000a0       0x40 ./example/src/systick.o
 .debug_aranges
                0x00000000000000e0       0xd0 /Users/ahmedphone/Documents/MCUXPRESSO_Workspace/lpc_board_nxp_lpcxpresso_1549/Debug/liblpc_board_nxp_lpcxpresso_1549.a(board.o)
 .debug_aranges
                0x00000000000001b0       0x60 /Users/ahmedphone/Documents/MCUXPRESSO_Workspace/lpc_board_nxp_lpcxpresso_1549/Debug/liblpc_board_nxp_lpcxpresso_1549.a(board_sysinit.o)
 .debug_aranges
                0x0000000000000210       0x50 /Users/ahmedphone/Documents/MCUXPRESSO_Workspace/lpc_chip_15xx/Debug/liblpc_chip_15xx.a(chip_15xx.o)
 .debug_aranges
                0x0000000000000260      0x128 /Users/ahmedphone/Documents/MCUXPRESSO_Workspace/lpc_chip_15xx/Debug/liblpc_chip_15xx.a(clock_15xx.o)
 .debug_aranges
                0x0000000000000388       0x70 /Users/ahmedphone/Documents/MCUXPRESSO_Workspace/lpc_chip_15xx/Debug/liblpc_chip_15xx.a(gpio_15xx.o)
 .debug_aranges
                0x00000000000003f8       0x28 /Users/ahmedphone/Documents/MCUXPRESSO_Workspace/lpc_chip_15xx/Debug/liblpc_chip_15xx.a(iocon_15xx.o)
 .debug_aranges
                0x0000000000000420       0x40 /Users/ahmedphone/Documents/MCUXPRESSO_Workspace/lpc_chip_15xx/Debug/liblpc_chip_15xx.a(swm_15xx.o)
 .debug_aranges
                0x0000000000000460       0x50 /Users/ahmedphone/Documents/MCUXPRESSO_Workspace/lpc_chip_15xx/Debug/liblpc_chip_15xx.a(sysctl_15xx.o)
 .debug_aranges
                0x00000000000004b0       0x58 /Users/ahmedphone/Documents/MCUXPRESSO_Workspace/lpc_chip_15xx/Debug/liblpc_chip_15xx.a(sysinit_15xx.o)
 .debug_aranges
                0x0000000000000508       0xc8 /Users/ahmedphone/Documents/MCUXPRESSO_Workspace/lpc_chip_15xx/Debug/liblpc_chip_15xx.a(uart_15xx.o)

.debug_ranges   0x0000000000000000      0x500
 .debug_ranges  0x0000000000000000       0x70 ./example/src/cr_startup_lpc15xx.o
 .debug_ranges  0x0000000000000070       0x10 ./example/src/sysinit.o
 .debug_ranges  0x0000000000000080       0x30 ./example/src/systick.o
 .debug_ranges  0x00000000000000b0       0xc0 /Users/ahmedphone/Documents/MCUXPRESSO_Workspace/lpc_board_nxp_lpcxpresso_1549/Debug/liblpc_board_nxp_lpcxpresso_1549.a(board.o)
 .debug_ranges  0x0000000000000170       0x50 /Users/ahmedphone/Documents/MCUXPRESSO_Workspace/lpc_board_nxp_lpcxpresso_1549/Debug/liblpc_board_nxp_lpcxpresso_1549.a(board_sysinit.o)
 .debug_ranges  0x00000000000001c0       0x40 /Users/ahmedphone/Documents/MCUXPRESSO_Workspace/lpc_chip_15xx/Debug/liblpc_chip_15xx.a(chip_15xx.o)
 .debug_ranges  0x0000000000000200      0x118 /Users/ahmedphone/Documents/MCUXPRESSO_Workspace/lpc_chip_15xx/Debug/liblpc_chip_15xx.a(clock_15xx.o)
 .debug_ranges  0x0000000000000318       0x60 /Users/ahmedphone/Documents/MCUXPRESSO_Workspace/lpc_chip_15xx/Debug/liblpc_chip_15xx.a(gpio_15xx.o)
 .debug_ranges  0x0000000000000378       0x18 /Users/ahmedphone/Documents/MCUXPRESSO_Workspace/lpc_chip_15xx/Debug/liblpc_chip_15xx.a(iocon_15xx.o)
 .debug_ranges  0x0000000000000390       0x30 /Users/ahmedphone/Documents/MCUXPRESSO_Workspace/lpc_chip_15xx/Debug/liblpc_chip_15xx.a(swm_15xx.o)
 .debug_ranges  0x00000000000003c0       0x40 /Users/ahmedphone/Documents/MCUXPRESSO_Workspace/lpc_chip_15xx/Debug/liblpc_chip_15xx.a(sysctl_15xx.o)
 .debug_ranges  0x0000000000000400       0x48 /Users/ahmedphone/Documents/MCUXPRESSO_Workspace/lpc_chip_15xx/Debug/liblpc_chip_15xx.a(sysinit_15xx.o)
 .debug_ranges  0x0000000000000448       0xb8 /Users/ahmedphone/Documents/MCUXPRESSO_Workspace/lpc_chip_15xx/Debug/liblpc_chip_15xx.a(uart_15xx.o)

.debug_macro    0x0000000000000000     0x5b01
 .debug_macro   0x0000000000000000       0x23 ./example/src/cr_startup_lpc15xx.o
 .debug_macro   0x0000000000000023      0xa78 ./example/src/cr_startup_lpc15xx.o
 .debug_macro   0x0000000000000a9b      0x26e ./example/src/sysinit.o
 .debug_macro   0x0000000000000d09       0x10 ./example/src/sysinit.o
 .debug_macro   0x0000000000000d19      0x12e ./example/src/sysinit.o
 .debug_macro   0x0000000000000e47      0x5b3 ./example/src/sysinit.o
 .debug_macro   0x00000000000013fa       0x22 ./example/src/sysinit.o
 .debug_macro   0x000000000000141c       0x7b ./example/src/sysinit.o
 .debug_macro   0x0000000000001497       0x10 ./example/src/sysinit.o
 .debug_macro   0x00000000000014a7       0x2d ./example/src/sysinit.o
 .debug_macro   0x00000000000014d4       0x3a ./example/src/sysinit.o
 .debug_macro   0x000000000000150e       0x2d ./example/src/sysinit.o
 .debug_macro   0x000000000000153b      0xa7d ./example/src/sysinit.o
 .debug_macro   0x0000000000001fb8      0x1b4 ./example/src/sysinit.o
 .debug_macro   0x000000000000216c       0xca ./example/src/sysinit.o
 .debug_macro   0x0000000000002236       0x18 ./example/src/sysinit.o
 .debug_macro   0x000000000000224e       0xb2 ./example/src/sysinit.o
 .debug_macro   0x0000000000002300       0x70 ./example/src/sysinit.o
 .debug_macro   0x0000000000002370       0x46 ./example/src/sysinit.o
 .debug_macro   0x00000000000023b6       0xd0 ./example/src/sysinit.o
 .debug_macro   0x0000000000002486       0x40 ./example/src/sysinit.o
 .debug_macro   0x00000000000024c6      0x233 ./example/src/sysinit.o
 .debug_macro   0x00000000000026f9       0x16 ./example/src/sysinit.o
 .debug_macro   0x000000000000270f       0x88 ./example/src/sysinit.o
 .debug_macro   0x0000000000002797       0x34 ./example/src/sysinit.o
 .debug_macro   0x00000000000027cb       0x6a ./example/src/sysinit.o
 .debug_macro   0x0000000000002835       0x40 ./example/src/sysinit.o
 .debug_macro   0x0000000000002875       0x1c ./example/src/sysinit.o
 .debug_macro   0x0000000000002891       0x16 ./example/src/sysinit.o
 .debug_macro   0x00000000000028a7      0x10c ./example/src/sysinit.o
 .debug_macro   0x00000000000029b3      0x2a9 ./example/src/sysinit.o
 .debug_macro   0x0000000000002c5c       0x76 ./example/src/sysinit.o
 .debug_macro   0x0000000000002cd2       0x22 ./example/src/sysinit.o
 .debug_macro   0x0000000000002cf4      0x152 ./example/src/sysinit.o
 .debug_macro   0x0000000000002e46       0x82 ./example/src/sysinit.o
 .debug_macro   0x0000000000002ec8       0xe6 ./example/src/sysinit.o
 .debug_macro   0x0000000000002fae       0x3a ./example/src/sysinit.o
 .debug_macro   0x0000000000002fe8       0x34 ./example/src/sysinit.o
 .debug_macro   0x000000000000301c       0x10 ./example/src/sysinit.o
 .debug_macro   0x000000000000302c       0x76 ./example/src/sysinit.o
 .debug_macro   0x00000000000030a2       0x58 ./example/src/sysinit.o
 .debug_macro   0x00000000000030fa      0x2ca ./example/src/sysinit.o
 .debug_macro   0x00000000000033c4      0x22b ./example/src/sysinit.o
 .debug_macro   0x00000000000035ef       0x2e ./example/src/sysinit.o
 .debug_macro   0x000000000000361d       0x34 ./example/src/sysinit.o
 .debug_macro   0x0000000000003651       0x9a ./example/src/sysinit.o
 .debug_macro   0x00000000000036eb       0x20 ./example/src/sysinit.o
 .debug_macro   0x000000000000370b      0x274 ./example/src/systick.o
 .debug_macro   0x000000000000397f      0x284 /Users/ahmedphone/Documents/MCUXPRESSO_Workspace/lpc_board_nxp_lpcxpresso_1549/Debug/liblpc_board_nxp_lpcxpresso_1549.a(board.o)
 .debug_macro   0x0000000000003c03      0xa78 /Users/ahmedphone/Documents/MCUXPRESSO_Workspace/lpc_board_nxp_lpcxpresso_1549/Debug/liblpc_board_nxp_lpcxpresso_1549.a(board.o)
 .debug_macro   0x000000000000467b       0x12 /Users/ahmedphone/Documents/MCUXPRESSO_Workspace/lpc_board_nxp_lpcxpresso_1549/Debug/liblpc_board_nxp_lpcxpresso_1549.a(board.o)
 .debug_macro   0x000000000000468d      0x288 /Users/ahmedphone/Documents/MCUXPRESSO_Workspace/lpc_board_nxp_lpcxpresso_1549/Debug/liblpc_board_nxp_lpcxpresso_1549.a(board_sysinit.o)
 .debug_macro   0x0000000000004915      0x239 /Users/ahmedphone/Documents/MCUXPRESSO_Workspace/lpc_chip_15xx/Debug/liblpc_chip_15xx.a(chip_15xx.o)
 .debug_macro   0x0000000000004b4e      0x239 /Users/ahmedphone/Documents/MCUXPRESSO_Workspace/lpc_chip_15xx/Debug/liblpc_chip_15xx.a(clock_15xx.o)
 .debug_macro   0x0000000000004d87      0x239 /Users/ahmedphone/Documents/MCUXPRESSO_Workspace/lpc_chip_15xx/Debug/liblpc_chip_15xx.a(gpio_15xx.o)
 .debug_macro   0x0000000000004fc0      0x239 /Users/ahmedphone/Documents/MCUXPRESSO_Workspace/lpc_chip_15xx/Debug/liblpc_chip_15xx.a(iocon_15xx.o)
 .debug_macro   0x00000000000051f9      0x245 /Users/ahmedphone/Documents/MCUXPRESSO_Workspace/lpc_chip_15xx/Debug/liblpc_chip_15xx.a(swm_15xx.o)
 .debug_macro   0x000000000000543e      0x251 /Users/ahmedphone/Documents/MCUXPRESSO_Workspace/lpc_chip_15xx/Debug/liblpc_chip_15xx.a(sysctl_15xx.o)
 .debug_macro   0x000000000000568f      0x239 /Users/ahmedphone/Documents/MCUXPRESSO_Workspace/lpc_chip_15xx/Debug/liblpc_chip_15xx.a(sysinit_15xx.o)
 .debug_macro   0x00000000000058c8      0x239 /Users/ahmedphone/Documents/MCUXPRESSO_Workspace/lpc_chip_15xx/Debug/liblpc_chip_15xx.a(uart_15xx.o)

.debug_line     0x0000000000000000     0x4f45
 .debug_line    0x0000000000000000      0x16d ./example/src/cr_startup_lpc15xx.o
 .debug_line    0x000000000000016d      0x531 ./example/src/sysinit.o
 .debug_line    0x000000000000069e      0x60a ./example/src/systick.o
 .debug_line    0x0000000000000ca8      0x857 /Users/ahmedphone/Documents/MCUXPRESSO_Workspace/lpc_board_nxp_lpcxpresso_1549/Debug/liblpc_board_nxp_lpcxpresso_1549.a(board.o)
 .debug_line    0x00000000000014ff      0x697 /Users/ahmedphone/Documents/MCUXPRESSO_Workspace/lpc_board_nxp_lpcxpresso_1549/Debug/liblpc_board_nxp_lpcxpresso_1549.a(board_sysinit.o)
 .debug_line    0x0000000000001b96      0x596 /Users/ahmedphone/Documents/MCUXPRESSO_Workspace/lpc_chip_15xx/Debug/liblpc_chip_15xx.a(chip_15xx.o)
 .debug_line    0x000000000000212c      0x9b7 /Users/ahmedphone/Documents/MCUXPRESSO_Workspace/lpc_chip_15xx/Debug/liblpc_chip_15xx.a(clock_15xx.o)
 .debug_line    0x0000000000002ae3      0x60c /Users/ahmedphone/Documents/MCUXPRESSO_Workspace/lpc_chip_15xx/Debug/liblpc_chip_15xx.a(gpio_15xx.o)
 .debug_line    0x00000000000030ef      0x513 /Users/ahmedphone/Documents/MCUXPRESSO_Workspace/lpc_chip_15xx/Debug/liblpc_chip_15xx.a(iocon_15xx.o)
 .debug_line    0x0000000000003602      0x57e /Users/ahmedphone/Documents/MCUXPRESSO_Workspace/lpc_chip_15xx/Debug/liblpc_chip_15xx.a(swm_15xx.o)
 .debug_line    0x0000000000003b80      0x5d3 /Users/ahmedphone/Documents/MCUXPRESSO_Workspace/lpc_chip_15xx/Debug/liblpc_chip_15xx.a(sysctl_15xx.o)
 .debug_line    0x0000000000004153      0x5f4 /Users/ahmedphone/Documents/MCUXPRESSO_Workspace/lpc_chip_15xx/Debug/liblpc_chip_15xx.a(sysinit_15xx.o)
 .debug_line    0x0000000000004747      0x7fe /Users/ahmedphone/Documents/MCUXPRESSO_Workspace/lpc_chip_15xx/Debug/liblpc_chip_15xx.a(uart_15xx.o)

.debug_str      0x0000000000000000    0x12a4a
 .debug_str     0x0000000000000000     0x2eb7 ./example/src/cr_startup_lpc15xx.o
                                       0x2eca (size before relaxing)
 .debug_str     0x0000000000002eb7     0xcf35 ./example/src/sysinit.o
                                       0xfca4 (size before relaxing)
 .debug_str     0x000000000000fdec      0x6e1 ./example/src/systick.o
                                      0x103b8 (size before relaxing)
 .debug_str     0x00000000000104cd      0xa3d /Users/ahmedphone/Documents/MCUXPRESSO_Workspace/lpc_board_nxp_lpcxpresso_1549/Debug/liblpc_board_nxp_lpcxpresso_1549.a(board.o)
                                      0x106c0 (size before relaxing)
 .debug_str     0x0000000000010f0a      0x5fe /Users/ahmedphone/Documents/MCUXPRESSO_Workspace/lpc_board_nxp_lpcxpresso_1549/Debug/liblpc_board_nxp_lpcxpresso_1549.a(board_sysinit.o)
                                      0x10c9b (size before relaxing)
 .debug_str     0x0000000000011508      0x151 /Users/ahmedphone/Documents/MCUXPRESSO_Workspace/lpc_chip_15xx/Debug/liblpc_chip_15xx.a(chip_15xx.o)
                                      0x103f0 (size before relaxing)
 .debug_str     0x0000000000011659      0x89d /Users/ahmedphone/Documents/MCUXPRESSO_Workspace/lpc_chip_15xx/Debug/liblpc_chip_15xx.a(clock_15xx.o)
                                      0x10807 (size before relaxing)
 .debug_str     0x0000000000011ef6       0xdf /Users/ahmedphone/Documents/MCUXPRESSO_Workspace/lpc_chip_15xx/Debug/liblpc_chip_15xx.a(gpio_15xx.o)
                                       0xfe9d (size before relaxing)
 .debug_str     0x0000000000011fd5       0x41 /Users/ahmedphone/Documents/MCUXPRESSO_Workspace/lpc_chip_15xx/Debug/liblpc_chip_15xx.a(iocon_15xx.o)
                                       0xf9ba (size before relaxing)
 .debug_str     0x0000000000012016      0x55d /Users/ahmedphone/Documents/MCUXPRESSO_Workspace/lpc_chip_15xx/Debug/liblpc_chip_15xx.a(swm_15xx.o)
                                      0x103c2 (size before relaxing)
 .debug_str     0x0000000000012573      0x183 /Users/ahmedphone/Documents/MCUXPRESSO_Workspace/lpc_chip_15xx/Debug/liblpc_chip_15xx.a(sysctl_15xx.o)
                                       0xfea7 (size before relaxing)
 .debug_str     0x00000000000126f6      0x13f /Users/ahmedphone/Documents/MCUXPRESSO_Workspace/lpc_chip_15xx/Debug/liblpc_chip_15xx.a(sysinit_15xx.o)
                                       0xfe96 (size before relaxing)
 .debug_str     0x0000000000012835      0x215 /Users/ahmedphone/Documents/MCUXPRESSO_Workspace/lpc_chip_15xx/Debug/liblpc_chip_15xx.a(uart_15xx.o)
                                      0x10006 (size before relaxing)

.comment        0x0000000000000000       0x4d
 .comment       0x0000000000000000       0x4d ./example/src/cr_startup_lpc15xx.o
                                         0x4e (size before relaxing)
 .comment       0x000000000000004d       0x4e ./example/src/sysinit.o
 .comment       0x000000000000004d       0x4e ./example/src/systick.o
 .comment       0x000000000000004d       0x4e /Users/ahmedphone/Documents/MCUXPRESSO_Workspace/lpc_board_nxp_lpcxpresso_1549/Debug/liblpc_board_nxp_lpcxpresso_1549.a(board.o)
 .comment       0x000000000000004d       0x4e /Users/ahmedphone/Documents/MCUXPRESSO_Workspace/lpc_board_nxp_lpcxpresso_1549/Debug/liblpc_board_nxp_lpcxpresso_1549.a(board_sysinit.o)
 .comment       0x000000000000004d       0x4e /Users/ahmedphone/Documents/MCUXPRESSO_Workspace/lpc_chip_15xx/Debug/liblpc_chip_15xx.a(chip_15xx.o)
 .comment       0x000000000000004d       0x4e /Users/ahmedphone/Documents/MCUXPRESSO_Workspace/lpc_chip_15xx/Debug/liblpc_chip_15xx.a(clock_15xx.o)
 .comment       0x000000000000004d       0x4e /Users/ahmedphone/Documents/MCUXPRESSO_Workspace/lpc_chip_15xx/Debug/liblpc_chip_15xx.a(gpio_15xx.o)
 .comment       0x000000000000004d       0x4e /Users/ahmedphone/Documents/MCUXPRESSO_Workspace/lpc_chip_15xx/Debug/liblpc_chip_15xx.a(iocon_15xx.o)
 .comment       0x000000000000004d       0x4e /Users/ahmedphone/Documents/MCUXPRESSO_Workspace/lpc_chip_15xx/Debug/liblpc_chip_15xx.a(swm_15xx.o)
 .comment       0x000000000000004d       0x4e /Users/ahmedphone/Documents/MCUXPRESSO_Workspace/lpc_chip_15xx/Debug/liblpc_chip_15xx.a(sysctl_15xx.o)
 .comment       0x000000000000004d       0x4e /Users/ahmedphone/Documents/MCUXPRESSO_Workspace/lpc_chip_15xx/Debug/liblpc_chip_15xx.a(sysinit_15xx.o)
 .comment       0x000000000000004d       0x4e /Users/ahmedphone/Documents/MCUXPRESSO_Workspace/lpc_chip_15xx/Debug/liblpc_chip_15xx.a(uart_15xx.o)
 .comment       0x000000000000004d       0x4e /Applications/MCUXpressoIDE_11.4.1_6260/ide/plugins/com.nxp.mcuxpresso.tools.macosx_11.4.0.202103011116/tools/bin/../lib/gcc/arm-none-eabi/10.2.1/../../../../arm-none-eabi/lib/thumb/v7-m/nofp/libcr_nohost.a(_cr__main.o)
 .comment       0x000000000000004d       0x4e /Applications/MCUXpressoIDE_11.4.1_6260/ide/plugins/com.nxp.mcuxpresso.tools.macosx_11.4.0.202103011116/tools/bin/../lib/gcc/arm-none-eabi/10.2.1/../../../../arm-none-eabi/lib/thumb/v7-m/nofp/libcr_c.a(initio.o)
 .comment       0x000000000000004d       0x4e /Applications/MCUXpressoIDE_11.4.1_6260/ide/plugins/com.nxp.mcuxpresso.tools.macosx_11.4.0.202103011116/tools/bin/../lib/gcc/arm-none-eabi/10.2.1/../../../../arm-none-eabi/lib/thumb/v7-m/nofp/libcr_c.a(setvbuf.o)
 .comment       0x000000000000004d       0x4e /Applications/MCUXpressoIDE_11.4.1_6260/ide/plugins/com.nxp.mcuxpresso.tools.macosx_11.4.0.202103011116/tools/bin/../lib/gcc/arm-none-eabi/10.2.1/../../../../arm-none-eabi/lib/thumb/v7-m/nofp/libcr_c.a(_fdopen.o)
 .comment       0x000000000000004d       0x4e /Applications/MCUXpressoIDE_11.4.1_6260/ide/plugins/com.nxp.mcuxpresso.tools.macosx_11.4.0.202103011116/tools/bin/../lib/gcc/arm-none-eabi/10.2.1/../../../../arm-none-eabi/lib/thumb/v7-m/nofp/libcr_c.a(fclose.o)
 .comment       0x000000000000004d       0x4e /Applications/MCUXpressoIDE_11.4.1_6260/ide/plugins/com.nxp.mcuxpresso.tools.macosx_11.4.0.202103011116/tools/bin/../lib/gcc/arm-none-eabi/10.2.1/../../../../arm-none-eabi/lib/thumb/v7-m/nofp/libcr_c.a(fflush.o)
 .comment       0x000000000000004d       0x4e /Applications/MCUXpressoIDE_11.4.1_6260/ide/plugins/com.nxp.mcuxpresso.tools.macosx_11.4.0.202103011116/tools/bin/../lib/gcc/arm-none-eabi/10.2.1/../../../../arm-none-eabi/lib/thumb/v7-m/nofp/libcr_c.a(fseek.o)
 .comment       0x000000000000004d       0x4e /Applications/MCUXpressoIDE_11.4.1_6260/ide/plugins/com.nxp.mcuxpresso.tools.macosx_11.4.0.202103011116/tools/bin/../lib/gcc/arm-none-eabi/10.2.1/../../../../arm-none-eabi/lib/thumb/v7-m/nofp/libcr_c.a(ftell.o)
 .comment       0x000000000000004d       0x4e /Applications/MCUXpressoIDE_11.4.1_6260/ide/plugins/com.nxp.mcuxpresso.tools.macosx_11.4.0.202103011116/tools/bin/../lib/gcc/arm-none-eabi/10.2.1/../../../../arm-none-eabi/lib/thumb/v7-m/nofp/libcr_c.a(remove.o)
 .comment       0x000000000000004d       0x4e /Applications/MCUXpressoIDE_11.4.1_6260/ide/plugins/com.nxp.mcuxpresso.tools.macosx_11.4.0.202103011116/tools/bin/../lib/gcc/arm-none-eabi/10.2.1/../../../../arm-none-eabi/lib/thumb/v7-m/nofp/libcr_c.a(strlen.o)
 .comment       0x000000000000004d       0x4e /Applications/MCUXpressoIDE_11.4.1_6260/ide/plugins/com.nxp.mcuxpresso.tools.macosx_11.4.0.202103011116/tools/bin/../lib/gcc/arm-none-eabi/10.2.1/../../../../arm-none-eabi/lib/thumb/v7-m/nofp/libcr_c.a(memset.o)
 .comment       0x000000000000004d       0x4e /Applications/MCUXpressoIDE_11.4.1_6260/ide/plugins/com.nxp.mcuxpresso.tools.macosx_11.4.0.202103011116/tools/bin/../lib/gcc/arm-none-eabi/10.2.1/../../../../arm-none-eabi/lib/thumb/v7-m/nofp/libcr_c.a(_do_fflush.o)
 .comment       0x000000000000004d       0x4e /Applications/MCUXpressoIDE_11.4.1_6260/ide/plugins/com.nxp.mcuxpresso.tools.macosx_11.4.0.202103011116/tools/bin/../lib/gcc/arm-none-eabi/10.2.1/../../../../arm-none-eabi/lib/thumb/v7-m/nofp/libcr_c.a(_fflush.o)
 .comment       0x000000000000004d       0x4e /Applications/MCUXpressoIDE_11.4.1_6260/ide/plugins/com.nxp.mcuxpresso.tools.macosx_11.4.0.202103011116/tools/bin/../lib/gcc/arm-none-eabi/10.2.1/../../../../arm-none-eabi/lib/thumb/v7-m/nofp/libcr_c.a(_writebuf.o)
 .comment       0x000000000000004d       0x4e /Applications/MCUXpressoIDE_11.4.1_6260/ide/plugins/com.nxp.mcuxpresso.tools.macosx_11.4.0.202103011116/tools/bin/../lib/gcc/arm-none-eabi/10.2.1/../../../../arm-none-eabi/lib/thumb/v7-m/nofp/libcr_c.a(alloc.o)
 .comment       0x000000000000004d       0x4e /Applications/MCUXpressoIDE_11.4.1_6260/ide/plugins/com.nxp.mcuxpresso.tools.macosx_11.4.0.202103011116/tools/bin/../lib/gcc/arm-none-eabi/10.2.1/../../../../arm-none-eabi/lib/thumb/v7-m/nofp/libcr_c.a(errno.o)
 .comment       0x000000000000004d       0x4e /Applications/MCUXpressoIDE_11.4.1_6260/ide/plugins/com.nxp.mcuxpresso.tools.macosx_11.4.0.202103011116/tools/bin/../lib/gcc/arm-none-eabi/10.2.1/../../../../arm-none-eabi/lib/thumb/v7-m/nofp/libcr_c.a(_deferredlazyseek.o)
 .comment       0x000000000000004d       0x4e /Applications/MCUXpressoIDE_11.4.1_6260/ide/plugins/com.nxp.mcuxpresso.tools.macosx_11.4.0.202103011116/tools/bin/../lib/gcc/arm-none-eabi/10.2.1/../../../../arm-none-eabi/lib/thumb/v7-m/nofp/libcr_nohost.a(__ciob.o)
 .comment       0x000000000000004d       0x4e /Applications/MCUXpressoIDE_11.4.1_6260/ide/plugins/com.nxp.mcuxpresso.tools.macosx_11.4.0.202103011116/tools/bin/../lib/gcc/arm-none-eabi/10.2.1/../../../../arm-none-eabi/lib/thumb/v7-m/nofp/libcr_nohost.a(__sys_close.o)
 .comment       0x000000000000004d       0x4e /Applications/MCUXpressoIDE_11.4.1_6260/ide/plugins/com.nxp.mcuxpresso.tools.macosx_11.4.0.202103011116/tools/bin/../lib/gcc/arm-none-eabi/10.2.1/../../../../arm-none-eabi/lib/thumb/v7-m/nofp/libcr_nohost.a(__sys_flen.o)
 .comment       0x000000000000004d       0x4e /Applications/MCUXpressoIDE_11.4.1_6260/ide/plugins/com.nxp.mcuxpresso.tools.macosx_11.4.0.202103011116/tools/bin/../lib/gcc/arm-none-eabi/10.2.1/../../../../arm-none-eabi/lib/thumb/v7-m/nofp/libcr_nohost.a(__sys_istty.o)
 .comment       0x000000000000004d       0x4e /Applications/MCUXpressoIDE_11.4.1_6260/ide/plugins/com.nxp.mcuxpresso.tools.macosx_11.4.0.202103011116/tools/bin/../lib/gcc/arm-none-eabi/10.2.1/../../../../arm-none-eabi/lib/thumb/v7-m/nofp/libcr_nohost.a(__sys_remove.o)
 .comment       0x000000000000004d       0x4e /Applications/MCUXpressoIDE_11.4.1_6260/ide/plugins/com.nxp.mcuxpresso.tools.macosx_11.4.0.202103011116/tools/bin/../lib/gcc/arm-none-eabi/10.2.1/../../../../arm-none-eabi/lib/thumb/v7-m/nofp/libcr_nohost.a(__sys_seek.o)
 .comment       0x000000000000004d       0x4e /Applications/MCUXpressoIDE_11.4.1_6260/ide/plugins/com.nxp.mcuxpresso.tools.macosx_11.4.0.202103011116/tools/bin/../lib/gcc/arm-none-eabi/10.2.1/../../../../arm-none-eabi/lib/thumb/v7-m/nofp/libcr_nohost.a(__sys_tmpnam.o)

.ARM.attributes
                0x0000000000000000       0x2b
 .ARM.attributes
                0x0000000000000000       0x2d ./example/src/cr_startup_lpc15xx.o
 .ARM.attributes
                0x000000000000002d       0x2d ./example/src/sysinit.o
 .ARM.attributes
                0x000000000000005a       0x2d ./example/src/systick.o
 .ARM.attributes
                0x0000000000000087       0x2d /Users/ahmedphone/Documents/MCUXPRESSO_Workspace/lpc_board_nxp_lpcxpresso_1549/Debug/liblpc_board_nxp_lpcxpresso_1549.a(board.o)
 .ARM.attributes
                0x00000000000000b4       0x2d /Users/ahmedphone/Documents/MCUXPRESSO_Workspace/lpc_board_nxp_lpcxpresso_1549/Debug/liblpc_board_nxp_lpcxpresso_1549.a(board_sysinit.o)
 .ARM.attributes
                0x00000000000000e1       0x2d /Users/ahmedphone/Documents/MCUXPRESSO_Workspace/lpc_chip_15xx/Debug/liblpc_chip_15xx.a(chip_15xx.o)
 .ARM.attributes
                0x000000000000010e       0x2d /Users/ahmedphone/Documents/MCUXPRESSO_Workspace/lpc_chip_15xx/Debug/liblpc_chip_15xx.a(clock_15xx.o)
 .ARM.attributes
                0x000000000000013b       0x2d /Users/ahmedphone/Documents/MCUXPRESSO_Workspace/lpc_chip_15xx/Debug/liblpc_chip_15xx.a(gpio_15xx.o)
 .ARM.attributes
                0x0000000000000168       0x2d /Users/ahmedphone/Documents/MCUXPRESSO_Workspace/lpc_chip_15xx/Debug/liblpc_chip_15xx.a(iocon_15xx.o)
 .ARM.attributes
                0x0000000000000195       0x2d /Users/ahmedphone/Documents/MCUXPRESSO_Workspace/lpc_chip_15xx/Debug/liblpc_chip_15xx.a(swm_15xx.o)
 .ARM.attributes
                0x00000000000001c2       0x2d /Users/ahmedphone/Documents/MCUXPRESSO_Workspace/lpc_chip_15xx/Debug/liblpc_chip_15xx.a(sysctl_15xx.o)
 .ARM.attributes
                0x00000000000001ef       0x2d /Users/ahmedphone/Documents/MCUXPRESSO_Workspace/lpc_chip_15xx/Debug/liblpc_chip_15xx.a(sysinit_15xx.o)
 .ARM.attributes
                0x000000000000021c       0x2d /Users/ahmedphone/Documents/MCUXPRESSO_Workspace/lpc_chip_15xx/Debug/liblpc_chip_15xx.a(uart_15xx.o)
 .ARM.attributes
                0x0000000000000249       0x2d /Applications/MCUXpressoIDE_11.4.1_6260/ide/plugins/com.nxp.mcuxpresso.tools.macosx_11.4.0.202103011116/tools/bin/../lib/gcc/arm-none-eabi/10.2.1/../../../../arm-none-eabi/lib/thumb/v7-m/nofp/libcr_nohost.a(_cr__main.o)
 .ARM.attributes
                0x0000000000000276       0x2d /Applications/MCUXpressoIDE_11.4.1_6260/ide/plugins/com.nxp.mcuxpresso.tools.macosx_11.4.0.202103011116/tools/bin/../lib/gcc/arm-none-eabi/10.2.1/../../../../arm-none-eabi/lib/thumb/v7-m/nofp/libcr_c.a(initio.o)
 .ARM.attributes
                0x00000000000002a3       0x2d /Applications/MCUXpressoIDE_11.4.1_6260/ide/plugins/com.nxp.mcuxpresso.tools.macosx_11.4.0.202103011116/tools/bin/../lib/gcc/arm-none-eabi/10.2.1/../../../../arm-none-eabi/lib/thumb/v7-m/nofp/libcr_c.a(setvbuf.o)
 .ARM.attributes
                0x00000000000002d0       0x2d /Applications/MCUXpressoIDE_11.4.1_6260/ide/plugins/com.nxp.mcuxpresso.tools.macosx_11.4.0.202103011116/tools/bin/../lib/gcc/arm-none-eabi/10.2.1/../../../../arm-none-eabi/lib/thumb/v7-m/nofp/libcr_c.a(_fdopen.o)
 .ARM.attributes
                0x00000000000002fd       0x2d /Applications/MCUXpressoIDE_11.4.1_6260/ide/plugins/com.nxp.mcuxpresso.tools.macosx_11.4.0.202103011116/tools/bin/../lib/gcc/arm-none-eabi/10.2.1/../../../../arm-none-eabi/lib/thumb/v7-m/nofp/libcr_c.a(fclose.o)
 .ARM.attributes
                0x000000000000032a       0x2d /Applications/MCUXpressoIDE_11.4.1_6260/ide/plugins/com.nxp.mcuxpresso.tools.macosx_11.4.0.202103011116/tools/bin/../lib/gcc/arm-none-eabi/10.2.1/../../../../arm-none-eabi/lib/thumb/v7-m/nofp/libcr_c.a(fflush.o)
 .ARM.attributes
                0x0000000000000357       0x2d /Applications/MCUXpressoIDE_11.4.1_6260/ide/plugins/com.nxp.mcuxpresso.tools.macosx_11.4.0.202103011116/tools/bin/../lib/gcc/arm-none-eabi/10.2.1/../../../../arm-none-eabi/lib/thumb/v7-m/nofp/libcr_c.a(fseek.o)
 .ARM.attributes
                0x0000000000000384       0x2d /Applications/MCUXpressoIDE_11.4.1_6260/ide/plugins/com.nxp.mcuxpresso.tools.macosx_11.4.0.202103011116/tools/bin/../lib/gcc/arm-none-eabi/10.2.1/../../../../arm-none-eabi/lib/thumb/v7-m/nofp/libcr_c.a(ftell.o)
 .ARM.attributes
                0x00000000000003b1       0x2d /Applications/MCUXpressoIDE_11.4.1_6260/ide/plugins/com.nxp.mcuxpresso.tools.macosx_11.4.0.202103011116/tools/bin/../lib/gcc/arm-none-eabi/10.2.1/../../../../arm-none-eabi/lib/thumb/v7-m/nofp/libcr_c.a(remove.o)
 .ARM.attributes
                0x00000000000003de       0x2d /Applications/MCUXpressoIDE_11.4.1_6260/ide/plugins/com.nxp.mcuxpresso.tools.macosx_11.4.0.202103011116/tools/bin/../lib/gcc/arm-none-eabi/10.2.1/../../../../arm-none-eabi/lib/thumb/v7-m/nofp/libcr_c.a(strlen.o)
 .ARM.attributes
                0x000000000000040b       0x2d /Applications/MCUXpressoIDE_11.4.1_6260/ide/plugins/com.nxp.mcuxpresso.tools.macosx_11.4.0.202103011116/tools/bin/../lib/gcc/arm-none-eabi/10.2.1/../../../../arm-none-eabi/lib/thumb/v7-m/nofp/libcr_c.a(memset.o)
 .ARM.attributes
                0x0000000000000438       0x2d /Applications/MCUXpressoIDE_11.4.1_6260/ide/plugins/com.nxp.mcuxpresso.tools.macosx_11.4.0.202103011116/tools/bin/../lib/gcc/arm-none-eabi/10.2.1/../../../../arm-none-eabi/lib/thumb/v7-m/nofp/libcr_c.a(_do_fflush.o)
 .ARM.attributes
                0x0000000000000465       0x2d /Applications/MCUXpressoIDE_11.4.1_6260/ide/plugins/com.nxp.mcuxpresso.tools.macosx_11.4.0.202103011116/tools/bin/../lib/gcc/arm-none-eabi/10.2.1/../../../../arm-none-eabi/lib/thumb/v7-m/nofp/libcr_c.a(_fflush.o)
 .ARM.attributes
                0x0000000000000492       0x2d /Applications/MCUXpressoIDE_11.4.1_6260/ide/plugins/com.nxp.mcuxpresso.tools.macosx_11.4.0.202103011116/tools/bin/../lib/gcc/arm-none-eabi/10.2.1/../../../../arm-none-eabi/lib/thumb/v7-m/nofp/libcr_c.a(_writebuf.o)
 .ARM.attributes
                0x00000000000004bf       0x2d /Applications/MCUXpressoIDE_11.4.1_6260/ide/plugins/com.nxp.mcuxpresso.tools.macosx_11.4.0.202103011116/tools/bin/../lib/gcc/arm-none-eabi/10.2.1/../../../../arm-none-eabi/lib/thumb/v7-m/nofp/libcr_c.a(alloc.o)
 .ARM.attributes
                0x00000000000004ec       0x33 /Applications/MCUXpressoIDE_11.4.1_6260/ide/plugins/com.nxp.mcuxpresso.tools.macosx_11.4.0.202103011116/tools/bin/../lib/gcc/arm-none-eabi/10.2.1/../../../../arm-none-eabi/lib/thumb/v7-m/nofp/libcr_c.a(errno.o)
 .ARM.attributes
                0x000000000000051f       0x2d /Applications/MCUXpressoIDE_11.4.1_6260/ide/plugins/com.nxp.mcuxpresso.tools.macosx_11.4.0.202103011116/tools/bin/../lib/gcc/arm-none-eabi/10.2.1/../../../../arm-none-eabi/lib/thumb/v7-m/nofp/libcr_c.a(_deferredlazyseek.o)
 .ARM.attributes
                0x000000000000054c       0x1b /Applications/MCUXpressoIDE_11.4.1_6260/ide/plugins/com.nxp.mcuxpresso.tools.macosx_11.4.0.202103011116/tools/bin/../lib/gcc/arm-none-eabi/10.2.1/thumb/v7-m/nofp/libcr_eabihelpers.a(division_64.o)
 .ARM.attributes
                0x0000000000000567       0x1b /Applications/MCUXpressoIDE_11.4.1_6260/ide/plugins/com.nxp.mcuxpresso.tools.macosx_11.4.0.202103011116/tools/bin/../lib/gcc/arm-none-eabi/10.2.1/thumb/v7-m/nofp/libcr_eabihelpers.a(division_idiv0.o)
 .ARM.attributes
                0x0000000000000582       0x1b /Applications/MCUXpressoIDE_11.4.1_6260/ide/plugins/com.nxp.mcuxpresso.tools.macosx_11.4.0.202103011116/tools/bin/../lib/gcc/arm-none-eabi/10.2.1/thumb/v7-m/nofp/libcr_eabihelpers.a(memcpy.o)
 .ARM.attributes
                0x000000000000059d       0x33 /Applications/MCUXpressoIDE_11.4.1_6260/ide/plugins/com.nxp.mcuxpresso.tools.macosx_11.4.0.202103011116/tools/bin/../lib/gcc/arm-none-eabi/10.2.1/../../../../arm-none-eabi/lib/thumb/v7-m/nofp/libcr_nohost.a(__ciob.o)
 .ARM.attributes
                0x00000000000005d0       0x2d /Applications/MCUXpressoIDE_11.4.1_6260/ide/plugins/com.nxp.mcuxpresso.tools.macosx_11.4.0.202103011116/tools/bin/../lib/gcc/arm-none-eabi/10.2.1/../../../../arm-none-eabi/lib/thumb/v7-m/nofp/libcr_nohost.a(__sys_close.o)
 .ARM.attributes
                0x00000000000005fd       0x2d /Applications/MCUXpressoIDE_11.4.1_6260/ide/plugins/com.nxp.mcuxpresso.tools.macosx_11.4.0.202103011116/tools/bin/../lib/gcc/arm-none-eabi/10.2.1/../../../../arm-none-eabi/lib/thumb/v7-m/nofp/libcr_nohost.a(__sys_flen.o)
 .ARM.attributes
                0x000000000000062a       0x2d /Applications/MCUXpressoIDE_11.4.1_6260/ide/plugins/com.nxp.mcuxpresso.tools.macosx_11.4.0.202103011116/tools/bin/../lib/gcc/arm-none-eabi/10.2.1/../../../../arm-none-eabi/lib/thumb/v7-m/nofp/libcr_nohost.a(__sys_istty.o)
 .ARM.attributes
                0x0000000000000657       0x2d /Applications/MCUXpressoIDE_11.4.1_6260/ide/plugins/com.nxp.mcuxpresso.tools.macosx_11.4.0.202103011116/tools/bin/../lib/gcc/arm-none-eabi/10.2.1/../../../../arm-none-eabi/lib/thumb/v7-m/nofp/libcr_nohost.a(__sys_remove.o)
 .ARM.attributes
                0x0000000000000684       0x2d /Applications/MCUXpressoIDE_11.4.1_6260/ide/plugins/com.nxp.mcuxpresso.tools.macosx_11.4.0.202103011116/tools/bin/../lib/gcc/arm-none-eabi/10.2.1/../../../../arm-none-eabi/lib/thumb/v7-m/nofp/libcr_nohost.a(__sys_seek.o)
 .ARM.attributes
                0x00000000000006b1       0x2d /Applications/MCUXpressoIDE_11.4.1_6260/ide/plugins/com.nxp.mcuxpresso.tools.macosx_11.4.0.202103011116/tools/bin/../lib/gcc/arm-none-eabi/10.2.1/../../../../arm-none-eabi/lib/thumb/v7-m/nofp/libcr_nohost.a(__sys_tmpnam.o)

.debug_frame    0x0000000000000000     0x1544
 .debug_frame   0x0000000000000000      0x170 ./example/src/cr_startup_lpc15xx.o
 .debug_frame   0x0000000000000170       0x2c ./example/src/sysinit.o
 .debug_frame   0x000000000000019c       0xc0 ./example/src/systick.o
 .debug_frame   0x000000000000025c      0x360 /Users/ahmedphone/Documents/MCUXPRESSO_Workspace/lpc_board_nxp_lpcxpresso_1549/Debug/liblpc_board_nxp_lpcxpresso_1549.a(board.o)
 .debug_frame   0x00000000000005bc      0x14c /Users/ahmedphone/Documents/MCUXPRESSO_Workspace/lpc_board_nxp_lpcxpresso_1549/Debug/liblpc_board_nxp_lpcxpresso_1549.a(board_sysinit.o)
 .debug_frame   0x0000000000000708      0x104 /Users/ahmedphone/Documents/MCUXPRESSO_Workspace/lpc_chip_15xx/Debug/liblpc_chip_15xx.a(chip_15xx.o)
 .debug_frame   0x000000000000080c      0x4b8 /Users/ahmedphone/Documents/MCUXPRESSO_Workspace/lpc_chip_15xx/Debug/liblpc_chip_15xx.a(clock_15xx.o)
 .debug_frame   0x0000000000000cc4      0x1b4 /Users/ahmedphone/Documents/MCUXPRESSO_Workspace/lpc_chip_15xx/Debug/liblpc_chip_15xx.a(gpio_15xx.o)
 .debug_frame   0x0000000000000e78       0x5c /Users/ahmedphone/Documents/MCUXPRESSO_Workspace/lpc_chip_15xx/Debug/liblpc_chip_15xx.a(iocon_15xx.o)
 .debug_frame   0x0000000000000ed4       0xd4 /Users/ahmedphone/Documents/MCUXPRESSO_Workspace/lpc_chip_15xx/Debug/liblpc_chip_15xx.a(swm_15xx.o)
 .debug_frame   0x0000000000000fa8      0x128 /Users/ahmedphone/Documents/MCUXPRESSO_Workspace/lpc_chip_15xx/Debug/liblpc_chip_15xx.a(sysctl_15xx.o)
 .debug_frame   0x00000000000010d0      0x134 /Users/ahmedphone/Documents/MCUXPRESSO_Workspace/lpc_chip_15xx/Debug/liblpc_chip_15xx.a(sysinit_15xx.o)
 .debug_frame   0x0000000000001204      0x340 /Users/ahmedphone/Documents/MCUXPRESSO_Workspace/lpc_chip_15xx/Debug/liblpc_chip_15xx.a(uart_15xx.o)
