Archive member included to satisfy reference by file (symbol)

/Users/ahmedphone/Documents/MCUXPRESSO_Workspace/lpc_board_nxp_lpcxpresso_1549/Debug/liblpc_board_nxp_lpcxpresso_1549.a(board_sysinit.o)
                              ./src/sysinit.o (Board_SystemInit)
/Users/ahmedphone/Documents/MCUXPRESSO_Workspace/lpc_chip_15xx/Debug/liblpc_chip_15xx.a(clock_15xx.o)
                              /Users/ahmedphone/Documents/MCUXPRESSO_Workspace/lpc_board_nxp_lpcxpresso_1549/Debug/liblpc_board_nxp_lpcxpresso_1549.a(board_sysinit.o) (Chip_Clock_EnablePeriphClock)
/Users/ahmedphone/Documents/MCUXPRESSO_Workspace/lpc_chip_15xx/Debug/liblpc_chip_15xx.a(iocon_15xx.o)
                              /Users/ahmedphone/Documents/MCUXPRESSO_Workspace/lpc_board_nxp_lpcxpresso_1549/Debug/liblpc_board_nxp_lpcxpresso_1549.a(board_sysinit.o) (Chip_IOCON_SetPinMuxing)
/Users/ahmedphone/Documents/MCUXPRESSO_Workspace/lpc_chip_15xx/Debug/liblpc_chip_15xx.a(swm_15xx.o)
                              /Users/ahmedphone/Documents/MCUXPRESSO_Workspace/lpc_board_nxp_lpcxpresso_1549/Debug/liblpc_board_nxp_lpcxpresso_1549.a(board_sysinit.o) (Chip_SWM_MovablePinAssign)
/Users/ahmedphone/Documents/MCUXPRESSO_Workspace/lpc_chip_15xx/Debug/liblpc_chip_15xx.a(sysctl_15xx.o)
                              /Users/ahmedphone/Documents/MCUXPRESSO_Workspace/lpc_board_nxp_lpcxpresso_1549/Debug/liblpc_board_nxp_lpcxpresso_1549.a(board_sysinit.o) (Chip_SYSCTL_AssertPeriphReset)
/Users/ahmedphone/Documents/MCUXPRESSO_Workspace/lpc_chip_15xx/Debug/liblpc_chip_15xx.a(sysinit_15xx.o)
                              /Users/ahmedphone/Documents/MCUXPRESSO_Workspace/lpc_board_nxp_lpcxpresso_1549/Debug/liblpc_board_nxp_lpcxpresso_1549.a(board_sysinit.o) (Chip_SetupXtalClocking)
/Applications/MCUXpressoIDE_11.4.1_6260/ide/plugins/com.nxp.mcuxpresso.tools.macosx_11.4.0.202103011116/tools/bin/../lib/gcc/arm-none-eabi/10.2.1/thumb/v7-m/nofp/libgcc.a(_aeabi_uldivmod.o)
                              /Users/ahmedphone/Documents/MCUXPRESSO_Workspace/lpc_chip_15xx/Debug/liblpc_chip_15xx.a(clock_15xx.o) (__aeabi_uldivmod)
/Applications/MCUXpressoIDE_11.4.1_6260/ide/plugins/com.nxp.mcuxpresso.tools.macosx_11.4.0.202103011116/tools/bin/../lib/gcc/arm-none-eabi/10.2.1/thumb/v7-m/nofp/libgcc.a(_udivmoddi4.o)
                              /Applications/MCUXpressoIDE_11.4.1_6260/ide/plugins/com.nxp.mcuxpresso.tools.macosx_11.4.0.202103011116/tools/bin/../lib/gcc/arm-none-eabi/10.2.1/thumb/v7-m/nofp/libgcc.a(_aeabi_uldivmod.o) (__udivmoddi4)
/Applications/MCUXpressoIDE_11.4.1_6260/ide/plugins/com.nxp.mcuxpresso.tools.macosx_11.4.0.202103011116/tools/bin/../lib/gcc/arm-none-eabi/10.2.1/thumb/v7-m/nofp/libgcc.a(_dvmd_tls.o)
                              /Applications/MCUXpressoIDE_11.4.1_6260/ide/plugins/com.nxp.mcuxpresso.tools.macosx_11.4.0.202103011116/tools/bin/../lib/gcc/arm-none-eabi/10.2.1/thumb/v7-m/nofp/libgcc.a(_aeabi_uldivmod.o) (__aeabi_ldiv0)
/Applications/MCUXpressoIDE_11.4.1_6260/ide/plugins/com.nxp.mcuxpresso.tools.macosx_11.4.0.202103011116/tools/bin/../lib/gcc/arm-none-eabi/10.2.1/../../../../arm-none-eabi/lib/thumb/v7-m/nofp/libc_nano.a(lib_a-printf.o)
                              ./src/Lab2.o (printf)
/Applications/MCUXpressoIDE_11.4.1_6260/ide/plugins/com.nxp.mcuxpresso.tools.macosx_11.4.0.202103011116/tools/bin/../lib/gcc/arm-none-eabi/10.2.1/../../../../arm-none-eabi/lib/thumb/v7-m/nofp/libc_nano.a(lib_a-findfp.o)
                              /Applications/MCUXpressoIDE_11.4.1_6260/ide/plugins/com.nxp.mcuxpresso.tools.macosx_11.4.0.202103011116/tools/bin/../lib/gcc/arm-none-eabi/10.2.1/../../../../arm-none-eabi/lib/thumb/v7-m/nofp/libc_nano.a(lib_a-printf.o) (__sinit)
/Applications/MCUXpressoIDE_11.4.1_6260/ide/plugins/com.nxp.mcuxpresso.tools.macosx_11.4.0.202103011116/tools/bin/../lib/gcc/arm-none-eabi/10.2.1/../../../../arm-none-eabi/lib/thumb/v7-m/nofp/libc_nano.a(lib_a-fwalk.o)
                              /Applications/MCUXpressoIDE_11.4.1_6260/ide/plugins/com.nxp.mcuxpresso.tools.macosx_11.4.0.202103011116/tools/bin/../lib/gcc/arm-none-eabi/10.2.1/../../../../arm-none-eabi/lib/thumb/v7-m/nofp/libc_nano.a(lib_a-findfp.o) (_fwalk)
/Applications/MCUXpressoIDE_11.4.1_6260/ide/plugins/com.nxp.mcuxpresso.tools.macosx_11.4.0.202103011116/tools/bin/../lib/gcc/arm-none-eabi/10.2.1/../../../../arm-none-eabi/lib/thumb/v7-m/nofp/libc_nano.a(lib_a-impure.o)
                              /Applications/MCUXpressoIDE_11.4.1_6260/ide/plugins/com.nxp.mcuxpresso.tools.macosx_11.4.0.202103011116/tools/bin/../lib/gcc/arm-none-eabi/10.2.1/../../../../arm-none-eabi/lib/thumb/v7-m/nofp/libc_nano.a(lib_a-findfp.o) (_global_impure_ptr)
/Applications/MCUXpressoIDE_11.4.1_6260/ide/plugins/com.nxp.mcuxpresso.tools.macosx_11.4.0.202103011116/tools/bin/../lib/gcc/arm-none-eabi/10.2.1/../../../../arm-none-eabi/lib/thumb/v7-m/nofp/libc_nano.a(lib_a-lock.o)
[...]
Memory Configuration

Name             Origin             Length             Attributes
MFlash256        0x0000000000000000 0x0000000000040000 xr
Ram0_16          0x0000000002000000 0x0000000000004000 xrw
Ram1_16          0x0000000002004000 0x0000000000004000 xrw
Ram2_4           0x0000000002008000 0x0000000000001000 xrw
*default*        0x0000000000000000 0xffffffffffffffff

Linker script and memory map

LOAD ./src/Lab2.o
LOAD ./src/cr_startup_lpc15xx.o
LOAD ./src/crp.o
LOAD ./src/sysinit.o
LOAD /Users/ahmedphone/Documents/MCUXPRESSO_Workspace/lpc_board_nxp_lpcxpresso_1549/Debug/liblpc_board_nxp_lpcxpresso_1549.a
LOAD /Users/ahmedphone/Documents/MCUXPRESSO_Workspace/lpc_chip_15xx/Debug/liblpc_chip_15xx.a
START GROUP
LOAD /Applications/MCUXpressoIDE_11.4.1_6260/ide/plugins/com.nxp.mcuxpresso.tools.macosx_11.4.0.202103011116/tools/bin/../lib/gcc/arm-none-eabi/10.2.1/thumb/v7-m/nofp/libgcc.a
LOAD /Applications/MCUXpressoIDE_11.4.1_6260/ide/plugins/com.nxp.mcuxpresso.tools.macosx_11.4.0.202103011116/tools/bin/../lib/gcc/arm-none-eabi/10.2.1/../../../../arm-none-eabi/lib/thumb/v7-m/nofp/libc_nano.a
LOAD /Applications/MCUXpressoIDE_11.4.1_6260/ide/plugins/com.nxp.mcuxpresso.tools.macosx_11.4.0.202103011116/tools/bin/../lib/gcc/arm-none-eabi/10.2.1/../../../../arm-none-eabi/lib/thumb/v7-m/nofp/libm.a
LOAD /Applications/MCUXpressoIDE_11.4.1_6260/ide/plugins/com.nxp.mcuxpresso.tools.macosx_11.4.0.202103011116/tools/bin/../lib/gcc/arm-none-eabi/10.2.1/../../../../arm-none-eabi/lib/thumb/v7-m/nofp/libcr_newlib_nohost.a
END GROUP
                0x0000000000000000                __base_MFlash256 = 0x0
                0x0000000000000000                __base_Flash = 0x0
                0x0000000000040000                __top_MFlash256 = 0x40000
                0x0000000000040000                __top_Flash = 0x40000
                0x0000000002000000                __base_Ram0_16 = 0x2000000
                0x0000000002000000                __base_RAM = 0x2000000
                0x0000000002004000                __top_Ram0_16 = 0x2004000
                0x0000000002004000                __top_RAM = 0x2004000
                0x0000000002004000                __base_Ram1_16 = 0x2004000
                0x0000000002004000                __base_RAM2 = 0x2004000
                0x0000000002008000                __top_Ram1_16 = 0x2008000
                0x0000000002008000                __top_RAM2 = 0x2008000
                0x0000000002008000                __base_Ram2_4 = 0x2008000
                0x0000000002008000                __base_RAM3 = 0x2008000
                0x0000000002009000                __top_Ram2_4 = 0x2009000
                0x0000000002009000                __top_RAM3 = 0x2009000

.text           0x0000000000000000     0x1a3c
 FILL mask 0xff
                0x0000000000000000                __vectors_start__ = ABSOLUTE (.)
 *(.isr_vector)
 .isr_vector    0x0000000000000000       0xfc ./src/cr_startup_lpc15xx.o
                0x0000000000000000                g_pfnVectors
                0x00000000000000fc                . = ALIGN (0x4)
                0x00000000000000fc                __section_table_start = .
                0x00000000000000fc                __data_section_table = .
                0x00000000000000fc        0x4 LONG 0x1a3c LOADADDR (.data)
                0x0000000000000100        0x4 LONG 0x2000000 ADDR (.data)
                0x0000000000000104        0x4 LONG 0x64 SIZEOF (.data)
                0x0000000000000108        0x4 LONG 0x1a3c LOADADDR (.data_RAM2)
                0x000000000000010c        0x4 LONG 0x2004000 ADDR (.data_RAM2)
                0x0000000000000110        0x4 LONG 0x0 SIZEOF (.data_RAM2)
                0x0000000000000114        0x4 LONG 0x1a3c LOADADDR (.data_RAM3)
                0x0000000000000118        0x4 LONG 0x2008000 ADDR (.data_RAM3)
                0x000000000000011c        0x4 LONG 0x0 SIZEOF (.data_RAM3)
                0x0000000000000120                __data_section_table_end = .
                0x0000000000000120                __bss_section_table = .
                0x0000000000000120        0x4 LONG 0x2000064 ADDR (.bss)
                0x0000000000000124        0x4 LONG 0x14 SIZEOF (.bss)
                0x0000000000000128        0x4 LONG 0x2004000 ADDR (.bss_RAM2)
                0x000000000000012c        0x4 LONG 0x0 SIZEOF (.bss_RAM2)
                0x0000000000000130        0x4 LONG 0x2008000 ADDR (.bss_RAM3)
                0x0000000000000134        0x4 LONG 0x0 SIZEOF (.bss_RAM3)
                0x0000000000000138                __bss_section_table_end = .
                0x0000000000000138                __section_table_end = .
 *(.after_vectors*)
 .after_vectors
                0x0000000000000138      0x140 ./src/cr_startup_lpc15xx.o
                0x0000000000000138                data_init
                0x000000000000017c                bss_init
                0x00000000000001b4                ResetISR
                0x000000000000023c                NMI_Handler
                0x0000000000000242                HardFault_Handler
                0x0000000000000248                MemManage_Handler
                0x000000000000024e                BusFault_Handler
                0x0000000000000254                UsageFault_Handler
                0x000000000000025a                SVC_Handler
                0x0000000000000260                DebugMon_Handler
                0x0000000000000266                PendSV_Handler
                0x000000000000026c                SysTick_Handler
                0x0000000000000272                IntDefaultHandler
                0x0000000000000272                PIN_INT4_IRQHandler
                0x0000000000000272                CAN_IRQHandler
                0x0000000000000272                RTC_ALARM_IRQHandler
                0x0000000000000272                ADC1B_IRQHandler
                0x0000000000000272                ADC1_OVR_IRQHandler
                0x0000000000000272                USBWakeup_IRQHandler
                0x0000000000000272                UART2_IRQHandler
                0x0000000000000272                PIN_INT5_IRQHandler
                0x0000000000000272                SCT1_IRQHandler
                0x0000000000000272                PIN_INT2_IRQHandler
                0x0000000000000272                USB_FIQHandler
                0x0000000000000272                SCT3_IRQHandler
                0x0000000000000272                PIN_INT7_IRQHandler
                0x0000000000000272                PIN_INT1_IRQHandler
                0x0000000000000272                USB_IRQHandler
                0x0000000000000272                BOD_IRQHandler
                0x0000000000000272                ADC0B_IRQHandler
                0x0000000000000272                ACMP0_IRQHandler
                0x0000000000000272                WDT_IRQHandler
                0x0000000000000272                PIN_INT0_IRQHandler
                0x0000000000000272                QEI_IRQHandler
                0x0000000000000272                ACMP3_IRQHandler
                0x0000000000000272                GINT0_IRQHandler
                0x0000000000000272                DAC_IRQHandler
                0x0000000000000272                SPI0_IRQHandler
                0x0000000000000272                EEPROM_IRQHandler
                0x0000000000000272                ACMP2_IRQHandler
                0x0000000000000272                ADC1A_IRQHandler
                0x0000000000000272                DMA_IRQHandler
                0x0000000000000272                PIN_INT3_IRQHandler
                0x0000000000000272                ACMP1_IRQHandler
                0x0000000000000272                ADC0A_IRQHandler
                0x0000000000000272                FMC_IRQHandler
                0x0000000000000272                GINT1_IRQHandler
                0x0000000000000272                SCT0_IRQHandler
                0x0000000000000272                ADC0_THCMP_IRQHandler
                0x0000000000000272                RIT_IRQHandler
                0x0000000000000272                I2C0_IRQHandler
                0x0000000000000272                ADC0_OVR_IRQHandler
                0x0000000000000272                ADC1_THCMP_IRQHandler
                0x0000000000000272                SCT2_IRQHandler
                0x0000000000000272                MRT_IRQHandler
                0x0000000000000272                UART1_IRQHandler
                0x0000000000000272                RTC_WAKE_IRQHandler
                0x0000000000000272                UART0_IRQHandler
                0x0000000000000272                SPI1_IRQHandler
                0x0000000000000272                PIN_INT6_IRQHandler
 *(.text*)
 .text.asm_test
                0x0000000000000278       0x18 ./src/Lab2.o
                0x0000000000000278                asm_test
 .text.fail     0x0000000000000290       0x10 ./src/Lab2.o
                0x0000000000000290                fail
 .text.ok       0x00000000000002a0       0x10 ./src/Lab2.o
                0x00000000000002a0                ok
 .text.main     0x00000000000002b0      0x112 ./src/Lab2.o
                0x00000000000002b0                main
 .text.SystemInit
                0x00000000000003c2        0xc ./src/sysinit.o
                0x00000000000003c2                SystemInit
 .text.Chip_SYSCTL_PeriphReset
                0x00000000000003ce       0x22 /Users/ahmedphone/Documents/MCUXPRESSO_Workspace/lpc_board_nxp_lpcxpresso_1549/Debug/liblpc_board_nxp_lpcxpresso_1549.a(board_sysinit.o)
 .text.Chip_Clock_SetUSBPLLSource
                0x00000000000003f0       0x20 /Users/ahmedphone/Documents/MCUXPRESSO_Workspace/lpc_board_nxp_lpcxpresso_1549/Debug/liblpc_board_nxp_lpcxpresso_1549.a(board_sysinit.o)
 .text.Chip_Clock_SetupUSBPLL
                0x0000000000000410       0x34 /Users/ahmedphone/Documents/MCUXPRESSO_Workspace/lpc_board_nxp_lpcxpresso_1549/Debug/liblpc_board_nxp_lpcxpresso_1549.a(board_sysinit.o)
 .text.Chip_Clock_IsUSBPLLLocked
                0x0000000000000444       0x24 /Users/ahmedphone/Documents/MCUXPRESSO_Workspace/lpc_board_nxp_lpcxpresso_1549/Debug/liblpc_board_nxp_lpcxpresso_1549.a(board_sysinit.o)
 .text.Chip_Clock_SetSysTickClockDiv
                0x0000000000000468       0x20 /Users/ahmedphone/Documents/MCUXPRESSO_Workspace/lpc_board_nxp_lpcxpresso_1549/Debug/liblpc_board_nxp_lpcxpresso_1549.a(board_sysinit.o)
 .text.Chip_SWM_MovablePortPinAssign
                0x0000000000000488       0x30 /Users/ahmedphone/Documents/MCUXPRESSO_Workspace/lpc_board_nxp_lpcxpresso_1549/Debug/liblpc_board_nxp_lpcxpresso_1549.a(board_sysinit.o)
 .text.Board_SetupMuxing
                0x00000000000004b8       0x84 /Users/ahmedphone/Documents/MCUXPRESSO_Workspace/lpc_board_nxp_lpcxpresso_1549/Debug/liblpc_board_nxp_lpcxpresso_1549.a(board_sysinit.o)
                0x00000000000004b8                Board_SetupMuxing
 .text.Board_SetupClocking
                0x000000000000053c       0x3a /Users/ahmedphone/Documents/MCUXPRESSO_Workspace/lpc_board_nxp_lpcxpresso_1549/Debug/liblpc_board_nxp_lpcxpresso_1549.a(board_sysinit.o)
                0x000000000000053c                Board_SetupClocking
 *fill*         0x0000000000000576        0x2 ff
 .text.Board_SystemInit
                0x0000000000000578       0x1c /Users/ahmedphone/Documents/MCUXPRESSO_Workspace/lpc_board_nxp_lpcxpresso_1549/Debug/liblpc_board_nxp_lpcxpresso_1549.a(board_sysinit.o)
                0x0000000000000578                Board_SystemInit
 .text.Chip_Clock_SetMain_A_ClockSource
                0x0000000000000594       0x20 /Users/ahmedphone/Documents/MCUXPRESSO_Workspace/lpc_chip_15xx/Debug/liblpc_chip_15xx.a(clock_15xx.o)
 .text.Chip_Clock_SetMain_B_ClockSource
                0x00000000000005b4       0x20 /Users/ahmedphone/Documents/MCUXPRESSO_Workspace/lpc_chip_15xx/Debug/liblpc_chip_15xx.a(clock_15xx.o)
 .text.Chip_Clock_SetMainClockSource
                0x00000000000005d4       0x3c /Users/ahmedphone/Documents/MCUXPRESSO_Workspace/lpc_chip_15xx/Debug/liblpc_chip_15xx.a(clock_15xx.o)
                0x00000000000005d4                Chip_Clock_SetMainClockSource
 .text.Chip_Clock_EnablePeriphClock
                0x0000000000000610       0x58 /Users/ahmedphone/Documents/MCUXPRESSO_Workspace/lpc_chip_15xx/Debug/liblpc_chip_15xx.a(clock_15xx.o)
                0x0000000000000610                Chip_Clock_EnablePeriphClock
 .text.Chip_IOCON_PinMuxSet
                0x0000000000000668       0x2c /Users/ahmedphone/Documents/MCUXPRESSO_Workspace/lpc_chip_15xx/Debug/liblpc_chip_15xx.a(iocon_15xx.o)
 .text.Chip_IOCON_SetPinMuxing
                0x0000000000000694       0x50 /Users/ahmedphone/Documents/MCUXPRESSO_Workspace/lpc_chip_15xx/Debug/liblpc_chip_15xx.a(iocon_15xx.o)
                0x0000000000000694                Chip_IOCON_SetPinMuxing
 .text.Chip_SWM_MovablePinAssign
                0x00000000000006e4       0x5c /Users/ahmedphone/Documents/MCUXPRESSO_Workspace/lpc_chip_15xx/Debug/liblpc_chip_15xx.a(swm_15xx.o)
                0x00000000000006e4                Chip_SWM_MovablePinAssign
 .text.Chip_SYSCTL_AssertPeriphReset
                0x0000000000000740       0x4c /Users/ahmedphone/Documents/MCUXPRESSO_Workspace/lpc_chip_15xx/Debug/liblpc_chip_15xx.a(sysctl_15xx.o)
                0x0000000000000740                Chip_SYSCTL_AssertPeriphReset
 .text.Chip_SYSCTL_DeassertPeriphReset
                0x000000000000078c       0x50 /Users/ahmedphone/Documents/MCUXPRESSO_Workspace/lpc_chip_15xx/Debug/liblpc_chip_15xx.a(sysctl_15xx.o)
                0x000000000000078c                Chip_SYSCTL_DeassertPeriphReset
 .text.Chip_SYSCTL_PowerDown
                0x00000000000007dc       0x40 /Users/ahmedphone/Documents/MCUXPRESSO_Workspace/lpc_chip_15xx/Debug/liblpc_chip_15xx.a(sysctl_15xx.o)
                0x00000000000007dc                Chip_SYSCTL_PowerDown
 .text.Chip_SYSCTL_PowerUp
                0x000000000000081c       0x40 /Users/ahmedphone/Documents/MCUXPRESSO_Workspace/lpc_chip_15xx/Debug/liblpc_chip_15xx.a(sysctl_15xx.o)
                0x000000000000081c                Chip_SYSCTL_PowerUp
 .text.Chip_FMC_SetFLASHAccess
                0x000000000000085c       0x38 /Users/ahmedphone/Documents/MCUXPRESSO_Workspace/lpc_chip_15xx/Debug/liblpc_chip_15xx.a(sysinit_15xx.o)
 .text.Chip_Clock_SetSystemPLLSource
                0x0000000000000894       0x20 /Users/ahmedphone/Documents/MCUXPRESSO_Workspace/lpc_chip_15xx/Debug/liblpc_chip_15xx.a(sysinit_15xx.o)
 .text.Chip_Clock_SetupSystemPLL
                0x00000000000008b4       0x34 /Users/ahmedphone/Documents/MCUXPRESSO_Workspace/lpc_chip_15xx/Debug/liblpc_chip_15xx.a(sysinit_15xx.o)
 .text.Chip_Clock_IsSystemPLLLocked
                0x00000000000008e8       0x24 /Users/ahmedphone/Documents/MCUXPRESSO_Workspace/lpc_chip_15xx/Debug/liblpc_chip_15xx.a(sysinit_15xx.o)
 .text.Chip_Clock_SetSysClockDiv
                0x000000000000090c       0x20 /Users/ahmedphone/Documents/MCUXPRESSO_Workspace/lpc_chip_15xx/Debug/liblpc_chip_15xx.a(sysinit_15xx.o)
 .text.Chip_SetupXtalClocking
                0x000000000000092c       0x6c /Users/ahmedphone/Documents/MCUXPRESSO_Workspace/lpc_chip_15xx/Debug/liblpc_chip_15xx.a(sysinit_15xx.o)
                0x000000000000092c                Chip_SetupXtalClocking
 .text.printf   0x0000000000000998       0x30 /Applications/MCUXpressoIDE_11.4.1_6260/ide/plugins/com.nxp.mcuxpresso.tools.macosx_11.4.0.202103011116/tools/bin/../lib/gcc/arm-none-eabi/10.2.1/../../../../arm-none-eabi/lib/thumb/v7-m/nofp/libc_nano.a(lib_a-printf.o)
                0x0000000000000998                printf
                0x0000000000000998                iprintf
 .text.std      0x00000000000009c8       0x48 /Applications/MCUXpressoIDE_11.4.1_6260/ide/plugins/com.nxp.mcuxpresso.tools.macosx_11.4.0.202103011116/tools/bin/../lib/gcc/arm-none-eabi/10.2.1/../../../../arm-none-eabi/lib/thumb/v7-m/nofp/libc_nano.a(lib_a-findfp.o)
 .text._cleanup_r
                0x0000000000000a10        0xc /Applications/MCUXpressoIDE_11.4.1_6260/ide/plugins/com.nxp.mcuxpresso.tools.macosx_11.4.0.202103011116/tools/bin/../lib/gcc/arm-none-eabi/10.2.1/../../../../arm-none-eabi/lib/thumb/v7-m/nofp/libc_nano.a(lib_a-findfp.o)
                0x0000000000000a10                _cleanup_r
 .text.__sfmoreglue
                0x0000000000000a1c       0x2c /Applications/MCUXpressoIDE_11.4.1_6260/ide/plugins/com.nxp.mcuxpresso.tools.macosx_11.4.0.202103011116/tools/bin/../lib/gcc/arm-none-eabi/10.2.1/../../../../arm-none-eabi/lib/thumb/v7-m/nofp/libc_nano.a(lib_a-findfp.o)
                0x0000000000000a1c                __sfmoreglue
 .text.__sfp_lock_acquire
                0x0000000000000a48        0xc /Applications/MCUXpressoIDE_11.4.1_6260/ide/plugins/com.nxp.mcuxpresso.tools.macosx_11.4.0.202103011116/tools/bin/../lib/gcc/arm-none-eabi/10.2.1/../../../../arm-none-eabi/lib/thumb/v7-m/nofp/libc_nano.a(lib_a-findfp.o)
                0x0000000000000a48                __sfp_lock_acquire
 .text.__sfp_lock_release
                0x0000000000000a54        0xc /Applications/MCUXpressoIDE_11.4.1_6260/ide/plugins/com.nxp.mcuxpresso.tools.macosx_11.4.0.202103011116/tools/bin/../lib/gcc/arm-none-eabi/10.2.1/../../../../arm-none-eabi/lib/thumb/v7-m/nofp/libc_nano.a(lib_a-findfp.o)
                0x0000000000000a54                __sfp_lock_release
 .text.__sinit_lock_acquire
                0x0000000000000a60        0xc /Applications/MCUXpressoIDE_11.4.1_6260/ide/plugins/com.nxp.mcuxpresso.tools.macosx_11.4.0.202103011116/tools/bin/../lib/gcc/arm-none-eabi/10.2.1/../../../../arm-none-eabi/lib/thumb/v7-m/nofp/libc_nano.a(lib_a-findfp.o)
                0x0000000000000a60                __sinit_lock_acquire
 .text.__sinit_lock_release
                0x0000000000000a6c        0xc /Applications/MCUXpressoIDE_11.4.1_6260/ide/plugins/com.nxp.mcuxpresso.tools.macosx_11.4.0.202103011116/tools/bin/../lib/gcc/arm-none-eabi/10.2.1/../../../../arm-none-eabi/lib/thumb/v7-m/nofp/libc_nano.a(lib_a-findfp.o)
                0x0000000000000a6c                __sinit_lock_release
 .text.__sinit  0x0000000000000a78       0x70 /Applications/MCUXpressoIDE_11.4.1_6260/ide/plugins/com.nxp.mcuxpresso.tools.macosx_11.4.0.202103011116/tools/bin/../lib/gcc/arm-none-eabi/10.2.1/../../../../arm-none-eabi/lib/thumb/v7-m/nofp/libc_nano.a(lib_a-findfp.o)
                0x0000000000000a78                __sinit
 .text.__sfp    0x0000000000000ae8       0x8c /Applications/MCUXpressoIDE_11.4.1_6260/ide/plugins/com.nxp.mcuxpresso.tools.macosx_11.4.0.202103011116/tools/bin/../lib/gcc/arm-none-eabi/10.2.1/../../../../arm-none-eabi/lib/thumb/v7-m/nofp/libc_nano.a(lib_a-findfp.o)
                0x0000000000000ae8                __sfp
 .text._fwalk_reent
                0x0000000000000b74       0x3e /Applications/MCUXpressoIDE_11.4.1_6260/ide/plugins/com.nxp.mcuxpresso.tools.macosx_11.4.0.202103011116/tools/bin/../lib/gcc/arm-none-eabi/10.2.1/../../../../arm-none-eabi/lib/thumb/v7-m/nofp/libc_nano.a(lib_a-fwalk.o)
                0x0000000000000b74                _fwalk_reent
 .text.__retarget_lock_init_recursive
                0x0000000000000bb2        0x2 /Applications/MCUXpressoIDE_11.4.1_6260/ide/plugins/com.nxp.mcuxpresso.tools.macosx_11.4.0.202103011116/tools/bin/../lib/gcc/arm-none-eabi/10.2.1/../../../../arm-none-eabi/lib/thumb/v7-m/nofp/libc_nano.a(lib_a-lock.o)
                0x0000000000000bb2                __retarget_lock_init_recursive
 .text.__retarget_lock_acquire_recursive
                0x0000000000000bb4        0x2 /Applications/MCUXpressoIDE_11.4.1_6260/ide/plugins/com.nxp.mcuxpresso.tools.macosx_11.4.0.202103011116/tools/bin/../lib/gcc/arm-none-eabi/10.2.1/../../../../arm-none-eabi/lib/thumb/v7-m/nofp/libc_nano.a(lib_a-lock.o)
                0x0000000000000bb4                __retarget_lock_acquire_recursive
 .text.__retarget_lock_release_recursive
                0x0000000000000bb6        0x2 /Applications/MCUXpressoIDE_11.4.1_6260/ide/plugins/com.nxp.mcuxpresso.tools.macosx_11.4.0.202103011116/tools/bin/../lib/gcc/arm-none-eabi/10.2.1/../../../../arm-none-eabi/lib/thumb/v7-m/nofp/libc_nano.a(lib_a-lock.o)
                0x0000000000000bb6                __retarget_lock_release_recursive
 .text.memset   0x0000000000000bb8       0x10 /Applications/MCUXpressoIDE_11.4.1_6260/ide/plugins/com.nxp.mcuxpresso.tools.macosx_11.4.0.202103011116/tools/bin/../lib/gcc/arm-none-eabi/10.2.1/../../../../arm-none-eabi/lib/thumb/v7-m/nofp/libc_nano.a(lib_a-memset.o)
                0x0000000000000bb8                memset
 .text._malloc_r
                0x0000000000000bc8       0xb4 /Applications/MCUXpressoIDE_11.4.1_6260/ide/plugins/com.nxp.mcuxpresso.tools.macosx_11.4.0.202103011116/tools/bin/../lib/gcc/arm-none-eabi/10.2.1/../../../../arm-none-eabi/lib/thumb/v7-m/nofp/libc_nano.a(lib_a-nano-mallocr.o)
                0x0000000000000bc8                _malloc_r
 .text.__sfputc_r
                0x0000000000000c7c       0x2a /Applications/MCUXpressoIDE_11.4.1_6260/ide/plugins/com.nxp.mcuxpresso.tools.macosx_11.4.0.202103011116/tools/bin/../lib/gcc/arm-none-eabi/10.2.1/../../../../arm-none-eabi/lib/thumb/v7-m/nofp/libc_nano.a(lib_a-nano-vfprintf.o)
 .text.__sfputs_r
                0x0000000000000ca6       0x24 /Applications/MCUXpressoIDE_11.4.1_6260/ide/plugins/com.nxp.mcuxpresso.tools.macosx_11.4.0.202103011116/tools/bin/../lib/gcc/arm-none-eabi/10.2.1/../../../../arm-none-eabi/lib/thumb/v7-m/nofp/libc_nano.a(lib_a-nano-vfprintf.o)
                0x0000000000000ca6                __sfputs_r
 *fill*         0x0000000000000cca        0x2 ff
 .text._vfprintf_r
                0x0000000000000ccc      0x260 /Applications/MCUXpressoIDE_11.4.1_6260/ide/plugins/com.nxp.mcuxpresso.tools.macosx_11.4.0.202103011116/tools/bin/../lib/gcc/arm-none-eabi/10.2.1/../../../../arm-none-eabi/lib/thumb/v7-m/nofp/libc_nano.a(lib_a-nano-vfprintf.o)
                0x0000000000000ccc                _vfiprintf_r
                0x0000000000000ccc                _vfprintf_r
 .text._printf_common
                0x0000000000000f2c       0xde /Applications/MCUXpressoIDE_11.4.1_6260/ide/plugins/com.nxp.mcuxpresso.tools.macosx_11.4.0.202103011116/tools/bin/../lib/gcc/arm-none-eabi/10.2.1/../../../../arm-none-eabi/lib/thumb/v7-m/nofp/libc_nano.a(lib_a-nano-vfprintf_i.o)
                0x0000000000000f2c                _printf_common
 *fill*         0x000000000000100a        0x2 ff
 .text._printf_i
                0x000000000000100c      0x24c /Applications/MCUXpressoIDE_11.4.1_6260/ide/plugins/com.nxp.mcuxpresso.tools.macosx_11.4.0.202103011116/tools/bin/../lib/gcc/arm-none-eabi/10.2.1/../../../../arm-none-eabi/lib/thumb/v7-m/nofp/libc_nano.a(lib_a-nano-vfprintf_i.o)
                0x000000000000100c                _printf_i
 .text._sbrk_r  0x0000000000001258       0x20 /Applications/MCUXpressoIDE_11.4.1_6260/ide/plugins/com.nxp.mcuxpresso.tools.macosx_11.4.0.202103011116/tools/bin/../lib/gcc/arm-none-eabi/10.2.1/../../../../arm-none-eabi/lib/thumb/v7-m/nofp/libc_nano.a(lib_a-sbrkr.o)
                0x0000000000001258                _sbrk_r
 .text.__sread  0x0000000000001278       0x22 /Applications/MCUXpressoIDE_11.4.1_6260/ide/plugins/com.nxp.mcuxpresso.tools.macosx_11.4.0.202103011116/tools/bin/../lib/gcc/arm-none-eabi/10.2.1/../../../../arm-none-eabi/lib/thumb/v7-m/nofp/libc_nano.a(lib_a-stdio.o)
                0x0000000000001278                __sread
 .text.__swrite
                0x000000000000129a       0x38 /Applications/MCUXpressoIDE_11.4.1_6260/ide/plugins/com.nxp.mcuxpresso.tools.macosx_11.4.0.202103011116/tools/bin/../lib/gcc/arm-none-eabi/10.2.1/../../../../arm-none-eabi/lib/thumb/v7-m/nofp/libc_nano.a(lib_a-stdio.o)
                0x000000000000129a                __swrite
 .text.__sseek  0x00000000000012d2       0x24 /Applications/MCUXpressoIDE_11.4.1_6260/ide/plugins/com.nxp.mcuxpresso.tools.macosx_11.4.0.202103011116/tools/bin/../lib/gcc/arm-none-eabi/10.2.1/../../../../arm-none-eabi/lib/thumb/v7-m/nofp/libc_nano.a(lib_a-stdio.o)
                0x00000000000012d2                __sseek
 .text.__sclose
                0x00000000000012f6        0x8 /Applications/MCUXpressoIDE_11.4.1_6260/ide/plugins/com.nxp.mcuxpresso.tools.macosx_11.4.0.202103011116/tools/bin/../lib/gcc/arm-none-eabi/10.2.1/../../../../arm-none-eabi/lib/thumb/v7-m/nofp/libc_nano.a(lib_a-stdio.o)
                0x00000000000012f6                __sclose
 *fill*         0x00000000000012fe        0x2 ff
 .text.__swbuf_r
                0x0000000000001300       0xa4 /Applications/MCUXpressoIDE_11.4.1_6260/ide/plugins/com.nxp.mcuxpresso.tools.macosx_11.4.0.202103011116/tools/bin/../lib/gcc/arm-none-eabi/10.2.1/../../../../arm-none-eabi/lib/thumb/v7-m/nofp/libc_nano.a(lib_a-wbuf.o)
                0x0000000000001300                __swbuf_r
 .text._write_r
                0x00000000000013a4       0x24 /Applications/MCUXpressoIDE_11.4.1_6260/ide/plugins/com.nxp.mcuxpresso.tools.macosx_11.4.0.202103011116/tools/bin/../lib/gcc/arm-none-eabi/10.2.1/../../../../arm-none-eabi/lib/thumb/v7-m/nofp/libc_nano.a(lib_a-writer.o)
                0x00000000000013a4                _write_r
 .text.__swsetup_r
                0x00000000000013c8       0xdc /Applications/MCUXpressoIDE_11.4.1_6260/ide/plugins/com.nxp.mcuxpresso.tools.macosx_11.4.0.202103011116/tools/bin/../lib/gcc/arm-none-eabi/10.2.1/../../../../arm-none-eabi/lib/thumb/v7-m/nofp/libc_nano.a(lib_a-wsetup.o)
                0x00000000000013c8                __swsetup_r
 .text._close_r
                0x00000000000014a4       0x20 /Applications/MCUXpressoIDE_11.4.1_6260/ide/plugins/com.nxp.mcuxpresso.tools.macosx_11.4.0.202103011116/tools/bin/../lib/gcc/arm-none-eabi/10.2.1/../../../../arm-none-eabi/lib/thumb/v7-m/nofp/libc_nano.a(lib_a-closer.o)
                0x00000000000014a4                _close_r
 .text.__sflush_r
                0x00000000000014c4      0x104 /Applications/MCUXpressoIDE_11.4.1_6260/ide/plugins/com.nxp.mcuxpresso.tools.macosx_11.4.0.202103011116/tools/bin/../lib/gcc/arm-none-eabi/10.2.1/../../../../arm-none-eabi/lib/thumb/v7-m/nofp/libc_nano.a(lib_a-fflush.o)
                0x00000000000014c4                __sflush_r
 .text._fflush_r
                0x00000000000015c8       0x78 /Applications/MCUXpressoIDE_11.4.1_6260/ide/plugins/com.nxp.mcuxpresso.tools.macosx_11.4.0.202103011116/tools/bin/../lib/gcc/arm-none-eabi/10.2.1/../../../../arm-none-eabi/lib/thumb/v7-m/nofp/libc_nano.a(lib_a-fflush.o)
                0x00000000000015c8                _fflush_r
 .text._lseek_r
                0x0000000000001640       0x24 /Applications/MCUXpressoIDE_11.4.1_6260/ide/plugins/com.nxp.mcuxpresso.tools.macosx_11.4.0.202103011116/tools/bin/../lib/gcc/arm-none-eabi/10.2.1/../../../../arm-none-eabi/lib/thumb/v7-m/nofp/libc_nano.a(lib_a-lseekr.o)
                0x0000000000001640                _lseek_r
 .text.__swhatbuf_r
                0x0000000000001664       0x4a /Applications/MCUXpressoIDE_11.4.1_6260/ide/plugins/com.nxp.mcuxpresso.tools.macosx_11.4.0.202103011116/tools/bin/../lib/gcc/arm-none-eabi/10.2.1/../../../../arm-none-eabi/lib/thumb/v7-m/nofp/libc_nano.a(lib_a-makebuf.o)
                0x0000000000001664                __swhatbuf_r
 *fill*         0x00000000000016ae        0x2 ff
 .text.__smakebuf_r
                0x00000000000016b0       0x80 /Applications/MCUXpressoIDE_11.4.1_6260/ide/plugins/com.nxp.mcuxpresso.tools.macosx_11.4.0.202103011116/tools/bin/../lib/gcc/arm-none-eabi/10.2.1/../../../../arm-none-eabi/lib/thumb/v7-m/nofp/libc_nano.a(lib_a-makebuf.o)
                0x00000000000016b0                __smakebuf_r
 .text.memchr   0x0000000000001730       0x1c /Applications/MCUXpressoIDE_11.4.1_6260/ide/plugins/com.nxp.mcuxpresso.tools.macosx_11.4.0.202103011116/tools/bin/../lib/gcc/arm-none-eabi/10.2.1/../../../../arm-none-eabi/lib/thumb/v7-m/nofp/libc_nano.a(lib_a-memchr-stub.o)
                0x0000000000001730                memchr
 .text.__malloc_lock
                0x000000000000174c        0xc /Applications/MCUXpressoIDE_11.4.1_6260/ide/plugins/com.nxp.mcuxpresso.tools.macosx_11.4.0.202103011116/tools/bin/../lib/gcc/arm-none-eabi/10.2.1/../../../../arm-none-eabi/lib/thumb/v7-m/nofp/libc_nano.a(lib_a-mlock.o)
                0x000000000000174c                __malloc_lock
 .text.__malloc_unlock
                0x0000000000001758        0xc /Applications/MCUXpressoIDE_11.4.1_6260/ide/plugins/com.nxp.mcuxpresso.tools.macosx_11.4.0.202103011116/tools/bin/../lib/gcc/arm-none-eabi/10.2.1/../../../../arm-none-eabi/lib/thumb/v7-m/nofp/libc_nano.a(lib_a-mlock.o)
                0x0000000000001758                __malloc_unlock
 .text._free_r  0x0000000000001764       0x90 /Applications/MCUXpressoIDE_11.4.1_6260/ide/plugins/com.nxp.mcuxpresso.tools.macosx_11.4.0.202103011116/tools/bin/../lib/gcc/arm-none-eabi/10.2.1/../../../../arm-none-eabi/lib/thumb/v7-m/nofp/libc_nano.a(lib_a-nano-freer.o)
                0x0000000000001764                _free_r
 .text._read_r  0x00000000000017f4       0x24 /Applications/MCUXpressoIDE_11.4.1_6260/ide/plugins/com.nxp.mcuxpresso.tools.macosx_11.4.0.202103011116/tools/bin/../lib/gcc/arm-none-eabi/10.2.1/../../../../arm-none-eabi/lib/thumb/v7-m/nofp/libc_nano.a(lib_a-readr.o)
                0x00000000000017f4                _read_r
 .text._fstat_r
                0x0000000000001818       0x24 /Applications/MCUXpressoIDE_11.4.1_6260/ide/plugins/com.nxp.mcuxpresso.tools.macosx_11.4.0.202103011116/tools/bin/../lib/gcc/arm-none-eabi/10.2.1/../../../../arm-none-eabi/lib/thumb/v7-m/nofp/libc_nano.a(lib_a-fstatr.o)
                0x0000000000001818                _fstat_r
 .text._isatty_r
                0x000000000000183c       0x20 /Applications/MCUXpressoIDE_11.4.1_6260/ide/plugins/com.nxp.mcuxpresso.tools.macosx_11.4.0.202103011116/tools/bin/../lib/gcc/arm-none-eabi/10.2.1/../../../../arm-none-eabi/lib/thumb/v7-m/nofp/libc_nano.a(lib_a-isattyr.o)
                0x000000000000183c                _isatty_r
 .text._sbrk    0x000000000000185c       0x3c /Applications/MCUXpressoIDE_11.4.1_6260/ide/plugins/com.nxp.mcuxpresso.tools.macosx_11.4.0.202103011116/tools/bin/../lib/gcc/arm-none-eabi/10.2.1/../../../../arm-none-eabi/lib/thumb/v7-m/nofp/libcr_newlib_nohost.a(_cr_sbrk.o)
                0x000000000000185c                _sbrk
 .text._close   0x0000000000001898       0x10 /Applications/MCUXpressoIDE_11.4.1_6260/ide/plugins/com.nxp.mcuxpresso.tools.macosx_11.4.0.202103011116/tools/bin/../lib/gcc/arm-none-eabi/10.2.1/../../../../arm-none-eabi/lib/thumb/v7-m/nofp/libcr_newlib_nohost.a(close.o)
                0x0000000000001898                _close
 .text._fstat   0x00000000000018a8       0x10 /Applications/MCUXpressoIDE_11.4.1_6260/ide/plugins/com.nxp.mcuxpresso.tools.macosx_11.4.0.202103011116/tools/bin/../lib/gcc/arm-none-eabi/10.2.1/../../../../arm-none-eabi/lib/thumb/v7-m/nofp/libcr_newlib_nohost.a(fstat.o)
                0x00000000000018a8                _fstat
 .text._isatty  0x00000000000018b8       0x10 /Applications/MCUXpressoIDE_11.4.1_6260/ide/plugins/com.nxp.mcuxpresso.tools.macosx_11.4.0.202103011116/tools/bin/../lib/gcc/arm-none-eabi/10.2.1/../../../../arm-none-eabi/lib/thumb/v7-m/nofp/libcr_newlib_nohost.a(isatty.o)
                0x00000000000018b8                _isatty
 .text._lseek   0x00000000000018c8       0x10 /Applications/MCUXpressoIDE_11.4.1_6260/ide/plugins/com.nxp.mcuxpresso.tools.macosx_11.4.0.202103011116/tools/bin/../lib/gcc/arm-none-eabi/10.2.1/../../../../arm-none-eabi/lib/thumb/v7-m/nofp/libcr_newlib_nohost.a(lseek.o)
                0x00000000000018c8                _lseek
 .text._read    0x00000000000018d8       0x10 /Applications/MCUXpressoIDE_11.4.1_6260/ide/plugins/com.nxp.mcuxpresso.tools.macosx_11.4.0.202103011116/tools/bin/../lib/gcc/arm-none-eabi/10.2.1/../../../../arm-none-eabi/lib/thumb/v7-m/nofp/libcr_newlib_nohost.a(read.o)
                0x00000000000018d8                _read
 .text._write   0x00000000000018e8       0x10 /Applications/MCUXpressoIDE_11.4.1_6260/ide/plugins/com.nxp.mcuxpresso.tools.macosx_11.4.0.202103011116/tools/bin/../lib/gcc/arm-none-eabi/10.2.1/../../../../arm-none-eabi/lib/thumb/v7-m/nofp/libcr_newlib_nohost.a(write.o)
                0x00000000000018e8                _write
 .text.__check_heap_overflow
                0x00000000000018f8       0x14 /Applications/MCUXpressoIDE_11.4.1_6260/ide/plugins/com.nxp.mcuxpresso.tools.macosx_11.4.0.202103011116/tools/bin/../lib/gcc/arm-none-eabi/10.2.1/../../../../arm-none-eabi/lib/thumb/v7-m/nofp/libcr_newlib_nohost.a(_cr_check_heap.o)
                0x00000000000018f8                __check_heap_overflow
 .text.__errno  0x000000000000190c        0xc /Applications/MCUXpressoIDE_11.4.1_6260/ide/plugins/com.nxp.mcuxpresso.tools.macosx_11.4.0.202103011116/tools/bin/../lib/gcc/arm-none-eabi/10.2.1/../../../../arm-none-eabi/lib/thumb/v7-m/nofp/libc_nano.a(lib_a-errno.o)
                0x000000000000190c                __errno
 *(.rodata .rodata.* .constdata .constdata.*)
 .rodata.fail.str1.4
                0x0000000000001918        0x8 ./src/Lab2.o
 .rodata.ok.str1.4
                0x0000000000001920        0x8 ./src/Lab2.o
 .rodata.ioconSetup
                0x0000000000001928       0x74 /Users/ahmedphone/Documents/MCUXPRESSO_Workspace/lpc_board_nxp_lpcxpresso_1549/Debug/liblpc_board_nxp_lpcxpresso_1549.a(board_sysinit.o)
 .rodata.swmSetup
                0x000000000000199c        0x6 /Users/ahmedphone/Documents/MCUXPRESSO_Workspace/lpc_board_nxp_lpcxpresso_1549/Debug/liblpc_board_nxp_lpcxpresso_1549.a(board_sysinit.o)
 *fill*         0x00000000000019a2        0x2 ff
 .rodata.__sf_fake_stderr
                0x00000000000019a4       0x20 /Applications/MCUXpressoIDE_11.4.1_6260/ide/plugins/com.nxp.mcuxpresso.tools.macosx_11.4.0.202103011116/tools/bin/../lib/gcc/arm-none-eabi/10.2.1/../../../../arm-none-eabi/lib/thumb/v7-m/nofp/libc_nano.a(lib_a-findfp.o)
                0x00000000000019a4                __sf_fake_stderr
 .rodata.__sf_fake_stdin
                0x00000000000019c4       0x20 /Applications/MCUXpressoIDE_11.4.1_6260/ide/plugins/com.nxp.mcuxpresso.tools.macosx_11.4.0.202103011116/tools/bin/../lib/gcc/arm-none-eabi/10.2.1/../../../../arm-none-eabi/lib/thumb/v7-m/nofp/libc_nano.a(lib_a-findfp.o)
                0x00000000000019c4                __sf_fake_stdin
 .rodata.__sf_fake_stdout
                0x00000000000019e4       0x20 /Applications/MCUXpressoIDE_11.4.1_6260/ide/plugins/com.nxp.mcuxpresso.tools.macosx_11.4.0.202103011116/tools/bin/../lib/gcc/arm-none-eabi/10.2.1/../../../../arm-none-eabi/lib/thumb/v7-m/nofp/libc_nano.a(lib_a-findfp.o)
                0x00000000000019e4                __sf_fake_stdout
 .rodata._global_impure_ptr
                0x0000000000001a04        0x4 /Applications/MCUXpressoIDE_11.4.1_6260/ide/plugins/com.nxp.mcuxpresso.tools.macosx_11.4.0.202103011116/tools/bin/../lib/gcc/arm-none-eabi/10.2.1/../../../../arm-none-eabi/lib/thumb/v7-m/nofp/libc_nano.a(lib_a-impure.o)
                0x0000000000001a04                _global_impure_ptr
 .rodata._vfprintf_r.str1.1
                0x0000000000001a08       0x11 /Applications/MCUXpressoIDE_11.4.1_6260/ide/plugins/com.nxp.mcuxpresso.tools.macosx_11.4.0.202103011116/tools/bin/../lib/gcc/arm-none-eabi/10.2.1/../../../../arm-none-eabi/lib/thumb/v7-m/nofp/libc_nano.a(lib_a-nano-vfprintf.o)
 .rodata._printf_i.str1.1
                0x0000000000001a19       0x22 /Applications/MCUXpressoIDE_11.4.1_6260/ide/plugins/com.nxp.mcuxpresso.tools.macosx_11.4.0.202103011116/tools/bin/../lib/gcc/arm-none-eabi/10.2.1/../../../../arm-none-eabi/lib/thumb/v7-m/nofp/libc_nano.a(lib_a-nano-vfprintf_i.o)
                0x0000000000001a3c                . = ALIGN (0x4)
 *fill*         0x0000000000001a3b        0x1 ff

.glue_7         0x0000000000001a3c        0x0
 .glue_7        0x0000000000001a3c        0x0 linker stubs

.glue_7t        0x0000000000001a3c        0x0
 .glue_7t       0x0000000000001a3c        0x0 linker stubs

.vfp11_veneer   0x0000000000001a3c        0x0
 .vfp11_veneer  0x0000000000001a3c        0x0 linker stubs

.v4_bx          0x0000000000001a3c        0x0
 .v4_bx         0x0000000000001a3c        0x0 linker stubs

.iplt           0x0000000000001a3c        0x0
 .iplt          0x0000000000001a3c        0x0 ./src/Lab2.o

.rel.dyn        0x0000000000001a3c        0x0
 .rel.iplt      0x0000000000001a3c        0x0 ./src/Lab2.o

.ARM.extab
 *(.ARM.extab* .gnu.linkonce.armextab.*)

.ARM.exidx      0x0000000000001a3c        0x0
                0x0000000000001a3c                __exidx_start = .
 *(.ARM.exidx* .gnu.linkonce.armexidx.*)
                0x0000000000001a3c                __exidx_end = .
                0x0000000000001a3c                _etext = .

.data_RAM2      0x0000000002004000        0x0 load address 0x0000000000001a3c
 FILL mask 0xff
                [!provide]                        PROVIDE (__start_data_RAM2 = .)
                [!provide]                        PROVIDE (__start_data_Ram1_16 = .)
 *(.ramfunc.$RAM2)
 *(.ramfunc.$Ram1_16)
 *(.data.$RAM2)
 *(.data.$Ram1_16)
 *(.data.$RAM2.*)
 *(.data.$Ram1_16.*)
                0x0000000002004000                . = ALIGN (0x4)
                [!provide]                        PROVIDE (__end_data_RAM2 = .)
                [!provide]                        PROVIDE (__end_data_Ram1_16 = .)

.data_RAM3      0x0000000002008000        0x0 load address 0x0000000000001a3c
 FILL mask 0xff
                [!provide]                        PROVIDE (__start_data_RAM3 = .)
                [!provide]                        PROVIDE (__start_data_Ram2_4 = .)
 *(.ramfunc.$RAM3)
 *(.ramfunc.$Ram2_4)
 *(.data.$RAM3)
 *(.data.$Ram2_4)
 *(.data.$RAM3.*)
 *(.data.$Ram2_4.*)
                0x0000000002008000                . = ALIGN (0x4)
                [!provide]                        PROVIDE (__end_data_RAM3 = .)
                [!provide]                        PROVIDE (__end_data_Ram2_4 = .)

.uninit_RESERVED
                0x0000000002000000        0x0
                0x0000000002000000                _start_uninit_RESERVED = .
 *(.bss.$RESERVED*)
                0x0000000002000000                . = ALIGN (0x4)
                0x0000000002000000                _end_uninit_RESERVED = .

.data           0x0000000002000000       0x64 load address 0x0000000000001a3c
 FILL mask 0xff
                0x0000000002000000                _data = .
                [!provide]                        PROVIDE (__start_data_RAM = .)
                [!provide]                        PROVIDE (__start_data_Ram0_16 = .)
 *(vtable)
 *(.ramfunc*)
 *(CodeQuickAccess)
 *(DataQuickAccess)
 *(RamFunction)
 *(.data*)
 .data._impure_ptr
                0x0000000002000000        0x4 /Applications/MCUXpressoIDE_11.4.1_6260/ide/plugins/com.nxp.mcuxpresso.tools.macosx_11.4.0.202103011116/tools/bin/../lib/gcc/arm-none-eabi/10.2.1/../../../../arm-none-eabi/lib/thumb/v7-m/nofp/libc_nano.a(lib_a-impure.o)
                0x0000000002000000                _impure_ptr
 .data.impure_data
                0x0000000002000004       0x60 /Applications/MCUXpressoIDE_11.4.1_6260/ide/plugins/com.nxp.mcuxpresso.tools.macosx_11.4.0.202103011116/tools/bin/../lib/gcc/arm-none-eabi/10.2.1/../../../../arm-none-eabi/lib/thumb/v7-m/nofp/libc_nano.a(lib_a-impure.o)
                0x0000000002000064                . = ALIGN (0x4)
                0x0000000002000064                _edata = .
                [!provide]                        PROVIDE (__end_data_RAM = .)
                [!provide]                        PROVIDE (__end_data_Ram0_16 = .)

.igot.plt       0x0000000002000064        0x0 load address 0x0000000000001aa0
 .igot.plt      0x0000000002000064        0x0 ./src/Lab2.o

.bss_RAM2       0x0000000002004000        0x0
                [!provide]                        PROVIDE (__start_bss_RAM2 = .)
                [!provide]                        PROVIDE (__start_bss_Ram1_16 = .)
 *(.bss.$RAM2)
 *(.bss.$Ram1_16)
 *(.bss.$RAM2.*)
 *(.bss.$Ram1_16.*)
                0x0000000002004000                . = ALIGN ((. != 0x0)?0x4:0x1)
                [!provide]                        PROVIDE (__end_bss_RAM2 = .)
                [!provide]                        PROVIDE (__end_bss_Ram1_16 = .)

.bss_RAM3       0x0000000002008000        0x0
                [!provide]                        PROVIDE (__start_bss_RAM3 = .)
                [!provide]                        PROVIDE (__start_bss_Ram2_4 = .)
 *(.bss.$RAM3)
 *(.bss.$Ram2_4)
 *(.bss.$RAM3.*)
 *(.bss.$Ram2_4.*)
                0x0000000002008000                . = ALIGN ((. != 0x0)?0x4:0x1)
                [!provide]                        PROVIDE (__end_bss_RAM3 = .)
                [!provide]                        PROVIDE (__end_bss_Ram2_4 = .)

.bss            0x0000000002000064       0x14
                0x0000000002000064                _bss = .
                [!provide]                        PROVIDE (__start_bss_RAM = .)
                [!provide]                        PROVIDE (__start_bss_Ram0_16 = .)
 *(.bss*)
 .bss.__lock___malloc_recursive_mutex
                0x0000000002000064        0x1 /Applications/MCUXpressoIDE_11.4.1_6260/ide/plugins/com.nxp.mcuxpresso.tools.macosx_11.4.0.202103011116/tools/bin/../lib/gcc/arm-none-eabi/10.2.1/../../../../arm-none-eabi/lib/thumb/v7-m/nofp/libc_nano.a(lib_a-lock.o)
                0x0000000002000064                __lock___malloc_recursive_mutex
 .bss.__lock___sfp_recursive_mutex
                0x0000000002000065        0x1 /Applications/MCUXpressoIDE_11.4.1_6260/ide/plugins/com.nxp.mcuxpresso.tools.macosx_11.4.0.202103011116/tools/bin/../lib/gcc/arm-none-eabi/10.2.1/../../../../arm-none-eabi/lib/thumb/v7-m/nofp/libc_nano.a(lib_a-lock.o)
                0x0000000002000065                __lock___sfp_recursive_mutex
 .bss.__lock___sinit_recursive_mutex
                0x0000000002000066        0x1 /Applications/MCUXpressoIDE_11.4.1_6260/ide/plugins/com.nxp.mcuxpresso.tools.macosx_11.4.0.202103011116/tools/bin/../lib/gcc/arm-none-eabi/10.2.1/../../../../arm-none-eabi/lib/thumb/v7-m/nofp/libc_nano.a(lib_a-lock.o)
                0x0000000002000066                __lock___sinit_recursive_mutex
 *fill*         0x0000000002000067        0x1 
 .bss.__malloc_free_list
                0x0000000002000068        0x4 /Applications/MCUXpressoIDE_11.4.1_6260/ide/plugins/com.nxp.mcuxpresso.tools.macosx_11.4.0.202103011116/tools/bin/../lib/gcc/arm-none-eabi/10.2.1/../../../../arm-none-eabi/lib/thumb/v7-m/nofp/libc_nano.a(lib_a-nano-mallocr.o)
                0x0000000002000068                __malloc_free_list
 .bss.__malloc_sbrk_start
                0x000000000200006c        0x4 /Applications/MCUXpressoIDE_11.4.1_6260/ide/plugins/com.nxp.mcuxpresso.tools.macosx_11.4.0.202103011116/tools/bin/../lib/gcc/arm-none-eabi/10.2.1/../../../../arm-none-eabi/lib/thumb/v7-m/nofp/libc_nano.a(lib_a-nano-mallocr.o)
                0x000000000200006c                __malloc_sbrk_start
 .bss.errno     0x0000000002000070        0x4 /Applications/MCUXpressoIDE_11.4.1_6260/ide/plugins/com.nxp.mcuxpresso.tools.macosx_11.4.0.202103011116/tools/bin/../lib/gcc/arm-none-eabi/10.2.1/../../../../arm-none-eabi/lib/thumb/v7-m/nofp/libc_nano.a(lib_a-reent.o)
                0x0000000002000070                errno
 .bss.__end_of_heap
                0x0000000002000074        0x4 /Applications/MCUXpressoIDE_11.4.1_6260/ide/plugins/com.nxp.mcuxpresso.tools.macosx_11.4.0.202103011116/tools/bin/../lib/gcc/arm-none-eabi/10.2.1/../../../../arm-none-eabi/lib/thumb/v7-m/nofp/libcr_newlib_nohost.a(_cr_sbrk.o)
                0x0000000002000074                __end_of_heap
 *(COMMON)
                0x0000000002000078                . = ALIGN (0x4)
                0x0000000002000078                _ebss = .
                [!provide]                        PROVIDE (__end_bss_RAM = .)
                [!provide]                        PROVIDE (__end_bss_Ram0_16 = .)
                [!provide]                        PROVIDE (end = .)

.noinit_RAM2    0x0000000002004000        0x0
                [!provide]                        PROVIDE (__start_noinit_RAM2 = .)
                [!provide]                        PROVIDE (__start_noinit_Ram1_16 = .)
 *(.noinit.$RAM2)
 *(.noinit.$Ram1_16)
 *(.noinit.$RAM2.*)
 *(.noinit.$Ram1_16.*)
                0x0000000002004000                . = ALIGN (0x4)
                [!provide]                        PROVIDE (__end_noinit_RAM2 = .)
                [!provide]                        PROVIDE (__end_noinit_Ram1_16 = .)

.noinit_RAM3    0x0000000002008000        0x0
                [!provide]                        PROVIDE (__start_noinit_RAM3 = .)
                [!provide]                        PROVIDE (__start_noinit_Ram2_4 = .)
 *(.noinit.$RAM3)
 *(.noinit.$Ram2_4)
 *(.noinit.$RAM3.*)
 *(.noinit.$Ram2_4.*)
                0x0000000002008000                . = ALIGN (0x4)
                [!provide]                        PROVIDE (__end_noinit_RAM3 = .)
                [!provide]                        PROVIDE (__end_noinit_Ram2_4 = .)

.noinit         0x0000000002000078        0x0
                0x0000000002000078                _noinit = .
                [!provide]                        PROVIDE (__start_noinit_RAM = .)
                [!provide]                        PROVIDE (__start_noinit_Ram0_16 = .)
 *(.noinit*)
                0x0000000002000078                . = ALIGN (0x4)
                0x0000000002000078                _end_noinit = .
                [!provide]                        PROVIDE (__end_noinit_RAM = .)
                [!provide]                        PROVIDE (__end_noinit_Ram0_16 = .)
                0x0000000002000078                PROVIDE (_pvHeapStart = DEFINED (__user_heap_base)?__user_heap_base:.)
                0x0000000002004000                PROVIDE (_vStackTop = DEFINED (__user_stack_top)?__user_stack_top:(__top_Ram0_16 - 0x0))
                0xfffffffffdffb2de                PROVIDE (__valid_user_code_checksum = (0x0 - ((((((_vStackTop + (ResetISR + 0x1)) + (NMI_Handler + 0x1)) + (HardFault_Handler + 0x1)) + (DEFINED (MemManage_Handler)?MemManage_Handler:0x0 + 0x1)) + (DEFINED (BusFault_Handler)?BusFault_Handler:0x0 + 0x1)) + (DEFINED (UsageFault_Handler)?UsageFault_Handler:0x0 + 0x1))))
                0x0000000000000000                _image_start = LOADADDR (.text)
                0x0000000000001aa0                _image_end = (LOADADDR (.data) + SIZEOF (.data))
                0x0000000000001aa0                _image_size = (_image_end - _image_start)
OUTPUT(Lab2.axf elf32-littlearm)
LOAD linker stubs

.debug_info     0x0000000000000000     0x3cc5
 .debug_info    0x0000000000000000      0x13f ./src/Lab2.o
 .debug_info    0x000000000000013f      0x2a9 ./src/cr_startup_lpc15xx.o
 .debug_info    0x00000000000003e8       0x90 ./src/sysinit.o
 .debug_info    0x0000000000000478      0xc8e /Users/ahmedphone/Documents/MCUXPRESSO_Workspace/lpc_board_nxp_lpcxpresso_1549/Debug/liblpc_board_nxp_lpcxpresso_1549.a(board_sysinit.o)
 .debug_info    0x0000000000001106      0xd86 /Users/ahmedphone/Documents/MCUXPRESSO_Workspace/lpc_chip_15xx/Debug/liblpc_chip_15xx.a(clock_15xx.o)
 .debug_info    0x0000000000001e8c      0x1cb /Users/ahmedphone/Documents/MCUXPRESSO_Workspace/lpc_chip_15xx/Debug/liblpc_chip_15xx.a(iocon_15xx.o)
 .debug_info    0x0000000000002057      0x5ca /Users/ahmedphone/Documents/MCUXPRESSO_Workspace/lpc_chip_15xx/Debug/liblpc_chip_15xx.a(swm_15xx.o)
 .debug_info    0x0000000000002621      0x731 /Users/ahmedphone/Documents/MCUXPRESSO_Workspace/lpc_chip_15xx/Debug/liblpc_chip_15xx.a(sysctl_15xx.o)
 .debug_info    0x0000000000002d52      0x71d /Users/ahmedphone/Documents/MCUXPRESSO_Workspace/lpc_chip_15xx/Debug/liblpc_chip_15xx.a(sysinit_15xx.o)
 .debug_info    0x000000000000346f      0x132 /Applications/MCUXpressoIDE_11.4.1_6260/ide/plugins/com.nxp.mcuxpresso.tools.macosx_11.4.0.202103011116/tools/bin/../lib/gcc/arm-none-eabi/10.2.1/../../../../arm-none-eabi/lib/thumb/v7-m/nofp/libcr_newlib_nohost.a(_cr_sbrk.o)
 .debug_info    0x00000000000035a1       0xb1 /Applications/MCUXpressoIDE_11.4.1_6260/ide/plugins/com.nxp.mcuxpresso.tools.macosx_11.4.0.202103011116/tools/bin/../lib/gcc/arm-none-eabi/10.2.1/../../../../arm-none-eabi/lib/thumb/v7-m/nofp/libcr_newlib_nohost.a(close.o)
 .debug_info    0x0000000000003652      0x2cc /Applications/MCUXpressoIDE_11.4.1_6260/ide/plugins/com.nxp.mcuxpresso.tools.macosx_11.4.0.202103011116/tools/bin/../lib/gcc/arm-none-eabi/10.2.1/../../../../arm-none-eabi/lib/thumb/v7-m/nofp/libcr_newlib_nohost.a(fstat.o)
 .debug_info    0x000000000000391e       0xb1 /Applications/MCUXpressoIDE_11.4.1_6260/ide/plugins/com.nxp.mcuxpresso.tools.macosx_11.4.0.202103011116/tools/bin/../lib/gcc/arm-none-eabi/10.2.1/../../../../arm-none-eabi/lib/thumb/v7-m/nofp/libcr_newlib_nohost.a(isatty.o)
 .debug_info    0x00000000000039cf       0xd3 /Applications/MCUXpressoIDE_11.4.1_6260/ide/plugins/com.nxp.mcuxpresso.tools.macosx_11.4.0.202103011116/tools/bin/../lib/gcc/arm-none-eabi/10.2.1/../../../../arm-none-eabi/lib/thumb/v7-m/nofp/libcr_newlib_nohost.a(lseek.o)
 .debug_info    0x0000000000003aa2       0xd9 /Applications/MCUXpressoIDE_11.4.1_6260/ide/plugins/com.nxp.mcuxpresso.tools.macosx_11.4.0.202103011116/tools/bin/../lib/gcc/arm-none-eabi/10.2.1/../../../../arm-none-eabi/lib/thumb/v7-m/nofp/libcr_newlib_nohost.a(read.o)
 .debug_info    0x0000000000003b7b       0xd9 /Applications/MCUXpressoIDE_11.4.1_6260/ide/plugins/com.nxp.mcuxpresso.tools.macosx_11.4.0.202103011116/tools/bin/../lib/gcc/arm-none-eabi/10.2.1/../../../../arm-none-eabi/lib/thumb/v7-m/nofp/libcr_newlib_nohost.a(write.o)
 .debug_info    0x0000000000003c54       0x71 /Applications/MCUXpressoIDE_11.4.1_6260/ide/plugins/com.nxp.mcuxpresso.tools.macosx_11.4.0.202103011116/tools/bin/../lib/gcc/arm-none-eabi/10.2.1/../../../../arm-none-eabi/lib/thumb/v7-m/nofp/libcr_newlib_nohost.a(_cr_check_heap.o)

.debug_abbrev   0x0000000000000000     0x111b
 .debug_abbrev  0x0000000000000000       0xb7 ./src/Lab2.o
 .debug_abbrev  0x00000000000000b7      0x12b ./src/cr_startup_lpc15xx.o
 .debug_abbrev  0x00000000000001e2       0x47 ./src/sysinit.o
 .debug_abbrev  0x0000000000000229      0x232 /Users/ahmedphone/Documents/MCUXPRESSO_Workspace/lpc_board_nxp_lpcxpresso_1549/Debug/liblpc_board_nxp_lpcxpresso_1549.a(board_sysinit.o)
 .debug_abbrev  0x000000000000045b      0x2c6 /Users/ahmedphone/Documents/MCUXPRESSO_Workspace/lpc_chip_15xx/Debug/liblpc_chip_15xx.a(clock_15xx.o)
 .debug_abbrev  0x0000000000000721      0x129 /Users/ahmedphone/Documents/MCUXPRESSO_Workspace/lpc_chip_15xx/Debug/liblpc_chip_15xx.a(iocon_15xx.o)
 .debug_abbrev  0x000000000000084a      0x14e /Users/ahmedphone/Documents/MCUXPRESSO_Workspace/lpc_chip_15xx/Debug/liblpc_chip_15xx.a(swm_15xx.o)
 .debug_abbrev  0x0000000000000998      0x11f /Users/ahmedphone/Documents/MCUXPRESSO_Workspace/lpc_chip_15xx/Debug/liblpc_chip_15xx.a(sysctl_15xx.o)
 .debug_abbrev  0x0000000000000ab7      0x1a8 /Users/ahmedphone/Documents/MCUXPRESSO_Workspace/lpc_chip_15xx/Debug/liblpc_chip_15xx.a(sysinit_15xx.o)
 .debug_abbrev  0x0000000000000c5f       0xe3 /Applications/MCUXpressoIDE_11.4.1_6260/ide/plugins/com.nxp.mcuxpresso.tools.macosx_11.4.0.202103011116/tools/bin/../lib/gcc/arm-none-eabi/10.2.1/../../../../arm-none-eabi/lib/thumb/v7-m/nofp/libcr_newlib_nohost.a(_cr_sbrk.o)
 .debug_abbrev  0x0000000000000d42       0x6d /Applications/MCUXpressoIDE_11.4.1_6260/ide/plugins/com.nxp.mcuxpresso.tools.macosx_11.4.0.202103011116/tools/bin/../lib/gcc/arm-none-eabi/10.2.1/../../../../arm-none-eabi/lib/thumb/v7-m/nofp/libcr_newlib_nohost.a(close.o)
 .debug_abbrev  0x0000000000000daf       0xcc /Applications/MCUXpressoIDE_11.4.1_6260/ide/plugins/com.nxp.mcuxpresso.tools.macosx_11.4.0.202103011116/tools/bin/../lib/gcc/arm-none-eabi/10.2.1/../../../../arm-none-eabi/lib/thumb/v7-m/nofp/libcr_newlib_nohost.a(fstat.o)
 .debug_abbrev  0x0000000000000e7b       0x6d /Applications/MCUXpressoIDE_11.4.1_6260/ide/plugins/com.nxp.mcuxpresso.tools.macosx_11.4.0.202103011116/tools/bin/../lib/gcc/arm-none-eabi/10.2.1/../../../../arm-none-eabi/lib/thumb/v7-m/nofp/libcr_newlib_nohost.a(isatty.o)
 .debug_abbrev  0x0000000000000ee8       0x92 /Applications/MCUXpressoIDE_11.4.1_6260/ide/plugins/com.nxp.mcuxpresso.tools.macosx_11.4.0.202103011116/tools/bin/../lib/gcc/arm-none-eabi/10.2.1/../../../../arm-none-eabi/lib/thumb/v7-m/nofp/libcr_newlib_nohost.a(lseek.o)
 .debug_abbrev  0x0000000000000f7a       0x9b /Applications/MCUXpressoIDE_11.4.1_6260/ide/plugins/com.nxp.mcuxpresso.tools.macosx_11.4.0.202103011116/tools/bin/../lib/gcc/arm-none-eabi/10.2.1/../../../../arm-none-eabi/lib/thumb/v7-m/nofp/libcr_newlib_nohost.a(read.o)
 .debug_abbrev  0x0000000000001015       0x9b /Applications/MCUXpressoIDE_11.4.1_6260/ide/plugins/com.nxp.mcuxpresso.tools.macosx_11.4.0.202103011116/tools/bin/../lib/gcc/arm-none-eabi/10.2.1/../../../../arm-none-eabi/lib/thumb/v7-m/nofp/libcr_newlib_nohost.a(write.o)
 .debug_abbrev  0x00000000000010b0       0x6b /Applications/MCUXpressoIDE_11.4.1_6260/ide/plugins/com.nxp.mcuxpresso.tools.macosx_11.4.0.202103011116/tools/bin/../lib/gcc/arm-none-eabi/10.2.1/../../../../arm-none-eabi/lib/thumb/v7-m/nofp/libcr_newlib_nohost.a(_cr_check_heap.o)

.debug_aranges  0x0000000000000000      0x470
 .debug_aranges
                0x0000000000000000       0x38 ./src/Lab2.o
 .debug_aranges
                0x0000000000000038       0x80 ./src/cr_startup_lpc15xx.o
 .debug_aranges
                0x00000000000000b8       0x20 ./src/sysinit.o
 .debug_aranges
                0x00000000000000d8       0x60 /Users/ahmedphone/Documents/MCUXPRESSO_Workspace/lpc_board_nxp_lpcxpresso_1549/Debug/liblpc_board_nxp_lpcxpresso_1549.a(board_sysinit.o)
 .debug_aranges
                0x0000000000000138      0x128 /Users/ahmedphone/Documents/MCUXPRESSO_Workspace/lpc_chip_15xx/Debug/liblpc_chip_15xx.a(clock_15xx.o)
 .debug_aranges
                0x0000000000000260       0x28 /Users/ahmedphone/Documents/MCUXPRESSO_Workspace/lpc_chip_15xx/Debug/liblpc_chip_15xx.a(iocon_15xx.o)
 .debug_aranges
                0x0000000000000288       0x40 /Users/ahmedphone/Documents/MCUXPRESSO_Workspace/lpc_chip_15xx/Debug/liblpc_chip_15xx.a(swm_15xx.o)
 .debug_aranges
                0x00000000000002c8       0x50 /Users/ahmedphone/Documents/MCUXPRESSO_Workspace/lpc_chip_15xx/Debug/liblpc_chip_15xx.a(sysctl_15xx.o)
 .debug_aranges
                0x0000000000000318       0x58 /Users/ahmedphone/Documents/MCUXPRESSO_Workspace/lpc_chip_15xx/Debug/liblpc_chip_15xx.a(sysinit_15xx.o)
 .debug_aranges
                0x0000000000000370       0x20 /Applications/MCUXpressoIDE_11.4.1_6260/ide/plugins/com.nxp.mcuxpresso.tools.macosx_11.4.0.202103011116/tools/bin/../lib/gcc/arm-none-eabi/10.2.1/../../../../arm-none-eabi/lib/thumb/v7-m/nofp/libcr_newlib_nohost.a(_cr_sbrk.o)
 .debug_aranges
                0x0000000000000390       0x20 /Applications/MCUXpressoIDE_11.4.1_6260/ide/plugins/com.nxp.mcuxpresso.tools.macosx_11.4.0.202103011116/tools/bin/../lib/gcc/arm-none-eabi/10.2.1/../../../../arm-none-eabi/lib/thumb/v7-m/nofp/libcr_newlib_nohost.a(close.o)
 .debug_aranges
                0x00000000000003b0       0x20 /Applications/MCUXpressoIDE_11.4.1_6260/ide/plugins/com.nxp.mcuxpresso.tools.macosx_11.4.0.202103011116/tools/bin/../lib/gcc/arm-none-eabi/10.2.1/../../../../arm-none-eabi/lib/thumb/v7-m/nofp/libcr_newlib_nohost.a(fstat.o)
 .debug_aranges
                0x00000000000003d0       0x20 /Applications/MCUXpressoIDE_11.4.1_6260/ide/plugins/com.nxp.mcuxpresso.tools.macosx_11.4.0.202103011116/tools/bin/../lib/gcc/arm-none-eabi/10.2.1/../../../../arm-none-eabi/lib/thumb/v7-m/nofp/libcr_newlib_nohost.a(isatty.o)
 .debug_aranges
                0x00000000000003f0       0x20 /Applications/MCUXpressoIDE_11.4.1_6260/ide/plugins/com.nxp.mcuxpresso.tools.macosx_11.4.0.202103011116/tools/bin/../lib/gcc/arm-none-eabi/10.2.1/../../../../arm-none-eabi/lib/thumb/v7-m/nofp/libcr_newlib_nohost.a(lseek.o)
 .debug_aranges
                0x0000000000000410       0x20 /Applications/MCUXpressoIDE_11.4.1_6260/ide/plugins/com.nxp.mcuxpresso.tools.macosx_11.4.0.202103011116/tools/bin/../lib/gcc/arm-none-eabi/10.2.1/../../../../arm-none-eabi/lib/thumb/v7-m/nofp/libcr_newlib_nohost.a(read.o)
 .debug_aranges
                0x0000000000000430       0x20 /Applications/MCUXpressoIDE_11.4.1_6260/ide/plugins/com.nxp.mcuxpresso.tools.macosx_11.4.0.202103011116/tools/bin/../lib/gcc/arm-none-eabi/10.2.1/../../../../arm-none-eabi/lib/thumb/v7-m/nofp/libcr_newlib_nohost.a(write.o)
 .debug_aranges
                0x0000000000000450       0x20 /Applications/MCUXpressoIDE_11.4.1_6260/ide/plugins/com.nxp.mcuxpresso.tools.macosx_11.4.0.202103011116/tools/bin/../lib/gcc/arm-none-eabi/10.2.1/../../../../arm-none-eabi/lib/thumb/v7-m/nofp/libcr_newlib_nohost.a(_cr_check_heap.o)

.debug_ranges   0x0000000000000000      0x360
 .debug_ranges  0x0000000000000000       0x28 ./src/Lab2.o
 .debug_ranges  0x0000000000000028       0x70 ./src/cr_startup_lpc15xx.o
 .debug_ranges  0x0000000000000098       0x10 ./src/sysinit.o
 .debug_ranges  0x00000000000000a8       0x50 /Users/ahmedphone/Documents/MCUXPRESSO_Workspace/lpc_board_nxp_lpcxpresso_1549/Debug/liblpc_board_nxp_lpcxpresso_1549.a(board_sysinit.o)
 .debug_ranges  0x00000000000000f8      0x118 /Users/ahmedphone/Documents/MCUXPRESSO_Workspace/lpc_chip_15xx/Debug/liblpc_chip_15xx.a(clock_15xx.o)
 .debug_ranges  0x0000000000000210       0x18 /Users/ahmedphone/Documents/MCUXPRESSO_Workspace/lpc_chip_15xx/Debug/liblpc_chip_15xx.a(iocon_15xx.o)
 .debug_ranges  0x0000000000000228       0x30 /Users/ahmedphone/Documents/MCUXPRESSO_Workspace/lpc_chip_15xx/Debug/liblpc_chip_15xx.a(swm_15xx.o)
 .debug_ranges  0x0000000000000258       0x40 /Users/ahmedphone/Documents/MCUXPRESSO_Workspace/lpc_chip_15xx/Debug/liblpc_chip_15xx.a(sysctl_15xx.o)
 .debug_ranges  0x0000000000000298       0x48 /Users/ahmedphone/Documents/MCUXPRESSO_Workspace/lpc_chip_15xx/Debug/liblpc_chip_15xx.a(sysinit_15xx.o)
 .debug_ranges  0x00000000000002e0       0x10 /Applications/MCUXpressoIDE_11.4.1_6260/ide/plugins/com.nxp.mcuxpresso.tools.macosx_11.4.0.202103011116/tools/bin/../lib/gcc/arm-none-eabi/10.2.1/../../../../arm-none-eabi/lib/thumb/v7-m/nofp/libcr_newlib_nohost.a(_cr_sbrk.o)
 .debug_ranges  0x00000000000002f0       0x10 /Applications/MCUXpressoIDE_11.4.1_6260/ide/plugins/com.nxp.mcuxpresso.tools.macosx_11.4.0.202103011116/tools/bin/../lib/gcc/arm-none-eabi/10.2.1/../../../../arm-none-eabi/lib/thumb/v7-m/nofp/libcr_newlib_nohost.a(close.o)
 .debug_ranges  0x0000000000000300       0x10 /Applications/MCUXpressoIDE_11.4.1_6260/ide/plugins/com.nxp.mcuxpresso.tools.macosx_11.4.0.202103011116/tools/bin/../lib/gcc/arm-none-eabi/10.2.1/../../../../arm-none-eabi/lib/thumb/v7-m/nofp/libcr_newlib_nohost.a(fstat.o)
 .debug_ranges  0x0000000000000310       0x10 /Applications/MCUXpressoIDE_11.4.1_6260/ide/plugins/com.nxp.mcuxpresso.tools.macosx_11.4.0.202103011116/tools/bin/../lib/gcc/arm-none-eabi/10.2.1/../../../../arm-none-eabi/lib/thumb/v7-m/nofp/libcr_newlib_nohost.a(isatty.o)
 .debug_ranges  0x0000000000000320       0x10 /Applications/MCUXpressoIDE_11.4.1_6260/ide/plugins/com.nxp.mcuxpresso.tools.macosx_11.4.0.202103011116/tools/bin/../lib/gcc/arm-none-eabi/10.2.1/../../../../arm-none-eabi/lib/thumb/v7-m/nofp/libcr_newlib_nohost.a(lseek.o)
 .debug_ranges  0x0000000000000330       0x10 /Applications/MCUXpressoIDE_11.4.1_6260/ide/plugins/com.nxp.mcuxpresso.tools.macosx_11.4.0.202103011116/tools/bin/../lib/gcc/arm-none-eabi/10.2.1/../../../../arm-none-eabi/lib/thumb/v7-m/nofp/libcr_newlib_nohost.a(read.o)
 .debug_ranges  0x0000000000000340       0x10 /Applications/MCUXpressoIDE_11.4.1_6260/ide/plugins/com.nxp.mcuxpresso.tools.macosx_11.4.0.202103011116/tools/bin/../lib/gcc/arm-none-eabi/10.2.1/../../../../arm-none-eabi/lib/thumb/v7-m/nofp/libcr_newlib_nohost.a(write.o)
 .debug_ranges  0x0000000000000350       0x10 /Applications/MCUXpressoIDE_11.4.1_6260/ide/plugins/com.nxp.mcuxpresso.tools.macosx_11.4.0.202103011116/tools/bin/../lib/gcc/arm-none-eabi/10.2.1/../../../../arm-none-eabi/lib/thumb/v7-m/nofp/libcr_newlib_nohost.a(_cr_check_heap.o)

.debug_macro    0x0000000000000000     0x659c
 .debug_macro   0x0000000000000000      0x3ef ./src/Lab2.o
 .debug_macro   0x00000000000003ef      0xa84 ./src/Lab2.o
 .debug_macro   0x0000000000000e73       0x22 ./src/Lab2.o
 .debug_macro   0x0000000000000e95       0x8e ./src/Lab2.o
 .debug_macro   0x0000000000000f23       0x51 ./src/Lab2.o
 .debug_macro   0x0000000000000f74      0x103 ./src/Lab2.o
 .debug_macro   0x0000000000001077       0x6a ./src/Lab2.o
 .debug_macro   0x00000000000010e1      0x1df ./src/Lab2.o
 .debug_macro   0x00000000000012c0       0x22 ./src/Lab2.o
 .debug_macro   0x00000000000012e2       0x7b ./src/Lab2.o
 .debug_macro   0x000000000000135d       0x10 ./src/Lab2.o
 .debug_macro   0x000000000000136d       0x2d ./src/Lab2.o
 .debug_macro   0x000000000000139a       0x3a ./src/Lab2.o
 .debug_macro   0x00000000000013d4       0x2d ./src/Lab2.o
 .debug_macro   0x0000000000001401      0xa7d ./src/Lab2.o
 .debug_macro   0x0000000000001e7e      0x1b4 ./src/Lab2.o
 .debug_macro   0x0000000000002032       0xca ./src/Lab2.o
 .debug_macro   0x00000000000020fc       0x18 ./src/Lab2.o
 .debug_macro   0x0000000000002114       0xb2 ./src/Lab2.o
 .debug_macro   0x00000000000021c6       0x70 ./src/Lab2.o
 .debug_macro   0x0000000000002236       0x46 ./src/Lab2.o
 .debug_macro   0x000000000000227c       0xd0 ./src/Lab2.o
 .debug_macro   0x000000000000234c       0x40 ./src/Lab2.o
 .debug_macro   0x000000000000238c      0x233 ./src/Lab2.o
 .debug_macro   0x00000000000025bf       0x16 ./src/Lab2.o
 .debug_macro   0x00000000000025d5       0x88 ./src/Lab2.o
 .debug_macro   0x000000000000265d       0x34 ./src/Lab2.o
 .debug_macro   0x0000000000002691       0x6a ./src/Lab2.o
 .debug_macro   0x00000000000026fb       0x40 ./src/Lab2.o
 .debug_macro   0x000000000000273b       0x1c ./src/Lab2.o
 .debug_macro   0x0000000000002757       0x16 ./src/Lab2.o
 .debug_macro   0x000000000000276d      0x10c ./src/Lab2.o
 .debug_macro   0x0000000000002879      0x2a9 ./src/Lab2.o
 .debug_macro   0x0000000000002b22       0x76 ./src/Lab2.o
 .debug_macro   0x0000000000002b98       0x22 ./src/Lab2.o
 .debug_macro   0x0000000000002bba      0x152 ./src/Lab2.o
 .debug_macro   0x0000000000002d0c       0x82 ./src/Lab2.o
 .debug_macro   0x0000000000002d8e       0xe6 ./src/Lab2.o
 .debug_macro   0x0000000000002e74       0x3a ./src/Lab2.o
 .debug_macro   0x0000000000002eae       0x34 ./src/Lab2.o
 .debug_macro   0x0000000000002ee2       0x10 ./src/Lab2.o
 .debug_macro   0x0000000000002ef2       0x76 ./src/Lab2.o
 .debug_macro   0x0000000000002f68       0x58 ./src/Lab2.o
 .debug_macro   0x0000000000002fc0      0x2ca ./src/Lab2.o
 .debug_macro   0x000000000000328a      0x22b ./src/Lab2.o
 .debug_macro   0x00000000000034b5       0x2e ./src/Lab2.o
 .debug_macro   0x00000000000034e3       0x34 ./src/Lab2.o
 .debug_macro   0x0000000000003517       0x52 ./src/Lab2.o
 .debug_macro   0x0000000000003569       0x18 ./src/Lab2.o
 .debug_macro   0x0000000000003581       0x3c ./src/Lab2.o
 .debug_macro   0x00000000000035bd       0x34 ./src/Lab2.o
 .debug_macro   0x00000000000035f1       0x16 ./src/Lab2.o
 .debug_macro   0x0000000000003607       0x97 ./src/Lab2.o
 .debug_macro   0x000000000000369e      0x333 ./src/Lab2.o
 .debug_macro   0x00000000000039d1       0xfd ./src/Lab2.o
 .debug_macro   0x0000000000003ace       0x10 ./src/Lab2.o
 .debug_macro   0x0000000000003ade       0x16 ./src/Lab2.o
 .debug_macro   0x0000000000003af4       0x43 ./src/Lab2.o
 .debug_macro   0x0000000000003b37       0x34 ./src/Lab2.o
 .debug_macro   0x0000000000003b6b       0x10 ./src/Lab2.o
 .debug_macro   0x0000000000003b7b       0x58 ./src/Lab2.o
 .debug_macro   0x0000000000003bd3       0x71 ./src/Lab2.o
 .debug_macro   0x0000000000003c44       0x1c ./src/Lab2.o
 .debug_macro   0x0000000000003c60      0x12a ./src/Lab2.o
 .debug_macro   0x0000000000003d8a       0x10 ./src/Lab2.o
 .debug_macro   0x0000000000003d9a       0x1c ./src/Lab2.o
 .debug_macro   0x0000000000003db6       0x52 ./src/Lab2.o
 .debug_macro   0x0000000000003e08       0x22 ./src/Lab2.o
 .debug_macro   0x0000000000003e2a       0x10 ./src/Lab2.o
 .debug_macro   0x0000000000003e3a       0x40 ./src/Lab2.o
 .debug_macro   0x0000000000003e7a       0xd5 ./src/Lab2.o
 .debug_macro   0x0000000000003f4f       0x1c ./src/Lab2.o
 .debug_macro   0x0000000000003f6b       0x3d ./src/Lab2.o
 .debug_macro   0x0000000000003fa8       0x16 ./src/Lab2.o
 .debug_macro   0x0000000000003fbe      0x145 ./src/Lab2.o
 .debug_macro   0x0000000000004103       0x20 ./src/Lab2.o
 .debug_macro   0x0000000000004123       0x82 ./src/Lab2.o
 .debug_macro   0x00000000000041a5       0x23 ./src/cr_startup_lpc15xx.o
 .debug_macro   0x00000000000041c8      0x3e6 ./src/sysinit.o
 .debug_macro   0x00000000000045ae      0x288 /Users/ahmedphone/Documents/MCUXPRESSO_Workspace/lpc_board_nxp_lpcxpresso_1549/Debug/liblpc_board_nxp_lpcxpresso_1549.a(board_sysinit.o)
 .debug_macro   0x0000000000004836      0xa78 /Users/ahmedphone/Documents/MCUXPRESSO_Workspace/lpc_board_nxp_lpcxpresso_1549/Debug/liblpc_board_nxp_lpcxpresso_1549.a(board_sysinit.o)
 .debug_macro   0x00000000000052ae       0x10 /Users/ahmedphone/Documents/MCUXPRESSO_Workspace/lpc_board_nxp_lpcxpresso_1549/Debug/liblpc_board_nxp_lpcxpresso_1549.a(board_sysinit.o)
 .debug_macro   0x00000000000052be      0x12e /Users/ahmedphone/Documents/MCUXPRESSO_Workspace/lpc_board_nxp_lpcxpresso_1549/Debug/liblpc_board_nxp_lpcxpresso_1549.a(board_sysinit.o)
 .debug_macro   0x00000000000053ec      0x5b3 /Users/ahmedphone/Documents/MCUXPRESSO_Workspace/lpc_board_nxp_lpcxpresso_1549/Debug/liblpc_board_nxp_lpcxpresso_1549.a(board_sysinit.o)
 .debug_macro   0x000000000000599f       0x22 /Users/ahmedphone/Documents/MCUXPRESSO_Workspace/lpc_board_nxp_lpcxpresso_1549/Debug/liblpc_board_nxp_lpcxpresso_1549.a(board_sysinit.o)
 .debug_macro   0x00000000000059c1       0x9a /Users/ahmedphone/Documents/MCUXPRESSO_Workspace/lpc_board_nxp_lpcxpresso_1549/Debug/liblpc_board_nxp_lpcxpresso_1549.a(board_sysinit.o)
 .debug_macro   0x0000000000005a5b      0x239 /Users/ahmedphone/Documents/MCUXPRESSO_Workspace/lpc_chip_15xx/Debug/liblpc_chip_15xx.a(clock_15xx.o)
 .debug_macro   0x0000000000005c94      0x239 /Users/ahmedphone/Documents/MCUXPRESSO_Workspace/lpc_chip_15xx/Debug/liblpc_chip_15xx.a(iocon_15xx.o)
 .debug_macro   0x0000000000005ecd      0x245 /Users/ahmedphone/Documents/MCUXPRESSO_Workspace/lpc_chip_15xx/Debug/liblpc_chip_15xx.a(swm_15xx.o)
 .debug_macro   0x0000000000006112      0x251 /Users/ahmedphone/Documents/MCUXPRESSO_Workspace/lpc_chip_15xx/Debug/liblpc_chip_15xx.a(sysctl_15xx.o)
 .debug_macro   0x0000000000006363      0x239 /Users/ahmedphone/Documents/MCUXPRESSO_Workspace/lpc_chip_15xx/Debug/liblpc_chip_15xx.a(sysinit_15xx.o)

.debug_line     0x0000000000000000     0x3f0c
 .debug_line    0x0000000000000000      0x930 ./src/Lab2.o
 .debug_line    0x0000000000000930      0x165 ./src/cr_startup_lpc15xx.o
 .debug_line    0x0000000000000a95      0x834 ./src/sysinit.o
 .debug_line    0x00000000000012c9      0x697 /Users/ahmedphone/Documents/MCUXPRESSO_Workspace/lpc_board_nxp_lpcxpresso_1549/Debug/liblpc_board_nxp_lpcxpresso_1549.a(board_sysinit.o)
 .debug_line    0x0000000000001960      0x9b7 /Users/ahmedphone/Documents/MCUXPRESSO_Workspace/lpc_chip_15xx/Debug/liblpc_chip_15xx.a(clock_15xx.o)
 .debug_line    0x0000000000002317      0x513 /Users/ahmedphone/Documents/MCUXPRESSO_Workspace/lpc_chip_15xx/Debug/liblpc_chip_15xx.a(iocon_15xx.o)
 .debug_line    0x000000000000282a      0x57e /Users/ahmedphone/Documents/MCUXPRESSO_Workspace/lpc_chip_15xx/Debug/liblpc_chip_15xx.a(swm_15xx.o)
 .debug_line    0x0000000000002da8      0x5d3 /Users/ahmedphone/Documents/MCUXPRESSO_Workspace/lpc_chip_15xx/Debug/liblpc_chip_15xx.a(sysctl_15xx.o)
 .debug_line    0x000000000000337b      0x5f4 /Users/ahmedphone/Documents/MCUXPRESSO_Workspace/lpc_chip_15xx/Debug/liblpc_chip_15xx.a(sysinit_15xx.o)
 .debug_line    0x000000000000396f      0x1d5 /Applications/MCUXpressoIDE_11.4.1_6260/ide/plugins/com.nxp.mcuxpresso.tools.macosx_11.4.0.202103011116/tools/bin/../lib/gcc/arm-none-eabi/10.2.1/../../../../arm-none-eabi/lib/thumb/v7-m/nofp/libcr_newlib_nohost.a(_cr_sbrk.o)
 .debug_line    0x0000000000003b44       0x55 /Applications/MCUXpressoIDE_11.4.1_6260/ide/plugins/com.nxp.mcuxpresso.tools.macosx_11.4.0.202103011116/tools/bin/../lib/gcc/arm-none-eabi/10.2.1/../../../../arm-none-eabi/lib/thumb/v7-m/nofp/libcr_newlib_nohost.a(close.o)
 .debug_line    0x0000000000003b99      0x1bb /Applications/MCUXpressoIDE_11.4.1_6260/ide/plugins/com.nxp.mcuxpresso.tools.macosx_11.4.0.202103011116/tools/bin/../lib/gcc/arm-none-eabi/10.2.1/../../../../arm-none-eabi/lib/thumb/v7-m/nofp/libcr_newlib_nohost.a(fstat.o)
 .debug_line    0x0000000000003d54       0x56 /Applications/MCUXpressoIDE_11.4.1_6260/ide/plugins/com.nxp.mcuxpresso.tools.macosx_11.4.0.202103011116/tools/bin/../lib/gcc/arm-none-eabi/10.2.1/../../../../arm-none-eabi/lib/thumb/v7-m/nofp/libcr_newlib_nohost.a(isatty.o)
 .debug_line    0x0000000000003daa       0x56 /Applications/MCUXpressoIDE_11.4.1_6260/ide/plugins/com.nxp.mcuxpresso.tools.macosx_11.4.0.202103011116/tools/bin/../lib/gcc/arm-none-eabi/10.2.1/../../../../arm-none-eabi/lib/thumb/v7-m/nofp/libcr_newlib_nohost.a(lseek.o)
 .debug_line    0x0000000000003e00       0x55 /Applications/MCUXpressoIDE_11.4.1_6260/ide/plugins/com.nxp.mcuxpresso.tools.macosx_11.4.0.202103011116/tools/bin/../lib/gcc/arm-none-eabi/10.2.1/../../../../arm-none-eabi/lib/thumb/v7-m/nofp/libcr_newlib_nohost.a(read.o)
 .debug_line    0x0000000000003e55       0x56 /Applications/MCUXpressoIDE_11.4.1_6260/ide/plugins/com.nxp.mcuxpresso.tools.macosx_11.4.0.202103011116/tools/bin/../lib/gcc/arm-none-eabi/10.2.1/../../../../arm-none-eabi/lib/thumb/v7-m/nofp/libcr_newlib_nohost.a(write.o)
 .debug_line    0x0000000000003eab       0x61 /Applications/MCUXpressoIDE_11.4.1_6260/ide/plugins/com.nxp.mcuxpresso.tools.macosx_11.4.0.202103011116/tools/bin/../lib/gcc/arm-none-eabi/10.2.1/../../../../arm-none-eabi/lib/thumb/v7-m/nofp/libcr_newlib_nohost.a(_cr_check_heap.o)

.debug_str      0x0000000000000000    0x174d9
 .debug_str     0x0000000000000000    0x134fb ./src/Lab2.o
                                      0x136fc (size before relaxing)
 .debug_str     0x00000000000134fb      0x1e9 ./src/cr_startup_lpc15xx.o
                                       0x2ed3 (size before relaxing)
 .debug_str     0x00000000000136e4       0x11 ./src/sysinit.o
                                      0x132ae (size before relaxing)
 .debug_str     0x00000000000136f5     0x2948 /Users/ahmedphone/Documents/MCUXPRESSO_Workspace/lpc_board_nxp_lpcxpresso_1549/Debug/liblpc_board_nxp_lpcxpresso_1549.a(board_sysinit.o)
                                      0x10c9b (size before relaxing)
 .debug_str     0x000000000001603d      0x8ef /Users/ahmedphone/Documents/MCUXPRESSO_Workspace/lpc_chip_15xx/Debug/liblpc_chip_15xx.a(clock_15xx.o)
                                      0x10807 (size before relaxing)
 .debug_str     0x000000000001692c       0x5d /Users/ahmedphone/Documents/MCUXPRESSO_Workspace/lpc_chip_15xx/Debug/liblpc_chip_15xx.a(iocon_15xx.o)
                                       0xf9ba (size before relaxing)
 .debug_str     0x0000000000016989      0x55d /Users/ahmedphone/Documents/MCUXPRESSO_Workspace/lpc_chip_15xx/Debug/liblpc_chip_15xx.a(swm_15xx.o)
                                      0x103c2 (size before relaxing)
 .debug_str     0x0000000000016ee6      0x183 /Users/ahmedphone/Documents/MCUXPRESSO_Workspace/lpc_chip_15xx/Debug/liblpc_chip_15xx.a(sysctl_15xx.o)
                                       0xfea7 (size before relaxing)
 .debug_str     0x0000000000017069      0x13f /Users/ahmedphone/Documents/MCUXPRESSO_Workspace/lpc_chip_15xx/Debug/liblpc_chip_15xx.a(sysinit_15xx.o)
                                       0xfe96 (size before relaxing)
 .debug_str     0x00000000000171a8      0x18c /Applications/MCUXpressoIDE_11.4.1_6260/ide/plugins/com.nxp.mcuxpresso.tools.macosx_11.4.0.202103011116/tools/bin/../lib/gcc/arm-none-eabi/10.2.1/../../../../arm-none-eabi/lib/thumb/v7-m/nofp/libcr_newlib_nohost.a(_cr_sbrk.o)
                                        0x228 (size before relaxing)
 .debug_str     0x0000000000017334       0x1d /Applications/MCUXpressoIDE_11.4.1_6260/ide/plugins/com.nxp.mcuxpresso.tools.macosx_11.4.0.202103011116/tools/bin/../lib/gcc/arm-none-eabi/10.2.1/../../../../arm-none-eabi/lib/thumb/v7-m/nofp/libcr_newlib_nohost.a(close.o)
                                        0x1ce (size before relaxing)
 .debug_str     0x0000000000017351      0x106 /Applications/MCUXpressoIDE_11.4.1_6260/ide/plugins/com.nxp.mcuxpresso.tools.macosx_11.4.0.202103011116/tools/bin/../lib/gcc/arm-none-eabi/10.2.1/../../../../arm-none-eabi/lib/thumb/v7-m/nofp/libcr_newlib_nohost.a(fstat.o)
                                        0x31a (size before relaxing)
 .debug_str     0x0000000000017457       0x1d /Applications/MCUXpressoIDE_11.4.1_6260/ide/plugins/com.nxp.mcuxpresso.tools.macosx_11.4.0.202103011116/tools/bin/../lib/gcc/arm-none-eabi/10.2.1/../../../../arm-none-eabi/lib/thumb/v7-m/nofp/libcr_newlib_nohost.a(isatty.o)
                                        0x1ce (size before relaxing)
 .debug_str     0x0000000000017474       0x16 /Applications/MCUXpressoIDE_11.4.1_6260/ide/plugins/com.nxp.mcuxpresso.tools.macosx_11.4.0.202103011116/tools/bin/../lib/gcc/arm-none-eabi/10.2.1/../../../../arm-none-eabi/lib/thumb/v7-m/nofp/libcr_newlib_nohost.a(lseek.o)
                                        0x1cc (size before relaxing)
 .debug_str     0x000000000001748a       0x14 /Applications/MCUXpressoIDE_11.4.1_6260/ide/plugins/com.nxp.mcuxpresso.tools.macosx_11.4.0.202103011116/tools/bin/../lib/gcc/arm-none-eabi/10.2.1/../../../../arm-none-eabi/lib/thumb/v7-m/nofp/libcr_newlib_nohost.a(read.o)
                                        0x1ca (size before relaxing)
 .debug_str     0x000000000001749e       0x16 /Applications/MCUXpressoIDE_11.4.1_6260/ide/plugins/com.nxp.mcuxpresso.tools.macosx_11.4.0.202103011116/tools/bin/../lib/gcc/arm-none-eabi/10.2.1/../../../../arm-none-eabi/lib/thumb/v7-m/nofp/libcr_newlib_nohost.a(write.o)
                                        0x1cc (size before relaxing)
 .debug_str     0x00000000000174b4       0x25 /Applications/MCUXpressoIDE_11.4.1_6260/ide/plugins/com.nxp.mcuxpresso.tools.macosx_11.4.0.202103011116/tools/bin/../lib/gcc/arm-none-eabi/10.2.1/../../../../arm-none-eabi/lib/thumb/v7-m/nofp/libcr_newlib_nohost.a(_cr_check_heap.o)
                                        0x173 (size before relaxing)

.comment        0x0000000000000000       0x4d
 .comment       0x0000000000000000       0x4d ./src/Lab2.o
                                         0x4e (size before relaxing)
 .comment       0x000000000000004d       0x4e ./src/cr_startup_lpc15xx.o
 .comment       0x000000000000004d       0x4e ./src/sysinit.o
 .comment       0x000000000000004d       0x4e /Users/ahmedphone/Documents/MCUXPRESSO_Workspace/lpc_board_nxp_lpcxpresso_1549/Debug/liblpc_board_nxp_lpcxpresso_1549.a(board_sysinit.o)
 .comment       0x000000000000004d       0x4e /Users/ahmedphone/Documents/MCUXPRESSO_Workspace/lpc_chip_15xx/Debug/liblpc_chip_15xx.a(clock_15xx.o)
 .comment       0x000000000000004d       0x4e /Users/ahmedphone/Documents/MCUXPRESSO_Workspace/lpc_chip_15xx/Debug/liblpc_chip_15xx.a(iocon_15xx.o)
 .comment       0x000000000000004d       0x4e /Users/ahmedphone/Documents/MCUXPRESSO_Workspace/lpc_chip_15xx/Debug/liblpc_chip_15xx.a(swm_15xx.o)
 .comment       0x000000000000004d       0x4e /Users/ahmedphone/Documents/MCUXPRESSO_Workspace/lpc_chip_15xx/Debug/liblpc_chip_15xx.a(sysctl_15xx.o)
 .comment       0x000000000000004d       0x4e /Users/ahmedphone/Documents/MCUXPRESSO_Workspace/lpc_chip_15xx/Debug/liblpc_chip_15xx.a(sysinit_15xx.o)
 .comment       0x000000000000004d       0x4e /Applications/MCUXpressoIDE_11.4.1_6260/ide/plugins/com.nxp.mcuxpresso.tools.macosx_11.4.0.202103011116/tools/bin/../lib/gcc/arm-none-eabi/10.2.1/../../../../arm-none-eabi/lib/thumb/v7-m/nofp/libcr_newlib_nohost.a(_cr_sbrk.o)
 .comment       0x000000000000004d       0x4e /Applications/MCUXpressoIDE_11.4.1_6260/ide/plugins/com.nxp.mcuxpresso.tools.macosx_11.4.0.202103011116/tools/bin/../lib/gcc/arm-none-eabi/10.2.1/../../../../arm-none-eabi/lib/thumb/v7-m/nofp/libcr_newlib_nohost.a(close.o)
 .comment       0x000000000000004d       0x4e /Applications/MCUXpressoIDE_11.4.1_6260/ide/plugins/com.nxp.mcuxpresso.tools.macosx_11.4.0.202103011116/tools/bin/../lib/gcc/arm-none-eabi/10.2.1/../../../../arm-none-eabi/lib/thumb/v7-m/nofp/libcr_newlib_nohost.a(fstat.o)
 .comment       0x000000000000004d       0x4e /Applications/MCUXpressoIDE_11.4.1_6260/ide/plugins/com.nxp.mcuxpresso.tools.macosx_11.4.0.202103011116/tools/bin/../lib/gcc/arm-none-eabi/10.2.1/../../../../arm-none-eabi/lib/thumb/v7-m/nofp/libcr_newlib_nohost.a(isatty.o)
 .comment       0x000000000000004d       0x4e /Applications/MCUXpressoIDE_11.4.1_6260/ide/plugins/com.nxp.mcuxpresso.tools.macosx_11.4.0.202103011116/tools/bin/../lib/gcc/arm-none-eabi/10.2.1/../../../../arm-none-eabi/lib/thumb/v7-m/nofp/libcr_newlib_nohost.a(lseek.o)
 .comment       0x000000000000004d       0x4e /Applications/MCUXpressoIDE_11.4.1_6260/ide/plugins/com.nxp.mcuxpresso.tools.macosx_11.4.0.202103011116/tools/bin/../lib/gcc/arm-none-eabi/10.2.1/../../../../arm-none-eabi/lib/thumb/v7-m/nofp/libcr_newlib_nohost.a(read.o)
 .comment       0x000000000000004d       0x4e /Applications/MCUXpressoIDE_11.4.1_6260/ide/plugins/com.nxp.mcuxpresso.tools.macosx_11.4.0.202103011116/tools/bin/../lib/gcc/arm-none-eabi/10.2.1/../../../../arm-none-eabi/lib/thumb/v7-m/nofp/libcr_newlib_nohost.a(write.o)
 .comment       0x000000000000004d       0x4e /Applications/MCUXpressoIDE_11.4.1_6260/ide/plugins/com.nxp.mcuxpresso.tools.macosx_11.4.0.202103011116/tools/bin/../lib/gcc/arm-none-eabi/10.2.1/../../../../arm-none-eabi/lib/thumb/v7-m/nofp/libcr_newlib_nohost.a(_cr_check_heap.o)

.ARM.attributes
                0x0000000000000000       0x2d
 .ARM.attributes
                0x0000000000000000       0x2d ./src/Lab2.o
 .ARM.attributes
                0x000000000000002d       0x2d ./src/cr_startup_lpc15xx.o
 .ARM.attributes
                0x000000000000005a       0x2d ./src/sysinit.o
 .ARM.attributes
                0x0000000000000087       0x2d /Users/ahmedphone/Documents/MCUXPRESSO_Workspace/lpc_board_nxp_lpcxpresso_1549/Debug/liblpc_board_nxp_lpcxpresso_1549.a(board_sysinit.o)
 .ARM.attributes
                0x00000000000000b4       0x2d /Users/ahmedphone/Documents/MCUXPRESSO_Workspace/lpc_chip_15xx/Debug/liblpc_chip_15xx.a(clock_15xx.o)
 .ARM.attributes
                0x00000000000000e1       0x2d /Users/ahmedphone/Documents/MCUXPRESSO_Workspace/lpc_chip_15xx/Debug/liblpc_chip_15xx.a(iocon_15xx.o)
 .ARM.attributes
                0x000000000000010e       0x2d /Users/ahmedphone/Documents/MCUXPRESSO_Workspace/lpc_chip_15xx/Debug/liblpc_chip_15xx.a(swm_15xx.o)
 .ARM.attributes
                0x000000000000013b       0x2d /Users/ahmedphone/Documents/MCUXPRESSO_Workspace/lpc_chip_15xx/Debug/liblpc_chip_15xx.a(sysctl_15xx.o)
 .ARM.attributes
                0x0000000000000168       0x2d /Users/ahmedphone/Documents/MCUXPRESSO_Workspace/lpc_chip_15xx/Debug/liblpc_chip_15xx.a(sysinit_15xx.o)
 .ARM.attributes
                0x0000000000000195       0x2d /Applications/MCUXpressoIDE_11.4.1_6260/ide/plugins/com.nxp.mcuxpresso.tools.macosx_11.4.0.202103011116/tools/bin/../lib/gcc/arm-none-eabi/10.2.1/../../../../arm-none-eabi/lib/thumb/v7-m/nofp/libc_nano.a(lib_a-printf.o)
 .ARM.attributes
                0x00000000000001c2       0x2d /Applications/MCUXpressoIDE_11.4.1_6260/ide/plugins/com.nxp.mcuxpresso.tools.macosx_11.4.0.202103011116/tools/bin/../lib/gcc/arm-none-eabi/10.2.1/../../../../arm-none-eabi/lib/thumb/v7-m/nofp/libc_nano.a(lib_a-findfp.o)
 .ARM.attributes
                0x00000000000001ef       0x2d /Applications/MCUXpressoIDE_11.4.1_6260/ide/plugins/com.nxp.mcuxpresso.tools.macosx_11.4.0.202103011116/tools/bin/../lib/gcc/arm-none-eabi/10.2.1/../../../../arm-none-eabi/lib/thumb/v7-m/nofp/libc_nano.a(lib_a-fwalk.o)
 .ARM.attributes
                0x000000000000021c       0x2d /Applications/MCUXpressoIDE_11.4.1_6260/ide/plugins/com.nxp.mcuxpresso.tools.macosx_11.4.0.202103011116/tools/bin/../lib/gcc/arm-none-eabi/10.2.1/../../../../arm-none-eabi/lib/thumb/v7-m/nofp/libc_nano.a(lib_a-impure.o)
 .ARM.attributes
                0x0000000000000249       0x2d /Applications/MCUXpressoIDE_11.4.1_6260/ide/plugins/com.nxp.mcuxpresso.tools.macosx_11.4.0.202103011116/tools/bin/../lib/gcc/arm-none-eabi/10.2.1/../../../../arm-none-eabi/lib/thumb/v7-m/nofp/libc_nano.a(lib_a-lock.o)
 .ARM.attributes
                0x0000000000000276       0x2d /Applications/MCUXpressoIDE_11.4.1_6260/ide/plugins/com.nxp.mcuxpresso.tools.macosx_11.4.0.202103011116/tools/bin/../lib/gcc/arm-none-eabi/10.2.1/../../../../arm-none-eabi/lib/thumb/v7-m/nofp/libc_nano.a(lib_a-memset.o)
 .ARM.attributes
                0x00000000000002a3       0x2d /Applications/MCUXpressoIDE_11.4.1_6260/ide/plugins/com.nxp.mcuxpresso.tools.macosx_11.4.0.202103011116/tools/bin/../lib/gcc/arm-none-eabi/10.2.1/../../../../arm-none-eabi/lib/thumb/v7-m/nofp/libc_nano.a(lib_a-nano-mallocr.o)
 .ARM.attributes
                0x00000000000002d0       0x2d /Applications/MCUXpressoIDE_11.4.1_6260/ide/plugins/com.nxp.mcuxpresso.tools.macosx_11.4.0.202103011116/tools/bin/../lib/gcc/arm-none-eabi/10.2.1/../../../../arm-none-eabi/lib/thumb/v7-m/nofp/libc_nano.a(lib_a-nano-vfprintf.o)
 .ARM.attributes
                0x00000000000002fd       0x2d /Applications/MCUXpressoIDE_11.4.1_6260/ide/plugins/com.nxp.mcuxpresso.tools.macosx_11.4.0.202103011116/tools/bin/../lib/gcc/arm-none-eabi/10.2.1/../../../../arm-none-eabi/lib/thumb/v7-m/nofp/libc_nano.a(lib_a-nano-vfprintf_i.o)
 .ARM.attributes
                0x000000000000032a       0x2d /Applications/MCUXpressoIDE_11.4.1_6260/ide/plugins/com.nxp.mcuxpresso.tools.macosx_11.4.0.202103011116/tools/bin/../lib/gcc/arm-none-eabi/10.2.1/../../../../arm-none-eabi/lib/thumb/v7-m/nofp/libc_nano.a(lib_a-sbrkr.o)
 .ARM.attributes
                0x0000000000000357       0x2d /Applications/MCUXpressoIDE_11.4.1_6260/ide/plugins/com.nxp.mcuxpresso.tools.macosx_11.4.0.202103011116/tools/bin/../lib/gcc/arm-none-eabi/10.2.1/../../../../arm-none-eabi/lib/thumb/v7-m/nofp/libc_nano.a(lib_a-stdio.o)
 .ARM.attributes
                0x0000000000000384       0x2d /Applications/MCUXpressoIDE_11.4.1_6260/ide/plugins/com.nxp.mcuxpresso.tools.macosx_11.4.0.202103011116/tools/bin/../lib/gcc/arm-none-eabi/10.2.1/../../../../arm-none-eabi/lib/thumb/v7-m/nofp/libc_nano.a(lib_a-wbuf.o)
 .ARM.attributes
                0x00000000000003b1       0x2d /Applications/MCUXpressoIDE_11.4.1_6260/ide/plugins/com.nxp.mcuxpresso.tools.macosx_11.4.0.202103011116/tools/bin/../lib/gcc/arm-none-eabi/10.2.1/../../../../arm-none-eabi/lib/thumb/v7-m/nofp/libc_nano.a(lib_a-writer.o)
 .ARM.attributes
                0x00000000000003de       0x2d /Applications/MCUXpressoIDE_11.4.1_6260/ide/plugins/com.nxp.mcuxpresso.tools.macosx_11.4.0.202103011116/tools/bin/../lib/gcc/arm-none-eabi/10.2.1/../../../../arm-none-eabi/lib/thumb/v7-m/nofp/libc_nano.a(lib_a-wsetup.o)
 .ARM.attributes
                0x000000000000040b       0x2d /Applications/MCUXpressoIDE_11.4.1_6260/ide/plugins/com.nxp.mcuxpresso.tools.macosx_11.4.0.202103011116/tools/bin/../lib/gcc/arm-none-eabi/10.2.1/../../../../arm-none-eabi/lib/thumb/v7-m/nofp/libc_nano.a(lib_a-closer.o)
 .ARM.attributes
                0x0000000000000438       0x2d /Applications/MCUXpressoIDE_11.4.1_6260/ide/plugins/com.nxp.mcuxpresso.tools.macosx_11.4.0.202103011116/tools/bin/../lib/gcc/arm-none-eabi/10.2.1/../../../../arm-none-eabi/lib/thumb/v7-m/nofp/libc_nano.a(lib_a-fflush.o)
 .ARM.attributes
                0x0000000000000465       0x2d /Applications/MCUXpressoIDE_11.4.1_6260/ide/plugins/com.nxp.mcuxpresso.tools.macosx_11.4.0.202103011116/tools/bin/../lib/gcc/arm-none-eabi/10.2.1/../../../../arm-none-eabi/lib/thumb/v7-m/nofp/libc_nano.a(lib_a-lseekr.o)
 .ARM.attributes
                0x0000000000000492       0x2d /Applications/MCUXpressoIDE_11.4.1_6260/ide/plugins/com.nxp.mcuxpresso.tools.macosx_11.4.0.202103011116/tools/bin/../lib/gcc/arm-none-eabi/10.2.1/../../../../arm-none-eabi/lib/thumb/v7-m/nofp/libc_nano.a(lib_a-makebuf.o)
 .ARM.attributes
                0x00000000000004bf       0x2d /Applications/MCUXpressoIDE_11.4.1_6260/ide/plugins/com.nxp.mcuxpresso.tools.macosx_11.4.0.202103011116/tools/bin/../lib/gcc/arm-none-eabi/10.2.1/../../../../arm-none-eabi/lib/thumb/v7-m/nofp/libc_nano.a(lib_a-memchr-stub.o)
 .ARM.attributes
                0x00000000000004ec       0x2d /Applications/MCUXpressoIDE_11.4.1_6260/ide/plugins/com.nxp.mcuxpresso.tools.macosx_11.4.0.202103011116/tools/bin/../lib/gcc/arm-none-eabi/10.2.1/../../../../arm-none-eabi/lib/thumb/v7-m/nofp/libc_nano.a(lib_a-mlock.o)
 .ARM.attributes
                0x0000000000000519       0x2d /Applications/MCUXpressoIDE_11.4.1_6260/ide/plugins/com.nxp.mcuxpresso.tools.macosx_11.4.0.202103011116/tools/bin/../lib/gcc/arm-none-eabi/10.2.1/../../../../arm-none-eabi/lib/thumb/v7-m/nofp/libc_nano.a(lib_a-nano-freer.o)
 .ARM.attributes
                0x0000000000000546       0x2d /Applications/MCUXpressoIDE_11.4.1_6260/ide/plugins/com.nxp.mcuxpresso.tools.macosx_11.4.0.202103011116/tools/bin/../lib/gcc/arm-none-eabi/10.2.1/../../../../arm-none-eabi/lib/thumb/v7-m/nofp/libc_nano.a(lib_a-readr.o)
 .ARM.attributes
                0x0000000000000573       0x2d /Applications/MCUXpressoIDE_11.4.1_6260/ide/plugins/com.nxp.mcuxpresso.tools.macosx_11.4.0.202103011116/tools/bin/../lib/gcc/arm-none-eabi/10.2.1/../../../../arm-none-eabi/lib/thumb/v7-m/nofp/libc_nano.a(lib_a-reent.o)
 .ARM.attributes
                0x00000000000005a0       0x2d /Applications/MCUXpressoIDE_11.4.1_6260/ide/plugins/com.nxp.mcuxpresso.tools.macosx_11.4.0.202103011116/tools/bin/../lib/gcc/arm-none-eabi/10.2.1/../../../../arm-none-eabi/lib/thumb/v7-m/nofp/libc_nano.a(lib_a-fstatr.o)
 .ARM.attributes
                0x00000000000005cd       0x2d /Applications/MCUXpressoIDE_11.4.1_6260/ide/plugins/com.nxp.mcuxpresso.tools.macosx_11.4.0.202103011116/tools/bin/../lib/gcc/arm-none-eabi/10.2.1/../../../../arm-none-eabi/lib/thumb/v7-m/nofp/libc_nano.a(lib_a-isattyr.o)
 .ARM.attributes
                0x00000000000005fa       0x2d /Applications/MCUXpressoIDE_11.4.1_6260/ide/plugins/com.nxp.mcuxpresso.tools.macosx_11.4.0.202103011116/tools/bin/../lib/gcc/arm-none-eabi/10.2.1/../../../../arm-none-eabi/lib/thumb/v7-m/nofp/libcr_newlib_nohost.a(_cr_sbrk.o)
 .ARM.attributes
                0x0000000000000627       0x2d /Applications/MCUXpressoIDE_11.4.1_6260/ide/plugins/com.nxp.mcuxpresso.tools.macosx_11.4.0.202103011116/tools/bin/../lib/gcc/arm-none-eabi/10.2.1/../../../../arm-none-eabi/lib/thumb/v7-m/nofp/libcr_newlib_nohost.a(close.o)
 .ARM.attributes
                0x0000000000000654       0x2d /Applications/MCUXpressoIDE_11.4.1_6260/ide/plugins/com.nxp.mcuxpresso.tools.macosx_11.4.0.202103011116/tools/bin/../lib/gcc/arm-none-eabi/10.2.1/../../../../arm-none-eabi/lib/thumb/v7-m/nofp/libcr_newlib_nohost.a(fstat.o)
 .ARM.attributes
                0x0000000000000681       0x2d /Applications/MCUXpressoIDE_11.4.1_6260/ide/plugins/com.nxp.mcuxpresso.tools.macosx_11.4.0.202103011116/tools/bin/../lib/gcc/arm-none-eabi/10.2.1/../../../../arm-none-eabi/lib/thumb/v7-m/nofp/libcr_newlib_nohost.a(isatty.o)
 .ARM.attributes
                0x00000000000006ae       0x2d /Applications/MCUXpressoIDE_11.4.1_6260/ide/plugins/com.nxp.mcuxpresso.tools.macosx_11.4.0.202103011116/tools/bin/../lib/gcc/arm-none-eabi/10.2.1/../../../../arm-none-eabi/lib/thumb/v7-m/nofp/libcr_newlib_nohost.a(lseek.o)
 .ARM.attributes
                0x00000000000006db       0x2d /Applications/MCUXpressoIDE_11.4.1_6260/ide/plugins/com.nxp.mcuxpresso.tools.macosx_11.4.0.202103011116/tools/bin/../lib/gcc/arm-none-eabi/10.2.1/../../../../arm-none-eabi/lib/thumb/v7-m/nofp/libcr_newlib_nohost.a(read.o)
 .ARM.attributes
                0x0000000000000708       0x2d /Applications/MCUXpressoIDE_11.4.1_6260/ide/plugins/com.nxp.mcuxpresso.tools.macosx_11.4.0.202103011116/tools/bin/../lib/gcc/arm-none-eabi/10.2.1/../../../../arm-none-eabi/lib/thumb/v7-m/nofp/libcr_newlib_nohost.a(write.o)
 .ARM.attributes
                0x0000000000000735       0x2d /Applications/MCUXpressoIDE_11.4.1_6260/ide/plugins/com.nxp.mcuxpresso.tools.macosx_11.4.0.202103011116/tools/bin/../lib/gcc/arm-none-eabi/10.2.1/../../../../arm-none-eabi/lib/thumb/v7-m/nofp/libcr_newlib_nohost.a(_cr_check_heap.o)
 .ARM.attributes
                0x0000000000000762       0x2d /Applications/MCUXpressoIDE_11.4.1_6260/ide/plugins/com.nxp.mcuxpresso.tools.macosx_11.4.0.202103011116/tools/bin/../lib/gcc/arm-none-eabi/10.2.1/../../../../arm-none-eabi/lib/thumb/v7-m/nofp/libc_nano.a(lib_a-errno.o)

.debug_frame    0x0000000000000000     0x14bc
 .debug_frame   0x0000000000000000       0x7c ./src/Lab2.o
 .debug_frame   0x000000000000007c      0x170 ./src/cr_startup_lpc15xx.o
 .debug_frame   0x00000000000001ec       0x2c ./src/sysinit.o
 .debug_frame   0x0000000000000218      0x14c /Users/ahmedphone/Documents/MCUXPRESSO_Workspace/lpc_board_nxp_lpcxpresso_1549/Debug/liblpc_board_nxp_lpcxpresso_1549.a(board_sysinit.o)
 .debug_frame   0x0000000000000364      0x4b8 /Users/ahmedphone/Documents/MCUXPRESSO_Workspace/lpc_chip_15xx/Debug/liblpc_chip_15xx.a(clock_15xx.o)
 .debug_frame   0x000000000000081c       0x5c /Users/ahmedphone/Documents/MCUXPRESSO_Workspace/lpc_chip_15xx/Debug/liblpc_chip_15xx.a(iocon_15xx.o)
 .debug_frame   0x0000000000000878       0xd4 /Users/ahmedphone/Documents/MCUXPRESSO_Workspace/lpc_chip_15xx/Debug/liblpc_chip_15xx.a(swm_15xx.o)
 .debug_frame   0x000000000000094c      0x128 /Users/ahmedphone/Documents/MCUXPRESSO_Workspace/lpc_chip_15xx/Debug/liblpc_chip_15xx.a(sysctl_15xx.o)
 .debug_frame   0x0000000000000a74      0x134 /Users/ahmedphone/Documents/MCUXPRESSO_Workspace/lpc_chip_15xx/Debug/liblpc_chip_15xx.a(sysinit_15xx.o)
 .debug_frame   0x0000000000000ba8       0x74 /Applications/MCUXpressoIDE_11.4.1_6260/ide/plugins/com.nxp.mcuxpresso.tools.macosx_11.4.0.202103011116/tools/bin/../lib/gcc/arm-none-eabi/10.2.1/../../../../arm-none-eabi/lib/thumb/v7-m/nofp/libc_nano.a(lib_a-printf.o)
 .debug_frame   0x0000000000000c1c      0x14c /Applications/MCUXpressoIDE_11.4.1_6260/ide/plugins/com.nxp.mcuxpresso.tools.macosx_11.4.0.202103011116/tools/bin/../lib/gcc/arm-none-eabi/10.2.1/../../../../arm-none-eabi/lib/thumb/v7-m/nofp/libc_nano.a(lib_a-findfp.o)
 .debug_frame   0x0000000000000d68       0x54 /Applications/MCUXpressoIDE_11.4.1_6260/ide/plugins/com.nxp.mcuxpresso.tools.macosx_11.4.0.202103011116/tools/bin/../lib/gcc/arm-none-eabi/10.2.1/../../../../arm-none-eabi/lib/thumb/v7-m/nofp/libc_nano.a(lib_a-fwalk.o)
 .debug_frame   0x0000000000000dbc       0xb0 /Applications/MCUXpressoIDE_11.4.1_6260/ide/plugins/com.nxp.mcuxpresso.tools.macosx_11.4.0.202103011116/tools/bin/../lib/gcc/arm-none-eabi/10.2.1/../../../../arm-none-eabi/lib/thumb/v7-m/nofp/libc_nano.a(lib_a-lock.o)
 .debug_frame   0x0000000000000e6c       0x20 /Applications/MCUXpressoIDE_11.4.1_6260/ide/plugins/com.nxp.mcuxpresso.tools.macosx_11.4.0.202103011116/tools/bin/../lib/gcc/arm-none-eabi/10.2.1/../../../../arm-none-eabi/lib/thumb/v7-m/nofp/libc_nano.a(lib_a-memset.o)
 .debug_frame   0x0000000000000e8c       0x30 /Applications/MCUXpressoIDE_11.4.1_6260/ide/plugins/com.nxp.mcuxpresso.tools.macosx_11.4.0.202103011116/tools/bin/../lib/gcc/arm-none-eabi/10.2.1/../../../../arm-none-eabi/lib/thumb/v7-m/nofp/libc_nano.a(lib_a-nano-mallocr.o)
 .debug_frame   0x0000000000000ebc       0xac /Applications/MCUXpressoIDE_11.4.1_6260/ide/plugins/com.nxp.mcuxpresso.tools.macosx_11.4.0.202103011116/tools/bin/../lib/gcc/arm-none-eabi/10.2.1/../../../../arm-none-eabi/lib/thumb/v7-m/nofp/libc_nano.a(lib_a-nano-vfprintf.o)
 .debug_frame   0x0000000000000f68       0x60 /Applications/MCUXpressoIDE_11.4.1_6260/ide/plugins/com.nxp.mcuxpresso.tools.macosx_11.4.0.202103011116/tools/bin/../lib/gcc/arm-none-eabi/10.2.1/../../../../arm-none-eabi/lib/thumb/v7-m/nofp/libc_nano.a(lib_a-nano-vfprintf_i.o)
 .debug_frame   0x0000000000000fc8       0x2c /Applications/MCUXpressoIDE_11.4.1_6260/ide/plugins/com.nxp.mcuxpresso.tools.macosx_11.4.0.202103011116/tools/bin/../lib/gcc/arm-none-eabi/10.2.1/../../../../arm-none-eabi/lib/thumb/v7-m/nofp/libc_nano.a(lib_a-sbrkr.o)
 .debug_frame   0x0000000000000ff4       0x88 /Applications/MCUXpressoIDE_11.4.1_6260/ide/plugins/com.nxp.mcuxpresso.tools.macosx_11.4.0.202103011116/tools/bin/../lib/gcc/arm-none-eabi/10.2.1/../../../../arm-none-eabi/lib/thumb/v7-m/nofp/libc_nano.a(lib_a-stdio.o)
 .debug_frame   0x000000000000107c       0x40 /Applications/MCUXpressoIDE_11.4.1_6260/ide/plugins/com.nxp.mcuxpresso.tools.macosx_11.4.0.202103011116/tools/bin/../lib/gcc/arm-none-eabi/10.2.1/../../../../arm-none-eabi/lib/thumb/v7-m/nofp/libc_nano.a(lib_a-wbuf.o)
 .debug_frame   0x00000000000010bc       0x2c /Applications/MCUXpressoIDE_11.4.1_6260/ide/plugins/com.nxp.mcuxpresso.tools.macosx_11.4.0.202103011116/tools/bin/../lib/gcc/arm-none-eabi/10.2.1/../../../../arm-none-eabi/lib/thumb/v7-m/nofp/libc_nano.a(lib_a-writer.o)
 .debug_frame   0x00000000000010e8       0x2c /Applications/MCUXpressoIDE_11.4.1_6260/ide/plugins/com.nxp.mcuxpresso.tools.macosx_11.4.0.202103011116/tools/bin/../lib/gcc/arm-none-eabi/10.2.1/../../../../arm-none-eabi/lib/thumb/v7-m/nofp/libc_nano.a(lib_a-wsetup.o)
 .debug_frame   0x0000000000001114       0x2c /Applications/MCUXpressoIDE_11.4.1_6260/ide/plugins/com.nxp.mcuxpresso.tools.macosx_11.4.0.202103011116/tools/bin/../lib/gcc/arm-none-eabi/10.2.1/../../../../arm-none-eabi/lib/thumb/v7-m/nofp/libc_nano.a(lib_a-closer.o)
 .debug_frame   0x0000000000001140       0x5c /Applications/MCUXpressoIDE_11.4.1_6260/ide/plugins/com.nxp.mcuxpresso.tools.macosx_11.4.0.202103011116/tools/bin/../lib/gcc/arm-none-eabi/10.2.1/../../../../arm-none-eabi/lib/thumb/v7-m/nofp/libc_nano.a(lib_a-fflush.o)
 .debug_frame   0x000000000000119c       0x2c /Applications/MCUXpressoIDE_11.4.1_6260/ide/plugins/com.nxp.mcuxpresso.tools.macosx_11.4.0.202103011116/tools/bin/../lib/gcc/arm-none-eabi/10.2.1/../../../../arm-none-eabi/lib/thumb/v7-m/nofp/libc_nano.a(lib_a-lseekr.o)